<html>
<body>
<pre>
<h1>µVision Build Log</h1>
<h2>Project:</h2>
C:\Nuvoton\BSP Library\NUC100SeriesBSP_CMSIS_v1.05.003\NuvotonPlatform_Keil\Sample\NUC1xx-LB_002\0x_Smpl_Start_Kit_ENE335_LabXX\Smpl_Start_Kit.uvproj
Project File Date:  03/13/2019

<h2>Output:</h2>
Rebuild target 'Smpl_Start_Kit'
creating preprocessor file for core_cm0.c...
compiling core_cm0.c...
creating preprocessor file for system_NUC1xx.c...
compiling system_NUC1xx.c...
assembling startup_NUC1xx.s...
creating preprocessor file for Smpl_Start_Kit.c...
compiling Smpl_Start_Kit.c...
creating preprocessor file for LCD_Driver.c...
compiling LCD_Driver.c...
creating preprocessor file for Ascii_Table.C...
compiling Ascii_Table.C...
creating preprocessor file for Seven_Segment.c...
compiling Seven_Segment.c...
creating preprocessor file for DrvI2C.c...
compiling DrvI2C.c...
creating preprocessor file for DrvSPI.c...
compiling DrvSPI.c...
creating preprocessor file for DrvSYS.c...
compiling DrvSYS.c...
creating preprocessor file for DrvUART.c...
compiling DrvUART.c...
creating preprocessor file for DrvGPIO.c...
compiling DrvGPIO.c...
creating preprocessor file for retarget.c...
compiling retarget.c...
linking...
Program Size: Code=8804 RO-data=352 RW-data=1604 ZI-data=1236  
User command #1: fromelf --bin ".\obj\Smpl_Start_Kit.axf" --output ".\obj\Smpl_Start_Kit.bin"
User command #2: fromelf --text -c ".\obj\Smpl_Start_Kit.axf" --output ".\obj\Smpl_Start_Kit.txt"
".\obj\Smpl_Start_Kit.axf" - 0 Error(s), 0 Warning(s).
Rebuild target 'Smpl_Start_Kit'
creating preprocessor file for core_cm0.c...
compiling core_cm0.c...
creating preprocessor file for system_NUC1xx.c...
compiling system_NUC1xx.c...
assembling startup_NUC1xx.s...
creating preprocessor file for Smpl_Start_Kit.c...
compiling Smpl_Start_Kit.c...
creating preprocessor file for LCD_Driver.c...
compiling LCD_Driver.c...
creating preprocessor file for Ascii_Table.C...
compiling Ascii_Table.C...
creating preprocessor file for Seven_Segment.c...
compiling Seven_Segment.c...
creating preprocessor file for DrvI2C.c...
compiling DrvI2C.c...
creating preprocessor file for DrvSPI.c...
compiling DrvSPI.c...
creating preprocessor file for DrvSYS.c...
compiling DrvSYS.c...
creating preprocessor file for DrvUART.c...
compiling DrvUART.c...
creating preprocessor file for DrvGPIO.c...
compiling DrvGPIO.c...
creating preprocessor file for retarget.c...
compiling retarget.c...
linking...
Program Size: Code=4684 RO-data=328 RW-data=1576 ZI-data=1232  
User command #1: fromelf --bin ".\obj\Smpl_Start_Kit.axf" --output ".\obj\Smpl_Start_Kit.bin"
User command #2: fromelf --text -c ".\obj\Smpl_Start_Kit.axf" --output ".\obj\Smpl_Start_Kit.txt"
".\obj\Smpl_Start_Kit.axf" - 0 Error(s), 0 Warning(s).
Load "C:\\Nuvoton\\BSP Library\\NUC100SeriesBSP_CMSIS_v1.05.003\\NuvotonPlatform_Keil\\Sample\\NUC1xx-LB_002\\0x_Smpl_Start_Kit_ENE335_LabXX\\obj\\Smpl_Start_Kit.AXF" 
Erase Done.
Programming Done.
Verify OK.
Rebuild target 'Smpl_Start_Kit'
creating preprocessor file for core_cm0.c...
compiling core_cm0.c...
creating preprocessor file for system_NUC1xx.c...
compiling system_NUC1xx.c...
assembling startup_NUC1xx.s...
creating preprocessor file for Smpl_Start_Kit.c...
compiling Smpl_Start_Kit.c...
creating preprocessor file for LCD_Driver.c...
compiling LCD_Driver.c...
creating preprocessor file for Ascii_Table.C...
compiling Ascii_Table.C...
creating preprocessor file for Seven_Segment.c...
compiling Seven_Segment.c...
creating preprocessor file for DrvI2C.c...
compiling DrvI2C.c...
creating preprocessor file for DrvSPI.c...
compiling DrvSPI.c...
creating preprocessor file for DrvSYS.c...
compiling DrvSYS.c...
creating preprocessor file for DrvUART.c...
compiling DrvUART.c...
creating preprocessor file for DrvGPIO.c...
compiling DrvGPIO.c...
creating preprocessor file for retarget.c...
compiling retarget.c...
linking...
Program Size: Code=4904 RO-data=284 RW-data=1584 ZI-data=1232  
User command #1: fromelf --bin ".\obj\Smpl_Start_Kit.axf" --output ".\obj\Smpl_Start_Kit.bin"
User command #2: fromelf --text -c ".\obj\Smpl_Start_Kit.axf" --output ".\obj\Smpl_Start_Kit.txt"
".\obj\Smpl_Start_Kit.axf" - 0 Error(s), 0 Warning(s).
Rebuild target 'Smpl_Start_Kit'
creating preprocessor file for core_cm0.c...
compiling core_cm0.c...
creating preprocessor file for system_NUC1xx.c...
compiling system_NUC1xx.c...
assembling startup_NUC1xx.s...
creating preprocessor file for Smpl_Start_Kit.c...
compiling Smpl_Start_Kit.c...
creating preprocessor file for LCD_Driver.c...
compiling LCD_Driver.c...
creating preprocessor file for Ascii_Table.C...
compiling Ascii_Table.C...
creating preprocessor file for Seven_Segment.c...
compiling Seven_Segment.c...
creating preprocessor file for DrvI2C.c...
compiling DrvI2C.c...
creating preprocessor file for DrvSPI.c...
compiling DrvSPI.c...
creating preprocessor file for DrvSYS.c...
compiling DrvSYS.c...
creating preprocessor file for DrvUART.c...
compiling DrvUART.c...
creating preprocessor file for DrvGPIO.c...
compiling DrvGPIO.c...
creating preprocessor file for retarget.c...
compiling retarget.c...
linking...
Program Size: Code=4904 RO-data=284 RW-data=1584 ZI-data=1232  
User command #1: fromelf --bin ".\obj\Smpl_Start_Kit.axf" --output ".\obj\Smpl_Start_Kit.bin"
User command #2: fromelf --text -c ".\obj\Smpl_Start_Kit.axf" --output ".\obj\Smpl_Start_Kit.txt"
".\obj\Smpl_Start_Kit.axf" - 0 Error(s), 0 Warning(s).
Rebuild target 'Smpl_Start_Kit'
creating preprocessor file for core_cm0.c...
compiling core_cm0.c...
creating preprocessor file for system_NUC1xx.c...
compiling system_NUC1xx.c...
assembling startup_NUC1xx.s...
creating preprocessor file for Smpl_Start_Kit.c...
compiling Smpl_Start_Kit.c...
creating preprocessor file for LCD_Driver.c...
compiling LCD_Driver.c...
creating preprocessor file for Ascii_Table.C...
compiling Ascii_Table.C...
creating preprocessor file for Seven_Segment.c...
compiling Seven_Segment.c...
creating preprocessor file for DrvI2C.c...
compiling DrvI2C.c...
creating preprocessor file for DrvSPI.c...
compiling DrvSPI.c...
creating preprocessor file for DrvSYS.c...
compiling DrvSYS.c...
creating preprocessor file for DrvUART.c...
compiling DrvUART.c...
creating preprocessor file for DrvGPIO.c...
compiling DrvGPIO.c...
creating preprocessor file for retarget.c...
compiling retarget.c...
linking...
Program Size: Code=4912 RO-data=284 RW-data=1584 ZI-data=1232  
User command #1: fromelf --bin ".\obj\Smpl_Start_Kit.axf" --output ".\obj\Smpl_Start_Kit.bin"
User command #2: fromelf --text -c ".\obj\Smpl_Start_Kit.axf" --output ".\obj\Smpl_Start_Kit.txt"
".\obj\Smpl_Start_Kit.axf" - 0 Error(s), 0 Warning(s).
Load "C:\\Nuvoton\\BSP Library\\NUC100SeriesBSP_CMSIS_v1.05.003\\NuvotonPlatform_Keil\\Sample\\NUC1xx-LB_002\\0x_Smpl_Start_Kit_ENE335_LabXX\\obj\\Smpl_Start_Kit.AXF" 
Erase Done.
Programming Done.
Verify OK.
Rebuild target 'Smpl_Start_Kit'
creating preprocessor file for core_cm0.c...
compiling core_cm0.c...
creating preprocessor file for system_NUC1xx.c...
compiling system_NUC1xx.c...
assembling startup_NUC1xx.s...
creating preprocessor file for Smpl_Start_Kit.c...
compiling Smpl_Start_Kit.c...
creating preprocessor file for LCD_Driver.c...
compiling LCD_Driver.c...
creating preprocessor file for Ascii_Table.C...
compiling Ascii_Table.C...
creating preprocessor file for Seven_Segment.c...
compiling Seven_Segment.c...
creating preprocessor file for DrvI2C.c...
compiling DrvI2C.c...
creating preprocessor file for DrvSPI.c...
compiling DrvSPI.c...
creating preprocessor file for DrvSYS.c...
compiling DrvSYS.c...
creating preprocessor file for DrvUART.c...
compiling DrvUART.c...
creating preprocessor file for DrvGPIO.c...
compiling DrvGPIO.c...
creating preprocessor file for retarget.c...
compiling retarget.c...
linking...
Program Size: Code=4908 RO-data=284 RW-data=1584 ZI-data=1232  
User command #1: fromelf --bin ".\obj\Smpl_Start_Kit.axf" --output ".\obj\Smpl_Start_Kit.bin"
User command #2: fromelf --text -c ".\obj\Smpl_Start_Kit.axf" --output ".\obj\Smpl_Start_Kit.txt"
".\obj\Smpl_Start_Kit.axf" - 0 Error(s), 0 Warning(s).
Load "C:\\Nuvoton\\BSP Library\\NUC100SeriesBSP_CMSIS_v1.05.003\\NuvotonPlatform_Keil\\Sample\\NUC1xx-LB_002\\0x_Smpl_Start_Kit_ENE335_LabXX\\obj\\Smpl_Start_Kit.AXF" 
Erase Done.
Programming Done.
Verify OK.
Rebuild target 'Smpl_Start_Kit'
creating preprocessor file for core_cm0.c...
compiling core_cm0.c...
creating preprocessor file for system_NUC1xx.c...
compiling system_NUC1xx.c...
assembling startup_NUC1xx.s...
creating preprocessor file for Smpl_Start_Kit.c...
compiling Smpl_Start_Kit.c...
creating preprocessor file for LCD_Driver.c...
compiling LCD_Driver.c...
creating preprocessor file for Ascii_Table.C...
compiling Ascii_Table.C...
creating preprocessor file for Seven_Segment.c...
compiling Seven_Segment.c...
creating preprocessor file for DrvI2C.c...
compiling DrvI2C.c...
creating preprocessor file for DrvSPI.c...
compiling DrvSPI.c...
creating preprocessor file for DrvSYS.c...
compiling DrvSYS.c...
creating preprocessor file for DrvUART.c...
compiling DrvUART.c...
creating preprocessor file for DrvGPIO.c...
compiling DrvGPIO.c...
creating preprocessor file for retarget.c...
compiling retarget.c...
linking...
Program Size: Code=5244 RO-data=284 RW-data=1584 ZI-data=1232  
User command #1: fromelf --bin ".\obj\Smpl_Start_Kit.axf" --output ".\obj\Smpl_Start_Kit.bin"
User command #2: fromelf --text -c ".\obj\Smpl_Start_Kit.axf" --output ".\obj\Smpl_Start_Kit.txt"
".\obj\Smpl_Start_Kit.axf" - 0 Error(s), 0 Warning(s).
Load "C:\\Nuvoton\\BSP Library\\NUC100SeriesBSP_CMSIS_v1.05.003\\NuvotonPlatform_Keil\\Sample\\NUC1xx-LB_002\\0x_Smpl_Start_Kit_ENE335_LabXX\\obj\\Smpl_Start_Kit.AXF" 
Erase Done.
Programming Done.
Verify OK.
Rebuild target 'Smpl_Start_Kit'
creating preprocessor file for core_cm0.c...
compiling core_cm0.c...
creating preprocessor file for system_NUC1xx.c...
compiling system_NUC1xx.c...
assembling startup_NUC1xx.s...
creating preprocessor file for Smpl_Start_Kit.c...
compiling Smpl_Start_Kit.c...
creating preprocessor file for LCD_Driver.c...
compiling LCD_Driver.c...
creating preprocessor file for Ascii_Table.C...
compiling Ascii_Table.C...
creating preprocessor file for Seven_Segment.c...
compiling Seven_Segment.c...
creating preprocessor file for DrvI2C.c...
compiling DrvI2C.c...
creating preprocessor file for DrvSPI.c...
compiling DrvSPI.c...
creating preprocessor file for DrvSYS.c...
compiling DrvSYS.c...
creating preprocessor file for DrvUART.c...
compiling DrvUART.c...
creating preprocessor file for DrvGPIO.c...
compiling DrvGPIO.c...
creating preprocessor file for retarget.c...
compiling retarget.c...
linking...
Program Size: Code=5084 RO-data=284 RW-data=1584 ZI-data=1232  
User command #1: fromelf --bin ".\obj\Smpl_Start_Kit.axf" --output ".\obj\Smpl_Start_Kit.bin"
User command #2: fromelf --text -c ".\obj\Smpl_Start_Kit.axf" --output ".\obj\Smpl_Start_Kit.txt"
".\obj\Smpl_Start_Kit.axf" - 0 Error(s), 0 Warning(s).
Load "C:\\Nuvoton\\BSP Library\\NUC100SeriesBSP_CMSIS_v1.05.003\\NuvotonPlatform_Keil\\Sample\\NUC1xx-LB_002\\0x_Smpl_Start_Kit_ENE335_LabXX\\obj\\Smpl_Start_Kit.AXF" 
Erase Done.
Programming Done.
Verify OK.
Rebuild target 'Smpl_Start_Kit'
creating preprocessor file for core_cm0.c...
compiling core_cm0.c...
creating preprocessor file for system_NUC1xx.c...
compiling system_NUC1xx.c...
assembling startup_NUC1xx.s...
creating preprocessor file for Smpl_Start_Kit.c...
compiling Smpl_Start_Kit.c...
creating preprocessor file for LCD_Driver.c...
compiling LCD_Driver.c...
creating preprocessor file for Ascii_Table.C...
compiling Ascii_Table.C...
creating preprocessor file for Seven_Segment.c...
compiling Seven_Segment.c...
creating preprocessor file for DrvI2C.c...
compiling DrvI2C.c...
creating preprocessor file for DrvSPI.c...
compiling DrvSPI.c...
creating preprocessor file for DrvSYS.c...
compiling DrvSYS.c...
creating preprocessor file for DrvUART.c...
compiling DrvUART.c...
creating preprocessor file for DrvGPIO.c...
compiling DrvGPIO.c...
creating preprocessor file for retarget.c...
compiling retarget.c...
linking...
Program Size: Code=5088 RO-data=284 RW-data=1584 ZI-data=1232  
User command #1: fromelf --bin ".\obj\Smpl_Start_Kit.axf" --output ".\obj\Smpl_Start_Kit.bin"
User command #2: fromelf --text -c ".\obj\Smpl_Start_Kit.axf" --output ".\obj\Smpl_Start_Kit.txt"
".\obj\Smpl_Start_Kit.axf" - 0 Error(s), 0 Warning(s).
Load "C:\\Nuvoton\\BSP Library\\NUC100SeriesBSP_CMSIS_v1.05.003\\NuvotonPlatform_Keil\\Sample\\NUC1xx-LB_002\\0x_Smpl_Start_Kit_ENE335_LabXX\\obj\\Smpl_Start_Kit.AXF" 
Erase Done.
Programming Done.
Verify OK.
Rebuild target 'Smpl_Start_Kit'
creating preprocessor file for core_cm0.c...
compiling core_cm0.c...
creating preprocessor file for system_NUC1xx.c...
compiling system_NUC1xx.c...
assembling startup_NUC1xx.s...
creating preprocessor file for Smpl_Start_Kit.c...
compiling Smpl_Start_Kit.c...
creating preprocessor file for LCD_Driver.c...
compiling LCD_Driver.c...
creating preprocessor file for Ascii_Table.C...
compiling Ascii_Table.C...
creating preprocessor file for Seven_Segment.c...
compiling Seven_Segment.c...
creating preprocessor file for DrvI2C.c...
compiling DrvI2C.c...
creating preprocessor file for DrvSPI.c...
compiling DrvSPI.c...
creating preprocessor file for DrvSYS.c...
compiling DrvSYS.c...
creating preprocessor file for DrvUART.c...
compiling DrvUART.c...
creating preprocessor file for DrvGPIO.c...
compiling DrvGPIO.c...
creating preprocessor file for retarget.c...
compiling retarget.c...
linking...
Program Size: Code=4756 RO-data=284 RW-data=1584 ZI-data=1232  
User command #1: fromelf --bin ".\obj\Smpl_Start_Kit.axf" --output ".\obj\Smpl_Start_Kit.bin"
User command #2: fromelf --text -c ".\obj\Smpl_Start_Kit.axf" --output ".\obj\Smpl_Start_Kit.txt"
".\obj\Smpl_Start_Kit.axf" - 0 Error(s), 0 Warning(s).
Load "C:\\Nuvoton\\BSP Library\\NUC100SeriesBSP_CMSIS_v1.05.003\\NuvotonPlatform_Keil\\Sample\\NUC1xx-LB_002\\0x_Smpl_Start_Kit_ENE335_LabXX\\obj\\Smpl_Start_Kit.AXF" 
Erase Done.
Programming Done.
Verify OK.
Rebuild target 'Smpl_Start_Kit'
creating preprocessor file for core_cm0.c...
compiling core_cm0.c...
creating preprocessor file for system_NUC1xx.c...
compiling system_NUC1xx.c...
assembling startup_NUC1xx.s...
creating preprocessor file for Smpl_Start_Kit.c...
compiling Smpl_Start_Kit.c...
Smpl_Start_Kit.c(213): error:  #20: identifier "Timer0Counter" is undefined
creating preprocessor file for LCD_Driver.c...
compiling LCD_Driver.c...
creating preprocessor file for Ascii_Table.C...
compiling Ascii_Table.C...
creating preprocessor file for Seven_Segment.c...
compiling Seven_Segment.c...
creating preprocessor file for DrvI2C.c...
compiling DrvI2C.c...
creating preprocessor file for DrvSPI.c...
compiling DrvSPI.c...
creating preprocessor file for DrvSYS.c...
compiling DrvSYS.c...
creating preprocessor file for DrvUART.c...
compiling DrvUART.c...
creating preprocessor file for DrvGPIO.c...
compiling DrvGPIO.c...
creating preprocessor file for retarget.c...
compiling retarget.c...
Target not created
Rebuild target 'Smpl_Start_Kit'
creating preprocessor file for core_cm0.c...
compiling core_cm0.c...
creating preprocessor file for system_NUC1xx.c...
compiling system_NUC1xx.c...
assembling startup_NUC1xx.s...
creating preprocessor file for Smpl_Start_Kit.c...
compiling Smpl_Start_Kit.c...
creating preprocessor file for LCD_Driver.c...
compiling LCD_Driver.c...
creating preprocessor file for Ascii_Table.C...
compiling Ascii_Table.C...
creating preprocessor file for Seven_Segment.c...
compiling Seven_Segment.c...
creating preprocessor file for DrvI2C.c...
compiling DrvI2C.c...
creating preprocessor file for DrvSPI.c...
compiling DrvSPI.c...
creating preprocessor file for DrvSYS.c...
compiling DrvSYS.c...
creating preprocessor file for DrvUART.c...
compiling DrvUART.c...
creating preprocessor file for DrvGPIO.c...
compiling DrvGPIO.c...
creating preprocessor file for retarget.c...
compiling retarget.c...
linking...
Program Size: Code=5012 RO-data=304 RW-data=1588 ZI-data=1236  
User command #1: fromelf --bin ".\obj\Smpl_Start_Kit.axf" --output ".\obj\Smpl_Start_Kit.bin"
User command #2: fromelf --text -c ".\obj\Smpl_Start_Kit.axf" --output ".\obj\Smpl_Start_Kit.txt"
".\obj\Smpl_Start_Kit.axf" - 0 Error(s), 0 Warning(s).
Load "C:\\Nuvoton\\BSP Library\\NUC100SeriesBSP_CMSIS_v1.05.003\\NuvotonPlatform_Keil\\Sample\\NUC1xx-LB_002\\0x_Smpl_Start_Kit_ENE335_LabXX\\obj\\Smpl_Start_Kit.AXF" 
Erase Done.
Programming Done.
Verify OK.
Rebuild target 'Smpl_Start_Kit'
creating preprocessor file for core_cm0.c...
compiling core_cm0.c...
creating preprocessor file for system_NUC1xx.c...
compiling system_NUC1xx.c...
assembling startup_NUC1xx.s...
creating preprocessor file for Smpl_Start_Kit.c...
compiling Smpl_Start_Kit.c...
creating preprocessor file for LCD_Driver.c...
compiling LCD_Driver.c...
creating preprocessor file for Ascii_Table.C...
compiling Ascii_Table.C...
creating preprocessor file for Seven_Segment.c...
compiling Seven_Segment.c...
creating preprocessor file for DrvI2C.c...
compiling DrvI2C.c...
creating preprocessor file for DrvSPI.c...
compiling DrvSPI.c...
creating preprocessor file for DrvSYS.c...
compiling DrvSYS.c...
creating preprocessor file for DrvUART.c...
compiling DrvUART.c...
creating preprocessor file for DrvGPIO.c...
compiling DrvGPIO.c...
creating preprocessor file for retarget.c...
compiling retarget.c...
linking...
Program Size: Code=5012 RO-data=304 RW-data=1588 ZI-data=1236  
User command #1: fromelf --bin ".\obj\Smpl_Start_Kit.axf" --output ".\obj\Smpl_Start_Kit.bin"
User command #2: fromelf --text -c ".\obj\Smpl_Start_Kit.axf" --output ".\obj\Smpl_Start_Kit.txt"
".\obj\Smpl_Start_Kit.axf" - 0 Error(s), 0 Warning(s).
Load "C:\\Nuvoton\\BSP Library\\NUC100SeriesBSP_CMSIS_v1.05.003\\NuvotonPlatform_Keil\\Sample\\NUC1xx-LB_002\\0x_Smpl_Start_Kit_ENE335_LabXX\\obj\\Smpl_Start_Kit.AXF" 
Erase Done.
Programming Done.
Verify OK.
Rebuild target 'Smpl_Start_Kit'
creating preprocessor file for core_cm0.c...
compiling core_cm0.c...
creating preprocessor file for system_NUC1xx.c...
compiling system_NUC1xx.c...
assembling startup_NUC1xx.s...
creating preprocessor file for Smpl_Start_Kit.c...
compiling Smpl_Start_Kit.c...
creating preprocessor file for LCD_Driver.c...
compiling LCD_Driver.c...
creating preprocessor file for Ascii_Table.C...
compiling Ascii_Table.C...
creating preprocessor file for Seven_Segment.c...
compiling Seven_Segment.c...
creating preprocessor file for DrvI2C.c...
compiling DrvI2C.c...
creating preprocessor file for DrvSPI.c...
compiling DrvSPI.c...
creating preprocessor file for DrvSYS.c...
compiling DrvSYS.c...
creating preprocessor file for DrvUART.c...
compiling DrvUART.c...
creating preprocessor file for DrvGPIO.c...
compiling DrvGPIO.c...
creating preprocessor file for retarget.c...
compiling retarget.c...
linking...
Program Size: Code=5020 RO-data=304 RW-data=1588 ZI-data=1236  
User command #1: fromelf --bin ".\obj\Smpl_Start_Kit.axf" --output ".\obj\Smpl_Start_Kit.bin"
User command #2: fromelf --text -c ".\obj\Smpl_Start_Kit.axf" --output ".\obj\Smpl_Start_Kit.txt"
".\obj\Smpl_Start_Kit.axf" - 0 Error(s), 0 Warning(s).
Load "C:\\Nuvoton\\BSP Library\\NUC100SeriesBSP_CMSIS_v1.05.003\\NuvotonPlatform_Keil\\Sample\\NUC1xx-LB_002\\0x_Smpl_Start_Kit_ENE335_LabXX\\obj\\Smpl_Start_Kit.AXF" 
Erase Done.
Programming Done.
Verify OK.
Rebuild target 'Smpl_Start_Kit'
creating preprocessor file for core_cm0.c...
compiling core_cm0.c...
creating preprocessor file for system_NUC1xx.c...
compiling system_NUC1xx.c...
assembling startup_NUC1xx.s...
creating preprocessor file for Smpl_Start_Kit.c...
compiling Smpl_Start_Kit.c...
creating preprocessor file for LCD_Driver.c...
compiling LCD_Driver.c...
creating preprocessor file for Ascii_Table.C...
compiling Ascii_Table.C...
creating preprocessor file for Seven_Segment.c...
compiling Seven_Segment.c...
creating preprocessor file for DrvI2C.c...
compiling DrvI2C.c...
creating preprocessor file for DrvSPI.c...
compiling DrvSPI.c...
creating preprocessor file for DrvSYS.c...
compiling DrvSYS.c...
creating preprocessor file for DrvUART.c...
compiling DrvUART.c...
creating preprocessor file for DrvGPIO.c...
compiling DrvGPIO.c...
creating preprocessor file for retarget.c...
compiling retarget.c...
linking...
Program Size: Code=5184 RO-data=304 RW-data=1588 ZI-data=1236  
User command #1: fromelf --bin ".\obj\Smpl_Start_Kit.axf" --output ".\obj\Smpl_Start_Kit.bin"
User command #2: fromelf --text -c ".\obj\Smpl_Start_Kit.axf" --output ".\obj\Smpl_Start_Kit.txt"
".\obj\Smpl_Start_Kit.axf" - 0 Error(s), 0 Warning(s).
Load "C:\\Nuvoton\\BSP Library\\NUC100SeriesBSP_CMSIS_v1.05.003\\NuvotonPlatform_Keil\\Sample\\NUC1xx-LB_002\\0x_Smpl_Start_Kit_ENE335_LabXX\\obj\\Smpl_Start_Kit.AXF" 
Erase Done.
Programming Done.
Verify OK.
Rebuild target 'Smpl_Start_Kit'
creating preprocessor file for core_cm0.c...
compiling core_cm0.c...
creating preprocessor file for system_NUC1xx.c...
compiling system_NUC1xx.c...
assembling startup_NUC1xx.s...
creating preprocessor file for Smpl_Start_Kit.c...
compiling Smpl_Start_Kit.c...
creating preprocessor file for LCD_Driver.c...
compiling LCD_Driver.c...
creating preprocessor file for Ascii_Table.C...
compiling Ascii_Table.C...
creating preprocessor file for Seven_Segment.c...
compiling Seven_Segment.c...
creating preprocessor file for DrvI2C.c...
compiling DrvI2C.c...
creating preprocessor file for DrvSPI.c...
compiling DrvSPI.c...
creating preprocessor file for DrvSYS.c...
compiling DrvSYS.c...
creating preprocessor file for DrvUART.c...
compiling DrvUART.c...
creating preprocessor file for DrvGPIO.c...
compiling DrvGPIO.c...
creating preprocessor file for retarget.c...
compiling retarget.c...
linking...
Program Size: Code=5176 RO-data=304 RW-data=1588 ZI-data=1236  
User command #1: fromelf --bin ".\obj\Smpl_Start_Kit.axf" --output ".\obj\Smpl_Start_Kit.bin"
User command #2: fromelf --text -c ".\obj\Smpl_Start_Kit.axf" --output ".\obj\Smpl_Start_Kit.txt"
".\obj\Smpl_Start_Kit.axf" - 0 Error(s), 0 Warning(s).
Load "C:\\Nuvoton\\BSP Library\\NUC100SeriesBSP_CMSIS_v1.05.003\\NuvotonPlatform_Keil\\Sample\\NUC1xx-LB_002\\0x_Smpl_Start_Kit_ENE335_LabXX\\obj\\Smpl_Start_Kit.AXF" 
Erase Done.
Programming Done.
Verify OK.
Rebuild target 'Smpl_Start_Kit'
creating preprocessor file for core_cm0.c...
compiling core_cm0.c...
creating preprocessor file for system_NUC1xx.c...
compiling system_NUC1xx.c...
assembling startup_NUC1xx.s...
creating preprocessor file for Smpl_Start_Kit.c...
compiling Smpl_Start_Kit.c...
Smpl_Start_Kit.c(27): warning:  #223-D: function "DrvSYS_Delay" declared implicitly
Smpl_Start_Kit.c(27): error:  #20: identifier "DELAY300ms" is undefined
Smpl_Start_Kit.c(113): error:  #20: identifier "Alarm_E" is undefined
creating preprocessor file for LCD_Driver.c...
compiling LCD_Driver.c...
creating preprocessor file for Ascii_Table.C...
compiling Ascii_Table.C...
creating preprocessor file for Seven_Segment.c...
compiling Seven_Segment.c...
creating preprocessor file for DrvI2C.c...
compiling DrvI2C.c...
creating preprocessor file for DrvSPI.c...
compiling DrvSPI.c...
creating preprocessor file for DrvSYS.c...
compiling DrvSYS.c...
creating preprocessor file for DrvUART.c...
compiling DrvUART.c...
creating preprocessor file for DrvGPIO.c...
compiling DrvGPIO.c...
creating preprocessor file for retarget.c...
compiling retarget.c...
Target not created
Rebuild target 'Smpl_Start_Kit'
creating preprocessor file for core_cm0.c...
compiling core_cm0.c...
creating preprocessor file for system_NUC1xx.c...
compiling system_NUC1xx.c...
assembling startup_NUC1xx.s...
creating preprocessor file for Smpl_Start_Kit.c...
compiling Smpl_Start_Kit.c...
Smpl_Start_Kit.c(30): warning:  #223-D: function "DrvSYS_Delay" declared implicitly
Smpl_Start_Kit.c(22): warning:  #550-D: variable "Alarm_E" was set but never used
creating preprocessor file for LCD_Driver.c...
compiling LCD_Driver.c...
creating preprocessor file for Ascii_Table.C...
compiling Ascii_Table.C...
creating preprocessor file for Seven_Segment.c...
compiling Seven_Segment.c...
creating preprocessor file for DrvI2C.c...
compiling DrvI2C.c...
creating preprocessor file for DrvSPI.c...
compiling DrvSPI.c...
creating preprocessor file for DrvSYS.c...
compiling DrvSYS.c...
creating preprocessor file for DrvUART.c...
compiling DrvUART.c...
creating preprocessor file for DrvGPIO.c...
compiling DrvGPIO.c...
creating preprocessor file for retarget.c...
compiling retarget.c...
linking...
Program Size: Code=6044 RO-data=392 RW-data=1588 ZI-data=1236  
User command #1: fromelf --bin ".\obj\Smpl_Start_Kit.axf" --output ".\obj\Smpl_Start_Kit.bin"
User command #2: fromelf --text -c ".\obj\Smpl_Start_Kit.axf" --output ".\obj\Smpl_Start_Kit.txt"
".\obj\Smpl_Start_Kit.axf" - 0 Error(s), 2 Warning(s).
Rebuild target 'Smpl_Start_Kit'
creating preprocessor file for core_cm0.c...
compiling core_cm0.c...
creating preprocessor file for system_NUC1xx.c...
compiling system_NUC1xx.c...
assembling startup_NUC1xx.s...
creating preprocessor file for Smpl_Start_Kit.c...
compiling Smpl_Start_Kit.c...
Smpl_Start_Kit.c(24): warning:  #550-D: variable "Alarm_E" was set but never used
creating preprocessor file for LCD_Driver.c...
compiling LCD_Driver.c...
creating preprocessor file for Ascii_Table.C...
compiling Ascii_Table.C...
creating preprocessor file for Seven_Segment.c...
compiling Seven_Segment.c...
creating preprocessor file for DrvI2C.c...
compiling DrvI2C.c...
creating preprocessor file for ScanKey.c...
compiling ScanKey.c...
creating preprocessor file for DrvSPI.c...
compiling DrvSPI.c...
creating preprocessor file for DrvSYS.c...
compiling DrvSYS.c...
creating preprocessor file for DrvUART.c...
compiling DrvUART.c...
creating preprocessor file for DrvGPIO.c...
compiling DrvGPIO.c...
creating preprocessor file for retarget.c...
compiling retarget.c...
linking...
Program Size: Code=6480 RO-data=400 RW-data=1588 ZI-data=1236  
User command #1: fromelf --bin ".\obj\Smpl_Start_Kit.axf" --output ".\obj\Smpl_Start_Kit.bin"
User command #2: fromelf --text -c ".\obj\Smpl_Start_Kit.axf" --output ".\obj\Smpl_Start_Kit.txt"
".\obj\Smpl_Start_Kit.axf" - 0 Error(s), 1 Warning(s).
Rebuild target 'Smpl_Start_Kit'
creating preprocessor file for core_cm0.c...
compiling core_cm0.c...
creating preprocessor file for system_NUC1xx.c...
compiling system_NUC1xx.c...
assembling startup_NUC1xx.s...
creating preprocessor file for Smpl_Start_Kit.c...
compiling Smpl_Start_Kit.c...
creating preprocessor file for LCD_Driver.c...
compiling LCD_Driver.c...
creating preprocessor file for Ascii_Table.C...
compiling Ascii_Table.C...
creating preprocessor file for Seven_Segment.c...
compiling Seven_Segment.c...
creating preprocessor file for DrvI2C.c...
compiling DrvI2C.c...
creating preprocessor file for ScanKey.c...
compiling ScanKey.c...
creating preprocessor file for DrvSPI.c...
compiling DrvSPI.c...
creating preprocessor file for DrvSYS.c...
compiling DrvSYS.c...
creating preprocessor file for DrvUART.c...
compiling DrvUART.c...
creating preprocessor file for DrvGPIO.c...
compiling DrvGPIO.c...
creating preprocessor file for retarget.c...
compiling retarget.c...
linking...
Program Size: Code=6448 RO-data=400 RW-data=1588 ZI-data=1236  
User command #1: fromelf --bin ".\obj\Smpl_Start_Kit.axf" --output ".\obj\Smpl_Start_Kit.bin"
User command #2: fromelf --text -c ".\obj\Smpl_Start_Kit.axf" --output ".\obj\Smpl_Start_Kit.txt"
".\obj\Smpl_Start_Kit.axf" - 0 Error(s), 0 Warning(s).
Rebuild target 'Smpl_Start_Kit'
creating preprocessor file for core_cm0.c...
compiling core_cm0.c...
creating preprocessor file for system_NUC1xx.c...
compiling system_NUC1xx.c...
assembling startup_NUC1xx.s...
creating preprocessor file for Smpl_Start_Kit.c...
compiling Smpl_Start_Kit.c...
Smpl_Start_Kit.c(412): warning:  #223-D: function "HEX2Disp" declared implicitly
creating preprocessor file for LCD_Driver.c...
compiling LCD_Driver.c...
creating preprocessor file for Ascii_Table.C...
compiling Ascii_Table.C...
creating preprocessor file for Seven_Segment.c...
compiling Seven_Segment.c...
creating preprocessor file for DrvI2C.c...
compiling DrvI2C.c...
creating preprocessor file for ScanKey.c...
compiling ScanKey.c...
creating preprocessor file for DrvSPI.c...
compiling DrvSPI.c...
creating preprocessor file for DrvSYS.c...
compiling DrvSYS.c...
creating preprocessor file for DrvUART.c...
compiling DrvUART.c...
creating preprocessor file for DrvGPIO.c...
compiling DrvGPIO.c...
creating preprocessor file for retarget.c...
compiling retarget.c...
linking...
.\obj\Smpl_Start_Kit.axf: Error: L6218E: Undefined symbol HEX2Disp (referred from smpl_start_kit.o).
Target not created
Rebuild target 'Smpl_Start_Kit'
creating preprocessor file for core_cm0.c...
compiling core_cm0.c...
creating preprocessor file for system_NUC1xx.c...
compiling system_NUC1xx.c...
assembling startup_NUC1xx.s...
creating preprocessor file for Smpl_Start_Kit.c...
compiling Smpl_Start_Kit.c...
creating preprocessor file for LCD_Driver.c...
compiling LCD_Driver.c...
creating preprocessor file for Ascii_Table.C...
compiling Ascii_Table.C...
creating preprocessor file for Seven_Segment.c...
compiling Seven_Segment.c...
creating preprocessor file for DrvI2C.c...
compiling DrvI2C.c...
creating preprocessor file for ScanKey.c...
compiling ScanKey.c...
creating preprocessor file for DrvSPI.c...
compiling DrvSPI.c...
creating preprocessor file for DrvSYS.c...
compiling DrvSYS.c...
creating preprocessor file for DrvUART.c...
compiling DrvUART.c...
creating preprocessor file for DrvGPIO.c...
compiling DrvGPIO.c...
creating preprocessor file for retarget.c...
compiling retarget.c...
linking...
Program Size: Code=6448 RO-data=416 RW-data=1592 ZI-data=1232  
User command #1: fromelf --bin ".\obj\Smpl_Start_Kit.axf" --output ".\obj\Smpl_Start_Kit.bin"
User command #2: fromelf --text -c ".\obj\Smpl_Start_Kit.axf" --output ".\obj\Smpl_Start_Kit.txt"
".\obj\Smpl_Start_Kit.axf" - 0 Error(s), 0 Warning(s).
Load "C:\\Nuvoton\\BSP Library\\NUC100SeriesBSP_CMSIS_v1.05.003\\NuvotonPlatform_Keil\\Sample\\NUC1xx-LB_002\\0x_Smpl_Start_Kit_ENE335_LabXX\\obj\\Smpl_Start_Kit.AXF" 
Erase Done.
Programming Done.
Verify OK.
Rebuild target 'Smpl_Start_Kit'
creating preprocessor file for core_cm0.c...
compiling core_cm0.c...
creating preprocessor file for system_NUC1xx.c...
compiling system_NUC1xx.c...
assembling startup_NUC1xx.s...
creating preprocessor file for Smpl_Start_Kit.c...
compiling Smpl_Start_Kit.c...
Smpl_Start_Kit.c(105): warning:  #187-D: use of "=" where "==" may have been intended
Smpl_Start_Kit.c(106): warning:  #223-D: function "disp2Digit8574_inDec" declared implicitly
Smpl_Start_Kit.c(417): error:  #159: declaration is incompatible with previous "disp2Digit8574_inDec" (declared at line 106)
creating preprocessor file for LCD_Driver.c...
compiling LCD_Driver.c...
creating preprocessor file for Ascii_Table.C...
compiling Ascii_Table.C...
creating preprocessor file for Seven_Segment.c...
compiling Seven_Segment.c...
creating preprocessor file for DrvI2C.c...
compiling DrvI2C.c...
creating preprocessor file for ScanKey.c...
compiling ScanKey.c...
creating preprocessor file for DrvSPI.c...
compiling DrvSPI.c...
creating preprocessor file for DrvSYS.c...
compiling DrvSYS.c...
creating preprocessor file for DrvUART.c...
compiling DrvUART.c...
creating preprocessor file for DrvGPIO.c...
compiling DrvGPIO.c...
creating preprocessor file for retarget.c...
compiling retarget.c...
Target not created
Rebuild target 'Smpl_Start_Kit'
creating preprocessor file for core_cm0.c...
compiling core_cm0.c...
creating preprocessor file for system_NUC1xx.c...
compiling system_NUC1xx.c...
assembling startup_NUC1xx.s...
creating preprocessor file for Smpl_Start_Kit.c...
compiling Smpl_Start_Kit.c...
Smpl_Start_Kit.c(106): warning:  #223-D: function "disp2Digit8574_inDec" declared implicitly
Smpl_Start_Kit.c(417): error:  #159: declaration is incompatible with previous "disp2Digit8574_inDec" (declared at line 106)
creating preprocessor file for LCD_Driver.c...
compiling LCD_Driver.c...
creating preprocessor file for Ascii_Table.C...
compiling Ascii_Table.C...
creating preprocessor file for Seven_Segment.c...
compiling Seven_Segment.c...
creating preprocessor file for DrvI2C.c...
compiling DrvI2C.c...
creating preprocessor file for ScanKey.c...
compiling ScanKey.c...
creating preprocessor file for DrvSPI.c...
compiling DrvSPI.c...
creating preprocessor file for DrvSYS.c...
compiling DrvSYS.c...
creating preprocessor file for DrvUART.c...
compiling DrvUART.c...
creating preprocessor file for DrvGPIO.c...
compiling DrvGPIO.c...
creating preprocessor file for retarget.c...
compiling retarget.c...
Target not created
Rebuild target 'Smpl_Start_Kit'
creating preprocessor file for core_cm0.c...
compiling core_cm0.c...
creating preprocessor file for system_NUC1xx.c...
compiling system_NUC1xx.c...
assembling startup_NUC1xx.s...
creating preprocessor file for Smpl_Start_Kit.c...
compiling Smpl_Start_Kit.c...
creating preprocessor file for LCD_Driver.c...
compiling LCD_Driver.c...
creating preprocessor file for Ascii_Table.C...
compiling Ascii_Table.C...
creating preprocessor file for Seven_Segment.c...
compiling Seven_Segment.c...
creating preprocessor file for DrvI2C.c...
compiling DrvI2C.c...
creating preprocessor file for ScanKey.c...
compiling ScanKey.c...
creating preprocessor file for DrvSPI.c...
compiling DrvSPI.c...
creating preprocessor file for DrvSYS.c...
compiling DrvSYS.c...
creating preprocessor file for DrvUART.c...
compiling DrvUART.c...
creating preprocessor file for DrvGPIO.c...
compiling DrvGPIO.c...
creating preprocessor file for retarget.c...
compiling retarget.c...
linking...
Program Size: Code=7384 RO-data=432 RW-data=1620 ZI-data=1236  
User command #1: fromelf --bin ".\obj\Smpl_Start_Kit.axf" --output ".\obj\Smpl_Start_Kit.bin"
User command #2: fromelf --text -c ".\obj\Smpl_Start_Kit.axf" --output ".\obj\Smpl_Start_Kit.txt"
".\obj\Smpl_Start_Kit.axf" - 0 Error(s), 0 Warning(s).
Load "C:\\Nuvoton\\BSP Library\\NUC100SeriesBSP_CMSIS_v1.05.003\\NuvotonPlatform_Keil\\Sample\\NUC1xx-LB_002\\0x_Smpl_Start_Kit_ENE335_LabXX\\obj\\Smpl_Start_Kit.AXF" 
Erase Done.
Programming Done.
Verify OK.
Rebuild target 'Smpl_Start_Kit'
creating preprocessor file for core_cm0.c...
compiling core_cm0.c...
creating preprocessor file for system_NUC1xx.c...
compiling system_NUC1xx.c...
assembling startup_NUC1xx.s...
creating preprocessor file for Smpl_Start_Kit.c...
compiling Smpl_Start_Kit.c...
creating preprocessor file for LCD_Driver.c...
compiling LCD_Driver.c...
creating preprocessor file for Ascii_Table.C...
compiling Ascii_Table.C...
creating preprocessor file for Seven_Segment.c...
compiling Seven_Segment.c...
creating preprocessor file for DrvI2C.c...
compiling DrvI2C.c...
creating preprocessor file for ScanKey.c...
compiling ScanKey.c...
creating preprocessor file for DrvSPI.c...
compiling DrvSPI.c...
creating preprocessor file for DrvSYS.c...
compiling DrvSYS.c...
creating preprocessor file for DrvUART.c...
compiling DrvUART.c...
creating preprocessor file for DrvGPIO.c...
compiling DrvGPIO.c...
creating preprocessor file for retarget.c...
compiling retarget.c...
linking...
Program Size: Code=7388 RO-data=432 RW-data=1620 ZI-data=1236  
User command #1: fromelf --bin ".\obj\Smpl_Start_Kit.axf" --output ".\obj\Smpl_Start_Kit.bin"
User command #2: fromelf --text -c ".\obj\Smpl_Start_Kit.axf" --output ".\obj\Smpl_Start_Kit.txt"
".\obj\Smpl_Start_Kit.axf" - 0 Error(s), 0 Warning(s).
Load "C:\\Nuvoton\\BSP Library\\NUC100SeriesBSP_CMSIS_v1.05.003\\NuvotonPlatform_Keil\\Sample\\NUC1xx-LB_002\\0x_Smpl_Start_Kit_ENE335_LabXX\\obj\\Smpl_Start_Kit.AXF" 
Erase Done.
Programming Done.
Load "C:\\Nuvoton\\BSP Library\\NUC100SeriesBSP_CMSIS_v1.05.003\\NuvotonPlatform_Keil\\Sample\\NUC1xx-LB_002\\0x_Smpl_Start_Kit_ENE335_LabXX\\obj\\Smpl_Start_Kit.AXF" 
Erase Done.
Programming Done.
Verify OK.
Rebuild target 'Smpl_Start_Kit'
creating preprocessor file for core_cm0.c...
compiling core_cm0.c...
creating preprocessor file for system_NUC1xx.c...
compiling system_NUC1xx.c...
assembling startup_NUC1xx.s...
creating preprocessor file for Smpl_Start_Kit.c...
compiling Smpl_Start_Kit.c...
creating preprocessor file for LCD_Driver.c...
compiling LCD_Driver.c...
creating preprocessor file for Ascii_Table.C...
compiling Ascii_Table.C...
creating preprocessor file for Seven_Segment.c...
compiling Seven_Segment.c...
creating preprocessor file for DrvI2C.c...
compiling DrvI2C.c...
creating preprocessor file for ScanKey.c...
compiling ScanKey.c...
creating preprocessor file for DrvSPI.c...
compiling DrvSPI.c...
creating preprocessor file for DrvSYS.c...
compiling DrvSYS.c...
creating preprocessor file for DrvUART.c...
compiling DrvUART.c...
creating preprocessor file for DrvGPIO.c...
compiling DrvGPIO.c...
creating preprocessor file for retarget.c...
compiling retarget.c...
linking...
Program Size: Code=7384 RO-data=432 RW-data=1620 ZI-data=1236  
User command #1: fromelf --bin ".\obj\Smpl_Start_Kit.axf" --output ".\obj\Smpl_Start_Kit.bin"
User command #2: fromelf --text -c ".\obj\Smpl_Start_Kit.axf" --output ".\obj\Smpl_Start_Kit.txt"
".\obj\Smpl_Start_Kit.axf" - 0 Error(s), 0 Warning(s).
Load "C:\\Nuvoton\\BSP Library\\NUC100SeriesBSP_CMSIS_v1.05.003\\NuvotonPlatform_Keil\\Sample\\NUC1xx-LB_002\\0x_Smpl_Start_Kit_ENE335_LabXX\\obj\\Smpl_Start_Kit.AXF" 
Erase Done.
Programming Done.
Verify OK.
Rebuild target 'Smpl_Start_Kit'
creating preprocessor file for core_cm0.c...
compiling core_cm0.c...
creating preprocessor file for system_NUC1xx.c...
compiling system_NUC1xx.c...
assembling startup_NUC1xx.s...
creating preprocessor file for Smpl_Start_Kit.c...
compiling Smpl_Start_Kit.c...
creating preprocessor file for LCD_Driver.c...
compiling LCD_Driver.c...
creating preprocessor file for Ascii_Table.C...
compiling Ascii_Table.C...
creating preprocessor file for Seven_Segment.c...
compiling Seven_Segment.c...
creating preprocessor file for DrvI2C.c...
compiling DrvI2C.c...
creating preprocessor file for ScanKey.c...
compiling ScanKey.c...
creating preprocessor file for DrvSPI.c...
compiling DrvSPI.c...
creating preprocessor file for DrvSYS.c...
compiling DrvSYS.c...
creating preprocessor file for DrvUART.c...
compiling DrvUART.c...
creating preprocessor file for DrvGPIO.c...
compiling DrvGPIO.c...
creating preprocessor file for retarget.c...
compiling retarget.c...
linking...
Program Size: Code=7288 RO-data=432 RW-data=1620 ZI-data=1236  
User command #1: fromelf --bin ".\obj\Smpl_Start_Kit.axf" --output ".\obj\Smpl_Start_Kit.bin"
User command #2: fromelf --text -c ".\obj\Smpl_Start_Kit.axf" --output ".\obj\Smpl_Start_Kit.txt"
".\obj\Smpl_Start_Kit.axf" - 0 Error(s), 0 Warning(s).
Load "C:\\Nuvoton\\BSP Library\\NUC100SeriesBSP_CMSIS_v1.05.003\\NuvotonPlatform_Keil\\Sample\\NUC1xx-LB_002\\0x_Smpl_Start_Kit_ENE335_LabXX\\obj\\Smpl_Start_Kit.AXF" 
Erase Done.
Programming Done.
Verify OK.
Rebuild target 'Smpl_Start_Kit'
creating preprocessor file for core_cm0.c...
compiling core_cm0.c...
creating preprocessor file for system_NUC1xx.c...
compiling system_NUC1xx.c...
assembling startup_NUC1xx.s...
creating preprocessor file for Smpl_Start_Kit.c...
compiling Smpl_Start_Kit.c...
Smpl_Start_Kit.c(269): warning:  #177-D: variable "lcd_line1" was declared but never referenced
Smpl_Start_Kit.c(401): warning:  #111-D: statement is unreachable
Smpl_Start_Kit.c(34): warning:  #550-D: variable "GlobalKey" was set but never used
Smpl_Start_Kit.c(38): warning:  #177-D: variable "date" was declared but never referenced
creating preprocessor file for LCD_Driver.c...
compiling LCD_Driver.c...
creating preprocessor file for Ascii_Table.C...
compiling Ascii_Table.C...
creating preprocessor file for Seven_Segment.c...
compiling Seven_Segment.c...
creating preprocessor file for DrvI2C.c...
compiling DrvI2C.c...
creating preprocessor file for ScanKey.c...
compiling ScanKey.c...
creating preprocessor file for DrvSPI.c...
compiling DrvSPI.c...
creating preprocessor file for DrvSYS.c...
compiling DrvSYS.c...
creating preprocessor file for DrvUART.c...
compiling DrvUART.c...
creating preprocessor file for DrvGPIO.c...
compiling DrvGPIO.c...
creating preprocessor file for retarget.c...
compiling retarget.c...
linking...
Program Size: Code=9164 RO-data=408 RW-data=1624 ZI-data=1232  
User command #1: fromelf --bin ".\obj\Smpl_Start_Kit.axf" --output ".\obj\Smpl_Start_Kit.bin"
User command #2: fromelf --text -c ".\obj\Smpl_Start_Kit.axf" --output ".\obj\Smpl_Start_Kit.txt"
".\obj\Smpl_Start_Kit.axf" - 0 Error(s), 4 Warning(s).
Load "C:\\Nuvoton\\BSP Library\\NUC100SeriesBSP_CMSIS_v1.05.003\\NuvotonPlatform_Keil\\Sample\\NUC1xx-LB_002\\0x_Smpl_Start_Kit_ENE335_LabXX\\obj\\Smpl_Start_Kit.AXF" 
Erase Done.
Programming Done.
Verify OK.
Rebuild target 'Smpl_Start_Kit'
creating preprocessor file for core_cm0.c...
compiling core_cm0.c...
creating preprocessor file for system_NUC1xx.c...
compiling system_NUC1xx.c...
assembling startup_NUC1xx.s...
creating preprocessor file for Smpl_Start_Kit.c...
compiling Smpl_Start_Kit.c...
creating preprocessor file for LCD_Driver.c...
compiling LCD_Driver.c...
creating preprocessor file for Ascii_Table.C...
compiling Ascii_Table.C...
creating preprocessor file for Seven_Segment.c...
compiling Seven_Segment.c...
creating preprocessor file for DrvI2C.c...
compiling DrvI2C.c...
creating preprocessor file for ScanKey.c...
compiling ScanKey.c...
creating preprocessor file for DrvSPI.c...
compiling DrvSPI.c...
creating preprocessor file for DrvSYS.c...
compiling DrvSYS.c...
creating preprocessor file for DrvUART.c...
compiling DrvUART.c...
creating preprocessor file for DrvGPIO.c...
compiling DrvGPIO.c...
creating preprocessor file for retarget.c...
compiling retarget.c...
linking...
Program Size: Code=6928 RO-data=260 RW-data=1600 ZI-data=1232  
User command #1: fromelf --bin ".\obj\Smpl_Start_Kit.axf" --output ".\obj\Smpl_Start_Kit.bin"
User command #2: fromelf --text -c ".\obj\Smpl_Start_Kit.axf" --output ".\obj\Smpl_Start_Kit.txt"
".\obj\Smpl_Start_Kit.axf" - 0 Error(s), 0 Warning(s).
Load "C:\\Nuvoton\\BSP Library\\NUC100SeriesBSP_CMSIS_v1.05.003\\NuvotonPlatform_Keil\\Sample\\NUC1xx-LB_002\\0x_Smpl_Start_Kit_ENE335_LabXX\\obj\\Smpl_Start_Kit.AXF" 
Erase Done.
Programming Done.
Verify OK.
Rebuild target 'Smpl_Start_Kit'
creating preprocessor file for core_cm0.c...
compiling core_cm0.c...
creating preprocessor file for system_NUC1xx.c...
compiling system_NUC1xx.c...
assembling startup_NUC1xx.s...
creating preprocessor file for Smpl_Start_Kit.c...
compiling Smpl_Start_Kit.c...
creating preprocessor file for LCD_Driver.c...
compiling LCD_Driver.c...
creating preprocessor file for Ascii_Table.C...
compiling Ascii_Table.C...
creating preprocessor file for Seven_Segment.c...
compiling Seven_Segment.c...
creating preprocessor file for DrvI2C.c...
compiling DrvI2C.c...
creating preprocessor file for ScanKey.c...
compiling ScanKey.c...
creating preprocessor file for DrvSPI.c...
compiling DrvSPI.c...
creating preprocessor file for DrvSYS.c...
compiling DrvSYS.c...
creating preprocessor file for DrvUART.c...
compiling DrvUART.c...
creating preprocessor file for DrvGPIO.c...
compiling DrvGPIO.c...
creating preprocessor file for retarget.c...
compiling retarget.c...
linking...
Program Size: Code=7288 RO-data=432 RW-data=1620 ZI-data=1236  
User command #1: fromelf --bin ".\obj\Smpl_Start_Kit.axf" --output ".\obj\Smpl_Start_Kit.bin"
User command #2: fromelf --text -c ".\obj\Smpl_Start_Kit.axf" --output ".\obj\Smpl_Start_Kit.txt"
".\obj\Smpl_Start_Kit.axf" - 0 Error(s), 0 Warning(s).
Load "C:\\Nuvoton\\BSP Library\\NUC100SeriesBSP_CMSIS_v1.05.003\\NuvotonPlatform_Keil\\Sample\\NUC1xx-LB_002\\0x_Smpl_Start_Kit_ENE335_LabXX\\obj\\Smpl_Start_Kit.AXF" 
Erase Done.
Programming Done.
Verify OK.
Rebuild target 'Smpl_Start_Kit'
creating preprocessor file for core_cm0.c...
compiling core_cm0.c...
creating preprocessor file for system_NUC1xx.c...
compiling system_NUC1xx.c...
assembling startup_NUC1xx.s...
creating preprocessor file for Smpl_Start_Kit.c...
compiling Smpl_Start_Kit.c...
creating preprocessor file for LCD_Driver.c...
compiling LCD_Driver.c...
creating preprocessor file for Ascii_Table.C...
compiling Ascii_Table.C...
creating preprocessor file for Seven_Segment.c...
compiling Seven_Segment.c...
creating preprocessor file for DrvI2C.c...
compiling DrvI2C.c...
creating preprocessor file for ScanKey.c...
compiling ScanKey.c...
creating preprocessor file for DrvSPI.c...
compiling DrvSPI.c...
creating preprocessor file for DrvSYS.c...
compiling DrvSYS.c...
creating preprocessor file for DrvUART.c...
compiling DrvUART.c...
creating preprocessor file for DrvGPIO.c...
compiling DrvGPIO.c...
creating preprocessor file for retarget.c...
compiling retarget.c...
linking...
Program Size: Code=7332 RO-data=432 RW-data=1620 ZI-data=1236  
User command #1: fromelf --bin ".\obj\Smpl_Start_Kit.axf" --output ".\obj\Smpl_Start_Kit.bin"
User command #2: fromelf --text -c ".\obj\Smpl_Start_Kit.axf" --output ".\obj\Smpl_Start_Kit.txt"
".\obj\Smpl_Start_Kit.axf" - 0 Error(s), 0 Warning(s).
Load "C:\\Nuvoton\\BSP Library\\NUC100SeriesBSP_CMSIS_v1.05.003\\NuvotonPlatform_Keil\\Sample\\NUC1xx-LB_002\\0x_Smpl_Start_Kit_ENE335_LabXX\\obj\\Smpl_Start_Kit.AXF" 
Load "C:\\Nuvoton\\BSP Library\\NUC100SeriesBSP_CMSIS_v1.05.003\\NuvotonPlatform_Keil\\Sample\\NUC1xx-LB_002\\0x_Smpl_Start_Kit_ENE335_LabXX\\obj\\Smpl_Start_Kit.AXF" 
Rebuild target 'Smpl_Start_Kit'
creating preprocessor file for core_cm0.c...
compiling core_cm0.c...
creating preprocessor file for system_NUC1xx.c...
compiling system_NUC1xx.c...
assembling startup_NUC1xx.s...
creating preprocessor file for Smpl_Start_Kit.c...
compiling Smpl_Start_Kit.c...
creating preprocessor file for LCD_Driver.c...
compiling LCD_Driver.c...
creating preprocessor file for Ascii_Table.C...
compiling Ascii_Table.C...
creating preprocessor file for Seven_Segment.c...
compiling Seven_Segment.c...
creating preprocessor file for DrvI2C.c...
compiling DrvI2C.c...
creating preprocessor file for ScanKey.c...
compiling ScanKey.c...
creating preprocessor file for DrvSPI.c...
compiling DrvSPI.c...
creating preprocessor file for DrvSYS.c...
compiling DrvSYS.c...
creating preprocessor file for DrvUART.c...
compiling DrvUART.c...
creating preprocessor file for DrvGPIO.c...
compiling DrvGPIO.c...
creating preprocessor file for retarget.c...
compiling retarget.c...
linking...
Program Size: Code=7332 RO-data=432 RW-data=1620 ZI-data=1236  
User command #1: fromelf --bin ".\obj\Smpl_Start_Kit.axf" --output ".\obj\Smpl_Start_Kit.bin"
User command #2: fromelf --text -c ".\obj\Smpl_Start_Kit.axf" --output ".\obj\Smpl_Start_Kit.txt"
".\obj\Smpl_Start_Kit.axf" - 0 Error(s), 0 Warning(s).
Load "C:\\Nuvoton\\BSP Library\\NUC100SeriesBSP_CMSIS_v1.05.003\\NuvotonPlatform_Keil\\Sample\\NUC1xx-LB_002\\0x_Smpl_Start_Kit_ENE335_LabXX\\obj\\Smpl_Start_Kit.AXF" 
Erase Done.
Programming Done.
Verify OK.
Rebuild target 'Smpl_Start_Kit'
creating preprocessor file for core_cm0.c...
compiling core_cm0.c...
creating preprocessor file for system_NUC1xx.c...
compiling system_NUC1xx.c...
assembling startup_NUC1xx.s...
creating preprocessor file for Smpl_Start_Kit.c...
compiling Smpl_Start_Kit.c...
Smpl_Start_Kit.c(269): warning:  #177-D: variable "lcd_line1" was declared but never referenced
Smpl_Start_Kit.c(401): warning:  #111-D: statement is unreachable
Smpl_Start_Kit.c(34): warning:  #550-D: variable "GlobalKey" was set but never used
Smpl_Start_Kit.c(38): warning:  #177-D: variable "date" was declared but never referenced
creating preprocessor file for LCD_Driver.c...
compiling LCD_Driver.c...
creating preprocessor file for Ascii_Table.C...
compiling Ascii_Table.C...
creating preprocessor file for Seven_Segment.c...
compiling Seven_Segment.c...
creating preprocessor file for DrvI2C.c...
compiling DrvI2C.c...
creating preprocessor file for ScanKey.c...
compiling ScanKey.c...
creating preprocessor file for DrvSPI.c...
compiling DrvSPI.c...
creating preprocessor file for DrvSYS.c...
compiling DrvSYS.c...
creating preprocessor file for DrvUART.c...
compiling DrvUART.c...
creating preprocessor file for DrvGPIO.c...
compiling DrvGPIO.c...
creating preprocessor file for retarget.c...
compiling retarget.c...
linking...
Program Size: Code=9164 RO-data=408 RW-data=1624 ZI-data=1232  
User command #1: fromelf --bin ".\obj\Smpl_Start_Kit.axf" --output ".\obj\Smpl_Start_Kit.bin"
User command #2: fromelf --text -c ".\obj\Smpl_Start_Kit.axf" --output ".\obj\Smpl_Start_Kit.txt"
".\obj\Smpl_Start_Kit.axf" - 0 Error(s), 4 Warning(s).
Load "C:\\Nuvoton\\BSP Library\\NUC100SeriesBSP_CMSIS_v1.05.003\\NuvotonPlatform_Keil\\Sample\\NUC1xx-LB_002\\0x_Smpl_Start_Kit_ENE335_LabXX\\obj\\Smpl_Start_Kit.AXF" 
Erase Done.
Programming Done.
Verify OK.
Rebuild target 'Smpl_Start_Kit'
creating preprocessor file for core_cm0.c...
compiling core_cm0.c...
creating preprocessor file for system_NUC1xx.c...
compiling system_NUC1xx.c...
assembling startup_NUC1xx.s...
creating preprocessor file for Smpl_Start_Kit.c...
compiling Smpl_Start_Kit.c...
Smpl_Start_Kit.c(269): warning:  #177-D: variable "lcd_line1" was declared but never referenced
Smpl_Start_Kit.c(401): warning:  #111-D: statement is unreachable
Smpl_Start_Kit.c(34): warning:  #550-D: variable "GlobalKey" was set but never used
Smpl_Start_Kit.c(38): warning:  #177-D: variable "date" was declared but never referenced
creating preprocessor file for LCD_Driver.c...
compiling LCD_Driver.c...
creating preprocessor file for Ascii_Table.C...
compiling Ascii_Table.C...
creating preprocessor file for Seven_Segment.c...
compiling Seven_Segment.c...
creating preprocessor file for DrvI2C.c...
compiling DrvI2C.c...
creating preprocessor file for ScanKey.c...
compiling ScanKey.c...
creating preprocessor file for DrvSPI.c...
compiling DrvSPI.c...
creating preprocessor file for DrvSYS.c...
compiling DrvSYS.c...
creating preprocessor file for DrvUART.c...
compiling DrvUART.c...
creating preprocessor file for DrvGPIO.c...
compiling DrvGPIO.c...
creating preprocessor file for retarget.c...
compiling retarget.c...
linking...
Program Size: Code=9148 RO-data=408 RW-data=1624 ZI-data=1232  
User command #1: fromelf --bin ".\obj\Smpl_Start_Kit.axf" --output ".\obj\Smpl_Start_Kit.bin"
User command #2: fromelf --text -c ".\obj\Smpl_Start_Kit.axf" --output ".\obj\Smpl_Start_Kit.txt"
".\obj\Smpl_Start_Kit.axf" - 0 Error(s), 4 Warning(s).
Load "C:\\Nuvoton\\BSP Library\\NUC100SeriesBSP_CMSIS_v1.05.003\\NuvotonPlatform_Keil\\Sample\\NUC1xx-LB_002\\0x_Smpl_Start_Kit_ENE335_LabXX\\obj\\Smpl_Start_Kit.AXF" 
Rebuild target 'Smpl_Start_Kit'
creating preprocessor file for core_cm0.c...
compiling core_cm0.c...
creating preprocessor file for system_NUC1xx.c...
compiling system_NUC1xx.c...
assembling startup_NUC1xx.s...
creating preprocessor file for Smpl_Start_Kit.c...
compiling Smpl_Start_Kit.c...
Smpl_Start_Kit.c(269): warning:  #177-D: variable "lcd_line1" was declared but never referenced
Smpl_Start_Kit.c(401): warning:  #111-D: statement is unreachable
Smpl_Start_Kit.c(34): warning:  #550-D: variable "GlobalKey" was set but never used
Smpl_Start_Kit.c(38): warning:  #177-D: variable "date" was declared but never referenced
creating preprocessor file for LCD_Driver.c...
compiling LCD_Driver.c...
creating preprocessor file for Ascii_Table.C...
compiling Ascii_Table.C...
creating preprocessor file for Seven_Segment.c...
compiling Seven_Segment.c...
creating preprocessor file for DrvI2C.c...
compiling DrvI2C.c...
creating preprocessor file for ScanKey.c...
compiling ScanKey.c...
creating preprocessor file for DrvSPI.c...
compiling DrvSPI.c...
creating preprocessor file for DrvSYS.c...
compiling DrvSYS.c...
creating preprocessor file for DrvUART.c...
compiling DrvUART.c...
creating preprocessor file for DrvGPIO.c...
compiling DrvGPIO.c...
creating preprocessor file for retarget.c...
compiling retarget.c...
linking...
Program Size: Code=9148 RO-data=408 RW-data=1624 ZI-data=1232  
User command #1: fromelf --bin ".\obj\Smpl_Start_Kit.axf" --output ".\obj\Smpl_Start_Kit.bin"
User command #2: fromelf --text -c ".\obj\Smpl_Start_Kit.axf" --output ".\obj\Smpl_Start_Kit.txt"
".\obj\Smpl_Start_Kit.axf" - 0 Error(s), 4 Warning(s).
Load "C:\\Nuvoton\\BSP Library\\NUC100SeriesBSP_CMSIS_v1.05.003\\NuvotonPlatform_Keil\\Sample\\NUC1xx-LB_002\\0x_Smpl_Start_Kit_ENE335_LabXX\\obj\\Smpl_Start_Kit.AXF" 
Erase Done.
Programming Done.
Verify OK.
Rebuild target 'Smpl_Start_Kit'
creating preprocessor file for core_cm0.c...
compiling core_cm0.c...
creating preprocessor file for system_NUC1xx.c...
compiling system_NUC1xx.c...
assembling startup_NUC1xx.s...
creating preprocessor file for Smpl_Start_Kit.c...
compiling Smpl_Start_Kit.c...
Smpl_Start_Kit.c(269): warning:  #177-D: variable "lcd_line1" was declared but never referenced
Smpl_Start_Kit.c(401): warning:  #111-D: statement is unreachable
Smpl_Start_Kit.c(34): warning:  #550-D: variable "GlobalKey" was set but never used
Smpl_Start_Kit.c(38): warning:  #177-D: variable "date" was declared but never referenced
creating preprocessor file for LCD_Driver.c...
compiling LCD_Driver.c...
creating preprocessor file for Ascii_Table.C...
compiling Ascii_Table.C...
creating preprocessor file for Seven_Segment.c...
compiling Seven_Segment.c...
creating preprocessor file for DrvI2C.c...
compiling DrvI2C.c...
creating preprocessor file for ScanKey.c...
compiling ScanKey.c...
creating preprocessor file for DrvSPI.c...
compiling DrvSPI.c...
creating preprocessor file for DrvSYS.c...
compiling DrvSYS.c...
creating preprocessor file for DrvUART.c...
compiling DrvUART.c...
creating preprocessor file for DrvGPIO.c...
compiling DrvGPIO.c...
creating preprocessor file for retarget.c...
compiling retarget.c...
linking...
Program Size: Code=8196 RO-data=388 RW-data=1624 ZI-data=1232  
User command #1: fromelf --bin ".\obj\Smpl_Start_Kit.axf" --output ".\obj\Smpl_Start_Kit.bin"
User command #2: fromelf --text -c ".\obj\Smpl_Start_Kit.axf" --output ".\obj\Smpl_Start_Kit.txt"
".\obj\Smpl_Start_Kit.axf" - 0 Error(s), 4 Warning(s).
Load "C:\\Nuvoton\\BSP Library\\NUC100SeriesBSP_CMSIS_v1.05.003\\NuvotonPlatform_Keil\\Sample\\NUC1xx-LB_002\\0x_Smpl_Start_Kit_ENE335_LabXX\\obj\\Smpl_Start_Kit.AXF" 
Erase Done.
Programming Done.
Verify OK.
Rebuild target 'Smpl_Start_Kit'
creating preprocessor file for core_cm0.c...
compiling core_cm0.c...
creating preprocessor file for system_NUC1xx.c...
compiling system_NUC1xx.c...
assembling startup_NUC1xx.s...
creating preprocessor file for Smpl_Start_Kit.c...
compiling Smpl_Start_Kit.c...
Smpl_Start_Kit.c(269): warning:  #177-D: variable "lcd_line1" was declared but never referenced
Smpl_Start_Kit.c(401): warning:  #111-D: statement is unreachable
Smpl_Start_Kit.c(34): warning:  #550-D: variable "GlobalKey" was set but never used
Smpl_Start_Kit.c(38): warning:  #177-D: variable "date" was declared but never referenced
creating preprocessor file for LCD_Driver.c...
compiling LCD_Driver.c...
creating preprocessor file for Ascii_Table.C...
compiling Ascii_Table.C...
creating preprocessor file for Seven_Segment.c...
compiling Seven_Segment.c...
creating preprocessor file for DrvI2C.c...
compiling DrvI2C.c...
creating preprocessor file for ScanKey.c...
compiling ScanKey.c...
creating preprocessor file for DrvSPI.c...
compiling DrvSPI.c...
creating preprocessor file for DrvSYS.c...
compiling DrvSYS.c...
creating preprocessor file for DrvUART.c...
compiling DrvUART.c...
creating preprocessor file for DrvGPIO.c...
compiling DrvGPIO.c...
creating preprocessor file for retarget.c...
compiling retarget.c...
linking...
Program Size: Code=9148 RO-data=408 RW-data=1624 ZI-data=1232  
User command #1: fromelf --bin ".\obj\Smpl_Start_Kit.axf" --output ".\obj\Smpl_Start_Kit.bin"
User command #2: fromelf --text -c ".\obj\Smpl_Start_Kit.axf" --output ".\obj\Smpl_Start_Kit.txt"
".\obj\Smpl_Start_Kit.axf" - 0 Error(s), 4 Warning(s).
Load "C:\\Nuvoton\\BSP Library\\NUC100SeriesBSP_CMSIS_v1.05.003\\NuvotonPlatform_Keil\\Sample\\NUC1xx-LB_002\\0x_Smpl_Start_Kit_ENE335_LabXX\\obj\\Smpl_Start_Kit.AXF" 
Erase Done.
Programming Done.
Verify OK.
Rebuild target 'Smpl_Start_Kit'
creating preprocessor file for core_cm0.c...
compiling core_cm0.c...
creating preprocessor file for system_NUC1xx.c...
compiling system_NUC1xx.c...
assembling startup_NUC1xx.s...
creating preprocessor file for Smpl_Start_Kit.c...
compiling Smpl_Start_Kit.c...
Smpl_Start_Kit.c(184): warning:  #223-D: function "disp2Digit8574_in_Dec" declared implicitly
creating preprocessor file for LCD_Driver.c...
compiling LCD_Driver.c...
creating preprocessor file for Ascii_Table.C...
compiling Ascii_Table.C...
creating preprocessor file for Seven_Segment.c...
compiling Seven_Segment.c...
creating preprocessor file for DrvI2C.c...
compiling DrvI2C.c...
creating preprocessor file for ScanKey.c...
compiling ScanKey.c...
creating preprocessor file for DrvSPI.c...
compiling DrvSPI.c...
creating preprocessor file for DrvSYS.c...
compiling DrvSYS.c...
creating preprocessor file for DrvUART.c...
compiling DrvUART.c...
creating preprocessor file for DrvGPIO.c...
compiling DrvGPIO.c...
creating preprocessor file for retarget.c...
compiling retarget.c...
linking...
.\obj\Smpl_Start_Kit.axf: Error: L6218E: Undefined symbol disp2Digit8574_in_Dec (referred from smpl_start_kit.o).
Target not created
Rebuild target 'Smpl_Start_Kit'
creating preprocessor file for core_cm0.c...
compiling core_cm0.c...
creating preprocessor file for system_NUC1xx.c...
compiling system_NUC1xx.c...
assembling startup_NUC1xx.s...
creating preprocessor file for Smpl_Start_Kit.c...
compiling Smpl_Start_Kit.c...
creating preprocessor file for LCD_Driver.c...
compiling LCD_Driver.c...
creating preprocessor file for Ascii_Table.C...
compiling Ascii_Table.C...
creating preprocessor file for Seven_Segment.c...
compiling Seven_Segment.c...
creating preprocessor file for DrvI2C.c...
compiling DrvI2C.c...
creating preprocessor file for ScanKey.c...
compiling ScanKey.c...
creating preprocessor file for DrvSPI.c...
compiling DrvSPI.c...
creating preprocessor file for DrvSYS.c...
compiling DrvSYS.c...
creating preprocessor file for DrvUART.c...
compiling DrvUART.c...
creating preprocessor file for DrvGPIO.c...
compiling DrvGPIO.c...
creating preprocessor file for retarget.c...
compiling retarget.c...
linking...
Program Size: Code=7416 RO-data=432 RW-data=1620 ZI-data=1236  
User command #1: fromelf --bin ".\obj\Smpl_Start_Kit.axf" --output ".\obj\Smpl_Start_Kit.bin"
User command #2: fromelf --text -c ".\obj\Smpl_Start_Kit.axf" --output ".\obj\Smpl_Start_Kit.txt"
".\obj\Smpl_Start_Kit.axf" - 0 Error(s), 0 Warning(s).
Load "C:\\Nuvoton\\BSP Library\\NUC100SeriesBSP_CMSIS_v1.05.003\\NuvotonPlatform_Keil\\Sample\\NUC1xx-LB_002\\0x_Smpl_Start_Kit_ENE335_LabXX\\obj\\Smpl_Start_Kit.AXF" 
Erase Done.
Programming Done.
Verify OK.
Rebuild target 'Smpl_Start_Kit'
creating preprocessor file for core_cm0.c...
compiling core_cm0.c...
creating preprocessor file for system_NUC1xx.c...
compiling system_NUC1xx.c...
assembling startup_NUC1xx.s...
creating preprocessor file for Smpl_Start_Kit.c...
compiling Smpl_Start_Kit.c...
Smpl_Start_Kit.c(465): warning:  #223-D: function "DrvGPIO_EnableEINT1" declared implicitly
Smpl_Start_Kit.c(465): error:  #20: identifier "E_IO_BOTH_EDGE" is undefined
Smpl_Start_Kit.c(465): error:  #20: identifier "E_MODE_EDGE" is undefined
creating preprocessor file for LCD_Driver.c...
compiling LCD_Driver.c...
creating preprocessor file for Ascii_Table.C...
compiling Ascii_Table.C...
creating preprocessor file for Seven_Segment.c...
compiling Seven_Segment.c...
creating preprocessor file for DrvI2C.c...
compiling DrvI2C.c...
creating preprocessor file for ScanKey.c...
compiling ScanKey.c...
creating preprocessor file for DrvSPI.c...
compiling DrvSPI.c...
creating preprocessor file for DrvSYS.c...
compiling DrvSYS.c...
creating preprocessor file for DrvUART.c...
compiling DrvUART.c...
creating preprocessor file for DrvGPIO.c...
compiling DrvGPIO.c...
creating preprocessor file for retarget.c...
compiling retarget.c...
Target not created
Rebuild target 'Smpl_Start_Kit'
creating preprocessor file for core_cm0.c...
compiling core_cm0.c...
creating preprocessor file for system_NUC1xx.c...
compiling system_NUC1xx.c...
assembling startup_NUC1xx.s...
creating preprocessor file for Smpl_Start_Kit.c...
compiling Smpl_Start_Kit.c...
Smpl_Start_Kit.c(465): warning:  #223-D: function "DrvGPIO_Open" declared implicitly
Smpl_Start_Kit.c(465): error:  #20: identifier "E_GPB" is undefined
Smpl_Start_Kit.c(465): error:  #20: identifier "E_IO_INPUT" is undefined
Smpl_Start_Kit.c(466): warning:  #223-D: function "DrvGPIO_EnableEINT1" declared implicitly
Smpl_Start_Kit.c(466): error:  #20: identifier "E_IO_BOTH_EDGE" is undefined
Smpl_Start_Kit.c(466): error:  #20: identifier "E_MODE_EDGE" is undefined
creating preprocessor file for LCD_Driver.c...
compiling LCD_Driver.c...
creating preprocessor file for Ascii_Table.C...
compiling Ascii_Table.C...
creating preprocessor file for Seven_Segment.c...
compiling Seven_Segment.c...
creating preprocessor file for DrvI2C.c...
compiling DrvI2C.c...
creating preprocessor file for ScanKey.c...
compiling ScanKey.c...
creating preprocessor file for DrvSPI.c...
compiling DrvSPI.c...
creating preprocessor file for DrvSYS.c...
compiling DrvSYS.c...
creating preprocessor file for DrvUART.c...
compiling DrvUART.c...
creating preprocessor file for DrvGPIO.c...
compiling DrvGPIO.c...
creating preprocessor file for retarget.c...
compiling retarget.c...
Target not created
Rebuild target 'Smpl_Start_Kit'
creating preprocessor file for core_cm0.c...
compiling core_cm0.c...
creating preprocessor file for system_NUC1xx.c...
compiling system_NUC1xx.c...
assembling startup_NUC1xx.s...
creating preprocessor file for Smpl_Start_Kit.c...
compiling Smpl_Start_Kit.c...
Smpl_Start_Kit.c(465): warning:  #223-D: function "DrvGPIO_EnableEINT1" declared implicitly
Smpl_Start_Kit.c(465): error:  #20: identifier "E_IO_BOTH_EDGE" is undefined
Smpl_Start_Kit.c(465): error:  #20: identifier "E_MODE_EDGE" is undefined
creating preprocessor file for LCD_Driver.c...
compiling LCD_Driver.c...
creating preprocessor file for Ascii_Table.C...
compiling Ascii_Table.C...
creating preprocessor file for Seven_Segment.c...
compiling Seven_Segment.c...
creating preprocessor file for DrvI2C.c...
compiling DrvI2C.c...
creating preprocessor file for ScanKey.c...
compiling ScanKey.c...
creating preprocessor file for DrvSPI.c...
compiling DrvSPI.c...
creating preprocessor file for DrvSYS.c...
compiling DrvSYS.c...
creating preprocessor file for DrvUART.c...
compiling DrvUART.c...
creating preprocessor file for DrvGPIO.c...
compiling DrvGPIO.c...
creating preprocessor file for retarget.c...
compiling retarget.c...
Target not created
Rebuild target 'Smpl_Start_Kit'
creating preprocessor file for core_cm0.c...
compiling core_cm0.c...
creating preprocessor file for system_NUC1xx.c...
compiling system_NUC1xx.c...
assembling startup_NUC1xx.s...
creating preprocessor file for Smpl_Start_Kit.c...
compiling Smpl_Start_Kit.c...
creating preprocessor file for LCD_Driver.c...
compiling LCD_Driver.c...
creating preprocessor file for Ascii_Table.C...
compiling Ascii_Table.C...
creating preprocessor file for Seven_Segment.c...
compiling Seven_Segment.c...
creating preprocessor file for DrvI2C.c...
compiling DrvI2C.c...
creating preprocessor file for ScanKey.c...
compiling ScanKey.c...
creating preprocessor file for DrvSPI.c...
compiling DrvSPI.c...
creating preprocessor file for DrvSYS.c...
compiling DrvSYS.c...
creating preprocessor file for DrvUART.c...
compiling DrvUART.c...
creating preprocessor file for DrvGPIO.c...
compiling DrvGPIO.c...
creating preprocessor file for retarget.c...
compiling retarget.c...
linking...
Program Size: Code=7752 RO-data=432 RW-data=1616 ZI-data=1232  
User command #1: fromelf --bin ".\obj\Smpl_Start_Kit.axf" --output ".\obj\Smpl_Start_Kit.bin"
User command #2: fromelf --text -c ".\obj\Smpl_Start_Kit.axf" --output ".\obj\Smpl_Start_Kit.txt"
".\obj\Smpl_Start_Kit.axf" - 0 Error(s), 0 Warning(s).
Load "C:\\Nuvoton\\BSP Library\\NUC100SeriesBSP_CMSIS_v1.05.003\\NuvotonPlatform_Keil\\Sample\\NUC1xx-LB_002\\0x_Smpl_Start_Kit_ENE335_LabXX\\obj\\Smpl_Start_Kit.AXF" 
Erase Done.
Programming Done.
Verify OK.
Rebuild target 'Smpl_Start_Kit'
creating preprocessor file for core_cm0.c...
compiling core_cm0.c...
creating preprocessor file for system_NUC1xx.c...
compiling system_NUC1xx.c...
assembling startup_NUC1xx.s...
creating preprocessor file for Smpl_Start_Kit.c...
compiling Smpl_Start_Kit.c...
creating preprocessor file for LCD_Driver.c...
compiling LCD_Driver.c...
creating preprocessor file for Ascii_Table.C...
compiling Ascii_Table.C...
creating preprocessor file for Seven_Segment.c...
compiling Seven_Segment.c...
creating preprocessor file for DrvI2C.c...
compiling DrvI2C.c...
creating preprocessor file for ScanKey.c...
compiling ScanKey.c...
creating preprocessor file for DrvSPI.c...
compiling DrvSPI.c...
creating preprocessor file for DrvSYS.c...
compiling DrvSYS.c...
creating preprocessor file for DrvUART.c...
compiling DrvUART.c...
creating preprocessor file for DrvGPIO.c...
compiling DrvGPIO.c...
creating preprocessor file for retarget.c...
compiling retarget.c...
linking...
Program Size: Code=7752 RO-data=432 RW-data=1616 ZI-data=1232  
User command #1: fromelf --bin ".\obj\Smpl_Start_Kit.axf" --output ".\obj\Smpl_Start_Kit.bin"
User command #2: fromelf --text -c ".\obj\Smpl_Start_Kit.axf" --output ".\obj\Smpl_Start_Kit.txt"
".\obj\Smpl_Start_Kit.axf" - 0 Error(s), 0 Warning(s).
Load "C:\\Nuvoton\\BSP Library\\NUC100SeriesBSP_CMSIS_v1.05.003\\NuvotonPlatform_Keil\\Sample\\NUC1xx-LB_002\\0x_Smpl_Start_Kit_ENE335_LabXX\\obj\\Smpl_Start_Kit.AXF" 
Erase Done.
Programming Done.
Verify OK.
Rebuild target 'Smpl_Start_Kit'
creating preprocessor file for core_cm0.c...
compiling core_cm0.c...
creating preprocessor file for system_NUC1xx.c...
compiling system_NUC1xx.c...
assembling startup_NUC1xx.s...
creating preprocessor file for Smpl_Start_Kit.c...
compiling Smpl_Start_Kit.c...
Smpl_Start_Kit.c(174): warning:  #223-D: function "disp2Digit8574" declared implicitly
Smpl_Start_Kit.c(176): error:  #20: identifier "keyInput" is undefined
creating preprocessor file for LCD_Driver.c...
compiling LCD_Driver.c...
creating preprocessor file for Ascii_Table.C...
compiling Ascii_Table.C...
creating preprocessor file for Seven_Segment.c...
compiling Seven_Segment.c...
creating preprocessor file for DrvI2C.c...
compiling DrvI2C.c...
creating preprocessor file for ScanKey.c...
compiling ScanKey.c...
creating preprocessor file for DrvSPI.c...
compiling DrvSPI.c...
creating preprocessor file for DrvSYS.c...
compiling DrvSYS.c...
creating preprocessor file for DrvUART.c...
compiling DrvUART.c...
creating preprocessor file for DrvGPIO.c...
compiling DrvGPIO.c...
creating preprocessor file for retarget.c...
compiling retarget.c...
Target not created
Rebuild target 'Smpl_Start_Kit'
creating preprocessor file for core_cm0.c...
compiling core_cm0.c...
creating preprocessor file for system_NUC1xx.c...
compiling system_NUC1xx.c...
assembling startup_NUC1xx.s...
creating preprocessor file for Smpl_Start_Kit.c...
compiling Smpl_Start_Kit.c...
creating preprocessor file for LCD_Driver.c...
compiling LCD_Driver.c...
creating preprocessor file for Ascii_Table.C...
compiling Ascii_Table.C...
creating preprocessor file for Seven_Segment.c...
compiling Seven_Segment.c...
creating preprocessor file for DrvI2C.c...
compiling DrvI2C.c...
creating preprocessor file for ScanKey.c...
compiling ScanKey.c...
creating preprocessor file for DrvSPI.c...
compiling DrvSPI.c...
creating preprocessor file for DrvSYS.c...
compiling DrvSYS.c...
creating preprocessor file for DrvUART.c...
compiling DrvUART.c...
creating preprocessor file for DrvGPIO.c...
compiling DrvGPIO.c...
creating preprocessor file for retarget.c...
compiling retarget.c...
linking...
Program Size: Code=9648 RO-data=432 RW-data=1616 ZI-data=1232  
User command #1: fromelf --bin ".\obj\Smpl_Start_Kit.axf" --output ".\obj\Smpl_Start_Kit.bin"
User command #2: fromelf --text -c ".\obj\Smpl_Start_Kit.axf" --output ".\obj\Smpl_Start_Kit.txt"
".\obj\Smpl_Start_Kit.axf" - 0 Error(s), 0 Warning(s).
Load "C:\\Nuvoton\\BSP Library\\NUC100SeriesBSP_CMSIS_v1.05.003\\NuvotonPlatform_Keil\\Sample\\NUC1xx-LB_002\\0x_Smpl_Start_Kit_ENE335_LabXX\\obj\\Smpl_Start_Kit.AXF" 
Erase Done.
Programming Done.
Verify OK.
Rebuild target 'Smpl_Start_Kit'
creating preprocessor file for core_cm0.c...
compiling core_cm0.c...
creating preprocessor file for system_NUC1xx.c...
compiling system_NUC1xx.c...
assembling startup_NUC1xx.s...
creating preprocessor file for Smpl_Start_Kit.c...
compiling Smpl_Start_Kit.c...
creating preprocessor file for LCD_Driver.c...
compiling LCD_Driver.c...
creating preprocessor file for Ascii_Table.C...
compiling Ascii_Table.C...
creating preprocessor file for Seven_Segment.c...
compiling Seven_Segment.c...
creating preprocessor file for DrvI2C.c...
compiling DrvI2C.c...
creating preprocessor file for ScanKey.c...
compiling ScanKey.c...
creating preprocessor file for DrvSPI.c...
compiling DrvSPI.c...
creating preprocessor file for DrvSYS.c...
compiling DrvSYS.c...
creating preprocessor file for DrvUART.c...
compiling DrvUART.c...
creating preprocessor file for DrvGPIO.c...
compiling DrvGPIO.c...
creating preprocessor file for retarget.c...
compiling retarget.c...
linking...
Program Size: Code=9624 RO-data=432 RW-data=1616 ZI-data=1232  
User command #1: fromelf --bin ".\obj\Smpl_Start_Kit.axf" --output ".\obj\Smpl_Start_Kit.bin"
User command #2: fromelf --text -c ".\obj\Smpl_Start_Kit.axf" --output ".\obj\Smpl_Start_Kit.txt"
".\obj\Smpl_Start_Kit.axf" - 0 Error(s), 0 Warning(s).
Load "C:\\Nuvoton\\BSP Library\\NUC100SeriesBSP_CMSIS_v1.05.003\\NuvotonPlatform_Keil\\Sample\\NUC1xx-LB_002\\0x_Smpl_Start_Kit_ENE335_LabXX\\obj\\Smpl_Start_Kit.AXF" 
Erase Done.
Programming Done.
Verify OK.
Rebuild target 'Smpl_Start_Kit'
creating preprocessor file for core_cm0.c...
compiling core_cm0.c...
creating preprocessor file for system_NUC1xx.c...
compiling system_NUC1xx.c...
assembling startup_NUC1xx.s...
creating preprocessor file for Smpl_Start_Kit.c...
compiling Smpl_Start_Kit.c...
Smpl_Start_Kit.c(127): warning:  #177-D: variable "date" was declared but never referenced
Smpl_Start_Kit.c(129): warning:  #177-D: variable "lcd_line1" was declared but never referenced
creating preprocessor file for LCD_Driver.c...
compiling LCD_Driver.c...
creating preprocessor file for Ascii_Table.C...
compiling Ascii_Table.C...
creating preprocessor file for Seven_Segment.c...
compiling Seven_Segment.c...
creating preprocessor file for DrvI2C.c...
compiling DrvI2C.c...
creating preprocessor file for ScanKey.c...
compiling ScanKey.c...
creating preprocessor file for DrvSPI.c...
compiling DrvSPI.c...
creating preprocessor file for DrvSYS.c...
compiling DrvSYS.c...
creating preprocessor file for DrvUART.c...
compiling DrvUART.c...
creating preprocessor file for DrvGPIO.c...
compiling DrvGPIO.c...
creating preprocessor file for retarget.c...
compiling retarget.c...
linking...
Program Size: Code=9612 RO-data=432 RW-data=1616 ZI-data=1232  
User command #1: fromelf --bin ".\obj\Smpl_Start_Kit.axf" --output ".\obj\Smpl_Start_Kit.bin"
User command #2: fromelf --text -c ".\obj\Smpl_Start_Kit.axf" --output ".\obj\Smpl_Start_Kit.txt"
".\obj\Smpl_Start_Kit.axf" - 0 Error(s), 2 Warning(s).
Load "C:\\Nuvoton\\BSP Library\\NUC100SeriesBSP_CMSIS_v1.05.003\\NuvotonPlatform_Keil\\Sample\\NUC1xx-LB_002\\0x_Smpl_Start_Kit_ENE335_LabXX\\obj\\Smpl_Start_Kit.AXF" 
Rebuild target 'Smpl_Start_Kit'
creating preprocessor file for core_cm0.c...
compiling core_cm0.c...
creating preprocessor file for system_NUC1xx.c...
compiling system_NUC1xx.c...
assembling startup_NUC1xx.s...
creating preprocessor file for Smpl_Start_Kit.c...
compiling Smpl_Start_Kit.c...
Smpl_Start_Kit.c(127): warning:  #177-D: variable "date" was declared but never referenced
Smpl_Start_Kit.c(129): warning:  #177-D: variable "lcd_line1" was declared but never referenced
creating preprocessor file for LCD_Driver.c...
compiling LCD_Driver.c...
creating preprocessor file for Ascii_Table.C...
compiling Ascii_Table.C...
creating preprocessor file for Seven_Segment.c...
compiling Seven_Segment.c...
creating preprocessor file for DrvI2C.c...
compiling DrvI2C.c...
creating preprocessor file for ScanKey.c...
compiling ScanKey.c...
creating preprocessor file for DrvSPI.c...
compiling DrvSPI.c...
creating preprocessor file for DrvSYS.c...
compiling DrvSYS.c...
creating preprocessor file for DrvUART.c...
compiling DrvUART.c...
creating preprocessor file for DrvGPIO.c...
compiling DrvGPIO.c...
creating preprocessor file for retarget.c...
compiling retarget.c...
linking...
Program Size: Code=9612 RO-data=432 RW-data=1616 ZI-data=1232  
User command #1: fromelf --bin ".\obj\Smpl_Start_Kit.axf" --output ".\obj\Smpl_Start_Kit.bin"
User command #2: fromelf --text -c ".\obj\Smpl_Start_Kit.axf" --output ".\obj\Smpl_Start_Kit.txt"
".\obj\Smpl_Start_Kit.axf" - 0 Error(s), 2 Warning(s).
Load "C:\\Nuvoton\\BSP Library\\NUC100SeriesBSP_CMSIS_v1.05.003\\NuvotonPlatform_Keil\\Sample\\NUC1xx-LB_002\\0x_Smpl_Start_Kit_ENE335_LabXX\\obj\\Smpl_Start_Kit.AXF" 
Erase Done.
Programming Done.
Verify OK.
Rebuild target 'Smpl_Start_Kit'
creating preprocessor file for core_cm0.c...
compiling core_cm0.c...
creating preprocessor file for system_NUC1xx.c...
compiling system_NUC1xx.c...
assembling startup_NUC1xx.s...
creating preprocessor file for Smpl_Start_Kit.c...
compiling Smpl_Start_Kit.c...
Smpl_Start_Kit.c(127): warning:  #177-D: variable "date" was declared but never referenced
Smpl_Start_Kit.c(129): warning:  #177-D: variable "lcd_line1" was declared but never referenced
creating preprocessor file for LCD_Driver.c...
compiling LCD_Driver.c...
creating preprocessor file for Ascii_Table.C...
compiling Ascii_Table.C...
creating preprocessor file for Seven_Segment.c...
compiling Seven_Segment.c...
creating preprocessor file for DrvI2C.c...
compiling DrvI2C.c...
creating preprocessor file for ScanKey.c...
compiling ScanKey.c...
creating preprocessor file for DrvSPI.c...
compiling DrvSPI.c...
creating preprocessor file for DrvSYS.c...
compiling DrvSYS.c...
creating preprocessor file for DrvUART.c...
compiling DrvUART.c...
creating preprocessor file for DrvGPIO.c...
compiling DrvGPIO.c...
creating preprocessor file for retarget.c...
compiling retarget.c...
linking...
Program Size: Code=9588 RO-data=432 RW-data=1616 ZI-data=1232  
User command #1: fromelf --bin ".\obj\Smpl_Start_Kit.axf" --output ".\obj\Smpl_Start_Kit.bin"
User command #2: fromelf --text -c ".\obj\Smpl_Start_Kit.axf" --output ".\obj\Smpl_Start_Kit.txt"
".\obj\Smpl_Start_Kit.axf" - 0 Error(s), 2 Warning(s).
Load "C:\\Nuvoton\\BSP Library\\NUC100SeriesBSP_CMSIS_v1.05.003\\NuvotonPlatform_Keil\\Sample\\NUC1xx-LB_002\\0x_Smpl_Start_Kit_ENE335_LabXX\\obj\\Smpl_Start_Kit.AXF" 
Erase Done.
Programming Done.
Verify OK.
Rebuild target 'Smpl_Start_Kit'
creating preprocessor file for core_cm0.c...
compiling core_cm0.c...
creating preprocessor file for system_NUC1xx.c...
compiling system_NUC1xx.c...
assembling startup_NUC1xx.s...
creating preprocessor file for Smpl_Start_Kit.c...
compiling Smpl_Start_Kit.c...
creating preprocessor file for LCD_Driver.c...
compiling LCD_Driver.c...
creating preprocessor file for Ascii_Table.C...
compiling Ascii_Table.C...
creating preprocessor file for Seven_Segment.c...
compiling Seven_Segment.c...
creating preprocessor file for DrvI2C.c...
compiling DrvI2C.c...
creating preprocessor file for ScanKey.c...
compiling ScanKey.c...
creating preprocessor file for DrvSPI.c...
compiling DrvSPI.c...
creating preprocessor file for DrvSYS.c...
compiling DrvSYS.c...
creating preprocessor file for DrvUART.c...
compiling DrvUART.c...
creating preprocessor file for DrvGPIO.c...
compiling DrvGPIO.c...
creating preprocessor file for retarget.c...
compiling retarget.c...
linking...
Program Size: Code=9800 RO-data=432 RW-data=1628 ZI-data=1236  
User command #1: fromelf --bin ".\obj\Smpl_Start_Kit.axf" --output ".\obj\Smpl_Start_Kit.bin"
User command #2: fromelf --text -c ".\obj\Smpl_Start_Kit.axf" --output ".\obj\Smpl_Start_Kit.txt"
".\obj\Smpl_Start_Kit.axf" - 0 Error(s), 0 Warning(s).
Load "C:\\Nuvoton\\BSP Library\\NUC100SeriesBSP_CMSIS_v1.05.003\\NuvotonPlatform_Keil\\Sample\\NUC1xx-LB_002\\0x_Smpl_Start_Kit_ENE335_LabXX\\obj\\Smpl_Start_Kit.AXF" 
Erase Done.
Programming Done.
Verify OK.
Rebuild target 'Smpl_Start_Kit'
creating preprocessor file for core_cm0.c...
compiling core_cm0.c...
creating preprocessor file for system_NUC1xx.c...
compiling system_NUC1xx.c...
assembling startup_NUC1xx.s...
creating preprocessor file for Smpl_Start_Kit.c...
compiling Smpl_Start_Kit.c...
Smpl_Start_Kit.c(127): warning:  #177-D: variable "date" was declared but never referenced
Smpl_Start_Kit.c(129): warning:  #177-D: variable "lcd_line1" was declared but never referenced
creating preprocessor file for LCD_Driver.c...
compiling LCD_Driver.c...
creating preprocessor file for Ascii_Table.C...
compiling Ascii_Table.C...
creating preprocessor file for Seven_Segment.c...
compiling Seven_Segment.c...
creating preprocessor file for DrvI2C.c...
compiling DrvI2C.c...
creating preprocessor file for ScanKey.c...
compiling ScanKey.c...
creating preprocessor file for DrvSPI.c...
compiling DrvSPI.c...
creating preprocessor file for DrvSYS.c...
compiling DrvSYS.c...
creating preprocessor file for DrvUART.c...
compiling DrvUART.c...
creating preprocessor file for DrvGPIO.c...
compiling DrvGPIO.c...
creating preprocessor file for retarget.c...
compiling retarget.c...
linking...
Program Size: Code=9588 RO-data=432 RW-data=1616 ZI-data=1232  
User command #1: fromelf --bin ".\obj\Smpl_Start_Kit.axf" --output ".\obj\Smpl_Start_Kit.bin"
User command #2: fromelf --text -c ".\obj\Smpl_Start_Kit.axf" --output ".\obj\Smpl_Start_Kit.txt"
".\obj\Smpl_Start_Kit.axf" - 0 Error(s), 2 Warning(s).
Load "C:\\Nuvoton\\BSP Library\\NUC100SeriesBSP_CMSIS_v1.05.003\\NuvotonPlatform_Keil\\Sample\\NUC1xx-LB_002\\0x_Smpl_Start_Kit_ENE335_LabXX\\obj\\Smpl_Start_Kit.AXF" 
Erase Done.
Programming Done.
Verify OK.
Rebuild target 'Smpl_Start_Kit'
creating preprocessor file for core_cm0.c...
compiling core_cm0.c...
creating preprocessor file for system_NUC1xx.c...
compiling system_NUC1xx.c...
assembling startup_NUC1xx.s...
creating preprocessor file for Smpl_Start_Kit.c...
compiling Smpl_Start_Kit.c...
Smpl_Start_Kit.c(127): warning:  #177-D: variable "date" was declared but never referenced
Smpl_Start_Kit.c(129): warning:  #177-D: variable "lcd_line1" was declared but never referenced
creating preprocessor file for LCD_Driver.c...
compiling LCD_Driver.c...
creating preprocessor file for Ascii_Table.C...
compiling Ascii_Table.C...
creating preprocessor file for Seven_Segment.c...
compiling Seven_Segment.c...
creating preprocessor file for DrvI2C.c...
compiling DrvI2C.c...
creating preprocessor file for ScanKey.c...
compiling ScanKey.c...
creating preprocessor file for DrvSPI.c...
compiling DrvSPI.c...
creating preprocessor file for DrvSYS.c...
compiling DrvSYS.c...
creating preprocessor file for DrvUART.c...
compiling DrvUART.c...
creating preprocessor file for DrvGPIO.c...
compiling DrvGPIO.c...
creating preprocessor file for retarget.c...
compiling retarget.c...
linking...
Program Size: Code=9584 RO-data=432 RW-data=1616 ZI-data=1232  
User command #1: fromelf --bin ".\obj\Smpl_Start_Kit.axf" --output ".\obj\Smpl_Start_Kit.bin"
User command #2: fromelf --text -c ".\obj\Smpl_Start_Kit.axf" --output ".\obj\Smpl_Start_Kit.txt"
".\obj\Smpl_Start_Kit.axf" - 0 Error(s), 2 Warning(s).
Load "C:\\Nuvoton\\BSP Library\\NUC100SeriesBSP_CMSIS_v1.05.003\\NuvotonPlatform_Keil\\Sample\\NUC1xx-LB_002\\0x_Smpl_Start_Kit_ENE335_LabXX\\obj\\Smpl_Start_Kit.AXF" 
Erase Done.
Programming Done.
Verify OK.
Rebuild target 'Smpl_Start_Kit'
creating preprocessor file for core_cm0.c...
compiling core_cm0.c...
creating preprocessor file for system_NUC1xx.c...
compiling system_NUC1xx.c...
assembling startup_NUC1xx.s...
creating preprocessor file for Smpl_Start_Kit.c...
compiling Smpl_Start_Kit.c...
Smpl_Start_Kit.c(126): warning:  #177-D: variable "date" was declared but never referenced
Smpl_Start_Kit.c(128): warning:  #177-D: variable "lcd_line1" was declared but never referenced
creating preprocessor file for LCD_Driver.c...
compiling LCD_Driver.c...
creating preprocessor file for Ascii_Table.C...
compiling Ascii_Table.C...
creating preprocessor file for Seven_Segment.c...
compiling Seven_Segment.c...
creating preprocessor file for DrvI2C.c...
compiling DrvI2C.c...
creating preprocessor file for ScanKey.c...
compiling ScanKey.c...
creating preprocessor file for DrvSPI.c...
compiling DrvSPI.c...
creating preprocessor file for DrvSYS.c...
compiling DrvSYS.c...
creating preprocessor file for DrvUART.c...
compiling DrvUART.c...
creating preprocessor file for DrvGPIO.c...
compiling DrvGPIO.c...
creating preprocessor file for retarget.c...
compiling retarget.c...
linking...
Program Size: Code=9528 RO-data=432 RW-data=1616 ZI-data=1232  
User command #1: fromelf --bin ".\obj\Smpl_Start_Kit.axf" --output ".\obj\Smpl_Start_Kit.bin"
User command #2: fromelf --text -c ".\obj\Smpl_Start_Kit.axf" --output ".\obj\Smpl_Start_Kit.txt"
".\obj\Smpl_Start_Kit.axf" - 0 Error(s), 2 Warning(s).
Load "C:\\Nuvoton\\BSP Library\\NUC100SeriesBSP_CMSIS_v1.05.003\\NuvotonPlatform_Keil\\Sample\\NUC1xx-LB_002\\0x_Smpl_Start_Kit_ENE335_LabXX\\obj\\Smpl_Start_Kit.AXF" 
Erase Done.
Programming Done.
Verify OK.
