ARM Linker, 4.1 [Build 894] [Evaluation]

==============================================================================

Small function inlining results

Inlined function __aeabi_idiv0 from aeabi_idiv0.o at offset 0x154 in aeabi_sdiv.o(.text).
Inlined Instruction: BX       lr
Inlined function __aeabi_idiv0 from aeabi_idiv0.o at offset 0x154 in aeabi_sdiv_div0.o(.text).
Inlined Instruction: BX       lr
Inlined function _platform_pre_stackheap_init from boardinit1.o at offset 0x0 in rtentry2.o(.ARM.Collect$$rtentry$$00000001).
Inlined Instruction: BX       lr
Inlined function _fp_init from fpinit.o at offset 0x2 in libinit.o(.ARM.Collect$$libinit$$00000000).
Inlined Instruction: BX       lr
Inlined function _platform_pre_lib_shutdown from boardshut.o at offset 0x0 in rtexit2.o(.ARM.Collect$$rtexit$$00000001).
Inlined Instruction: BX       lr
Inlined function __ARM_get_argv from no_argv.o at offset 0x2 in argv_veneer.o(.text).
Inlined Instruction: BX       lr
Inlined total of 6 calls.

==============================================================================

Memory Map of the image

  Image Entry point : 0x000001b9

  Load Region LR_1 (Base: 0x00000000, Size: 0x00002e44, Max: 0xffffffff, ABSOLUTE)

    Execution Region ER_RO (Base: 0x00000000, Size: 0x000027f0, Max: 0xffffffff, ABSOLUTE)

    Base Addr    Size         Type   Attr      Idx    E Section Name        Object

    0x00000000   0x000000c0   Data   RO           55    RESET               startup_nuc1xx.o
    0x000000c0   0x00000008   Code   RO         1575  * !!!main             c_p.l(__main.o)
    0x000000c8   0x0000003c   Code   RO         1748    !!!scatter          c_p.l(__scatter.o)
    0x00000104   0x0000001a   Code   RO         1750    !!handler_copy      c_p.l(__scatter_copy.o)
    0x0000011e   0x00000002   PAD
    0x00000120   0x0000001c   Code   RO         1752    !!handler_zi        c_p.l(__scatter_zi.o)
    0x0000013c   0x00000002   Code   RO         1564    .ARM.Collect$$_printf_percent$$00000000  c_p.l(_printf_percent.o)
    0x0000013e   0x0000000a   Code   RO         1563    .ARM.Collect$$_printf_percent$$00000009  c_p.l(_printf_d.o)
    0x00000148   0x0000000a   Code   RO         1562    .ARM.Collect$$_printf_percent$$0000000C  c_p.l(_printf_x.o)
    0x00000152   0x00000004   Code   RO         1588    .ARM.Collect$$_printf_percent$$00000017  c_p.l(_printf_percent_end.o)
    0x00000156   0x00000006   Code   RO         1624    .ARM.Collect$$libinit$$00000000  c_p.l(libinit.o)
    0x0000015c   0x00000000   Code   RO         1639    .ARM.Collect$$libinit$$00000006  c_p.l(libinit2.o)
    0x0000015c   0x00000000   Code   RO         1641    .ARM.Collect$$libinit$$00000008  c_p.l(libinit2.o)
    0x0000015c   0x00000000   Code   RO         1643    .ARM.Collect$$libinit$$0000000A  c_p.l(libinit2.o)
    0x0000015c   0x00000000   Code   RO         1646    .ARM.Collect$$libinit$$0000000D  c_p.l(libinit2.o)
    0x0000015c   0x00000000   Code   RO         1648    .ARM.Collect$$libinit$$0000000F  c_p.l(libinit2.o)
    0x0000015c   0x00000000   Code   RO         1650    .ARM.Collect$$libinit$$00000011  c_p.l(libinit2.o)
    0x0000015c   0x00000000   Code   RO         1652    .ARM.Collect$$libinit$$00000013  c_p.l(libinit2.o)
    0x0000015c   0x00000000   Code   RO         1654    .ARM.Collect$$libinit$$00000015  c_p.l(libinit2.o)
    0x0000015c   0x00000000   Code   RO         1656    .ARM.Collect$$libinit$$00000017  c_p.l(libinit2.o)
    0x0000015c   0x00000000   Code   RO         1658    .ARM.Collect$$libinit$$00000019  c_p.l(libinit2.o)
    0x0000015c   0x00000000   Code   RO         1660    .ARM.Collect$$libinit$$0000001B  c_p.l(libinit2.o)
    0x0000015c   0x00000000   Code   RO         1662    .ARM.Collect$$libinit$$0000001D  c_p.l(libinit2.o)
    0x0000015c   0x00000000   Code   RO         1664    .ARM.Collect$$libinit$$0000001F  c_p.l(libinit2.o)
    0x0000015c   0x00000000   Code   RO         1666    .ARM.Collect$$libinit$$00000021  c_p.l(libinit2.o)
    0x0000015c   0x00000000   Code   RO         1670    .ARM.Collect$$libinit$$00000028  c_p.l(libinit2.o)
    0x0000015c   0x00000000   Code   RO         1672    .ARM.Collect$$libinit$$0000002A  c_p.l(libinit2.o)
    0x0000015c   0x00000000   Code   RO         1674    .ARM.Collect$$libinit$$0000002C  c_p.l(libinit2.o)
    0x0000015c   0x00000000   Code   RO         1676    .ARM.Collect$$libinit$$0000002E  c_p.l(libinit2.o)
    0x0000015c   0x00000002   Code   RO         1677    .ARM.Collect$$libinit$$0000002F  c_p.l(libinit2.o)
    0x0000015e   0x00000002   Code   RO         1706    .ARM.Collect$$libshutdown$$00000000  c_p.l(libshutdown.o)
    0x00000160   0x00000000   Code   RO         1733    .ARM.Collect$$libshutdown$$00000003  c_p.l(libshutdown2.o)
    0x00000160   0x00000000   Code   RO         1736    .ARM.Collect$$libshutdown$$00000006  c_p.l(libshutdown2.o)
    0x00000160   0x00000000   Code   RO         1739    .ARM.Collect$$libshutdown$$00000009  c_p.l(libshutdown2.o)
    0x00000160   0x00000000   Code   RO         1741    .ARM.Collect$$libshutdown$$0000000B  c_p.l(libshutdown2.o)
    0x00000160   0x00000000   Code   RO         1744    .ARM.Collect$$libshutdown$$0000000E  c_p.l(libshutdown2.o)
    0x00000160   0x00000002   Code   RO         1745    .ARM.Collect$$libshutdown$$0000000F  c_p.l(libshutdown2.o)
    0x00000162   0x00000000   Code   RO         1577    .ARM.Collect$$rtentry$$00000000  c_p.l(rtentry.o)
    0x00000162   0x00000000   Code   RO         1592    .ARM.Collect$$rtentry$$00000002  c_p.l(rtentry2.o)
    0x00000162   0x00000006   Code   RO         1604    .ARM.Collect$$rtentry$$00000004  c_p.l(rtentry4.o)
    0x00000168   0x00000000   Code   RO         1594    .ARM.Collect$$rtentry$$00000009  c_p.l(rtentry2.o)
    0x00000168   0x00000004   Code   RO         1595    .ARM.Collect$$rtentry$$0000000A  c_p.l(rtentry2.o)
    0x0000016c   0x00000000   Code   RO         1597    .ARM.Collect$$rtentry$$0000000C  c_p.l(rtentry2.o)
    0x0000016c   0x00000008   Code   RO         1598    .ARM.Collect$$rtentry$$0000000D  c_p.l(rtentry2.o)
    0x00000174   0x00000002   Code   RO         1629    .ARM.Collect$$rtexit$$00000000  c_p.l(rtexit.o)
    0x00000176   0x00000000   Code   RO         1683    .ARM.Collect$$rtexit$$00000002  c_p.l(rtexit2.o)
    0x00000176   0x00000004   Code   RO         1684    .ARM.Collect$$rtexit$$00000003  c_p.l(rtexit2.o)
    0x0000017a   0x00000006   Code   RO         1685    .ARM.Collect$$rtexit$$00000004  c_p.l(rtexit2.o)
    0x00000180   0x00000038   Code   RO         1565    .emb_text           c_p.l(rt_memcpy.o)
    0x000001b8   0x00000064   Code   RO           56  * .text               startup_nuc1xx.o
    0x0000021c   0x00000028   Code   RO         1515    .text               c_p.l(noretval__2sprintf.o)
    0x00000244   0x0000006c   Code   RO         1519    .text               c_p.l(_printf_dec.o)
    0x000002b0   0x00000058   Code   RO         1524    .text               c_p.l(_printf_hex_int.o)
    0x00000308   0x00000110   Code   RO         1550    .text               c_p.l(__printf_wp.o)
    0x00000418   0x0000015a   Code   RO         1569    .text               c_p.l(aeabi_sdiv.o)
    0x00000572   0x00000006   Code   RO         1573    .text               c_p.l(heapauxi.o)
    0x00000578   0x000000b0   Code   RO         1582    .text               c_p.l(_printf_intcommon.o)
    0x00000628   0x00000030   Code   RO         1584    .text               c_p.l(_printf_char_common.o)
    0x00000658   0x0000000a   Code   RO         1586    .text               c_p.l(_sputc.o)
    0x00000662   0x00000028   Code   RO         1589    .text               c_p.l(rtudiv10.o)
    0x0000068a   0x0000003e   Code   RO         1610    .text               c_p.l(sys_stackheap_outer.o)
    0x000006c8   0x0000000c   Code   RO         1613    .text               c_p.l(exit.o)
    0x000006d4   0x00000008   Code   RO         1625    .text               c_p.l(libspace.o)
    0x000006dc   0x0000000c   Code   RO         1680    .text               c_p.l(sys_exit.o)
    0x000006e8   0x00000002   Code   RO         1695    .text               c_p.l(use_no_semi.o)
    0x000006ea   0x00000000   Code   RO         1697    .text               c_p.l(indicate_semi.o)
    0x000006ea   0x00000002   PAD
    0x000006ec   0x00000028   Code   RO          766    i.BOD_IRQHandler    drvsys.o
    0x00000714   0x0000002c   Code   RO         1214    i.DrvGPIO_ClrBit    drvgpio.o
    0x00000740   0x00000758   Code   RO         1236    i.DrvGPIO_InitFunction  drvgpio.o
    0x00000e98   0x00000078   Code   RO         1237    i.DrvGPIO_Open      drvgpio.o
    0x00000f10   0x0000002c   Code   RO         1238    i.DrvGPIO_SetBit    drvgpio.o
    0x00000f3c   0x00000090   Code   RO          301    i.DrvI2C_Close      drvi2c.o
    0x00000fcc   0x00000054   Code   RO          302    i.DrvI2C_Ctrl       drvi2c.o
    0x00001020   0x000000d0   Code   RO          310    i.DrvI2C_Open       drvi2c.o
    0x000010f0   0x0000002c   Code   RO          769    i.DrvSYS_Delay      drvsys.o
    0x0000111c   0x0000006c   Code   RO          785    i.DrvSYS_GetHCLKFreq  drvsys.o
    0x00001188   0x00000078   Code   RO          786    i.DrvSYS_GetPLLClockFreq  drvsys.o
    0x00001200   0x000000c0   Code   RO          787    i.DrvSYS_GetPLLContent  drvsys.o
    0x000012c0   0x00000010   Code   RO          790    i.DrvSYS_IsProtectedRegLocked  drvsys.o
    0x000012d0   0x000000ac   Code   RO          792    i.DrvSYS_Open       drvsys.o
    0x0000137c   0x00000038   Code   RO          798    i.DrvSYS_SelectHCLKSource  drvsys.o
    0x000013b4   0x0000004c   Code   RO          807    i.DrvSYS_SetPLLContent  drvsys.o
    0x00001400   0x00000024   Code   RO         1244    i.EINT0_IRQHandler  drvgpio.o
    0x00001424   0x00000024   Code   RO         1245    i.EINT1_IRQHandler  drvgpio.o
    0x00001448   0x0000003c   Code   RO         1246    i.GPAB_IRQHandler   drvgpio.o
    0x00001484   0x00000040   Code   RO         1247    i.GPCDE_IRQHandler  drvgpio.o
    0x000014c4   0x0000000c   Code   RO           60    i.HEX2Disp          smpl_start_kit.o
    0x000014d0   0x00000078   Code   RO          318    i.I2C0_IRQHandler   drvi2c.o
    0x00001548   0x00000078   Code   RO          319    i.I2C1_IRQHandler   drvi2c.o
    0x000015c0   0x000000a0   Code   RO           61    i.InitADC0          smpl_start_kit.o
    0x00001660   0x0000003a   Code   RO           62    i.InitGPIOR         smpl_start_kit.o
    0x0000169a   0x00000002   PAD
    0x0000169c   0x000000a4   Code   RO           63    i.InitPWM3          smpl_start_kit.o
    0x00001740   0x000000a0   Code   RO           64    i.InitTIMER0        smpl_start_kit.o
    0x000017e0   0x00000098   Code   RO           65    i.InitTIMER3        smpl_start_kit.o
    0x00001878   0x00000218   Code   RO          202    i.Initial_pannel    lcd_driver.o
    0x00001a90   0x00000158   Code   RO           66    i.OneWireReadByteTemperature  smpl_start_kit.o
    0x00001be8   0x000000f4   Code   RO           67    i.OneWireTxSkipROMConvert  smpl_start_kit.o
    0x00001cdc   0x00000028   Code   RO          814    i.PWRWU_IRQHandler  drvsys.o
    0x00001d04   0x00000104   Code   RO           68    i.Read_A2D_8591     smpl_start_kit.o
    0x00001e08   0x00000064   Code   RO          500    i.SPI0_IRQHandler   drvspi.o
    0x00001e6c   0x00000064   Code   RO          501    i.SPI1_IRQHandler   drvspi.o
    0x00001ed0   0x00000064   Code   RO          502    i.SPI2_IRQHandler   drvspi.o
    0x00001f34   0x00000064   Code   RO          503    i.SPI3_IRQHandler   drvspi.o
    0x00001f98   0x000000f4   Code   RO          203    i.SetPACA           lcd_driver.o
    0x0000208c   0x00000078   Code   RO          204    i.Show_Word         lcd_driver.o
    0x00002104   0x000000a0   Code   RO           17    i.SystemCoreClockUpdate  system_nuc1xx.o
    0x000021a4   0x00000002   Code   RO           18    i.SystemInit        system_nuc1xx.o
    0x000021a6   0x00000002   PAD
    0x000021a8   0x00000174   Code   RO           69    i.TMR3_IRQHandler   smpl_start_kit.o
    0x0000231c   0x0000003c   Code   RO         1091    i.UART02_IRQHandler  drvuart.o
    0x00002358   0x00000020   Code   RO         1092    i.UART1_IRQHandler  drvuart.o
    0x00002378   0x00000058   Code   RO          206    i.WriteData         lcd_driver.o
    0x000023d0   0x000000a0   Code   RO           70    i.Write_to_any8574  smpl_start_kit.o
    0x00002470   0x0000001c   Code   RO         1063    i.__ARM_common_switch8  drvsys.o
    0x0000248c   0x0000000e   Code   RO         1552    i._is_digit         c_p.l(__printf_wp.o)
    0x0000249a   0x00000024   Code   RO          275    i.close_seven_segment  seven_segment.o
    0x000024be   0x00000028   Code   RO          207    i.clr_all_pannal    lcd_driver.o
    0x000024e6   0x0000002c   Code   RO           71    i.disp2Digit8574    smpl_start_kit.o
    0x00002512   0x00000002   PAD
    0x00002514   0x0000008c   Code   RO           73    i.main              smpl_start_kit.o
    0x000025a0   0x000000c4   Code   RO           74    i.out_D2A_8591      smpl_start_kit.o
    0x00002664   0x00000028   Code   RO          208    i.print_lcd         lcd_driver.o
    0x0000268c   0x0000006e   Code   RO           75    i.seg_display_Hex   smpl_start_kit.o
    0x000026fa   0x00000002   PAD
    0x000026fc   0x00000040   Code   RO           76    i.show_seven_segment_Hex  smpl_start_kit.o
    0x0000273c   0x0000005a   Data   RO           77    .constdata          smpl_start_kit.o
    0x00002796   0x00000002   PAD
    0x00002798   0x00000010   Data   RO          815    .constdata          drvsys.o
    0x000027a8   0x00000028   Data   RO         1525    .constdata          c_p.l(_printf_hex_int.o)
    0x000027d0   0x00000020   Data   RO         1746    Region$$Table       anon$$obj.o


    Execution Region ER_RW (Base: 0x20000000, Size: 0x00000654, Max: 0xffffffff, ABSOLUTE)

    Base Addr    Size         Type   Attr      Idx    E Section Name        Object

    0x20000000   0x0000001c   Data   RW           19    .data               system_nuc1xx.o
    0x2000001c   0x00000014   Data   RW           78    .data               smpl_start_kit.o
    0x20000030   0x00000010   Data   RW          209    .data               lcd_driver.o
    0x20000040   0x000005f0   Data   RW          268    .data               ascii_table.o
    0x20000630   0x00000008   Data   RW          816    .data               drvsys.o
    0x20000638   0x0000000c   Data   RW         1093    .data               drvuart.o
    0x20000644   0x00000010   Data   RW         1251    .data               drvgpio.o


    Execution Region ER_ZI (Base: 0x20000654, Size: 0x000004d4, Max: 0xffffffff, ABSOLUTE)

    Base Addr    Size         Type   Attr      Idx    E Section Name        Object

    0x20000654   0x00000020   Zero   RW          323    .bss                drvi2c.o
    0x20000674   0x00000050   Zero   RW          504    .bss                drvspi.o
    0x200006c4   0x00000060   Zero   RW         1626    .bss                c_p.l(libspace.o)
    0x20000724   0x00000004   PAD
    0x20000728   0x00000000   Zero   RW           54    HEAP                startup_nuc1xx.o
    0x20000728   0x00000400   Zero   RW           53    STACK               startup_nuc1xx.o


==============================================================================

Image component sizes


      Code (inc. data)   RO Data    RW Data    ZI Data      Debug   Object Name

         0          0          0       1520          0        516   ascii_table.o
         0          0          0          0          0       4188   core_cm0.o
      2284        146          0         16          0       6763   drvgpio.o
       676         56          0          0         32       4411   drvi2c.o
       400         32          0          0         80       4888   drvspi.o
       892        118         16          8          0       9901   drvsys.o
        92         24          0         12          0       5127   drvuart.o
      1068         26          0         16          0       4731   lcd_driver.o
        36          0          0          0          0        538   seven_segment.o
      2640        218         90         20          0     140389   smpl_start_kit.o
       100         46        192          0       1024        760   startup_nuc1xx.o
       162         30          0         28          0     119362   system_nuc1xx.o

    ----------------------------------------------------------------------
      8358        696        332       1620       1136     301574   Object Totals
         0          0         32          0          0          0   (incl. Generated)
         8          0          2          0          0          0   (incl. Padding)

    ----------------------------------------------------------------------

      Code (inc. data)   RO Data    RW Data    ZI Data      Debug   Library Member Name

         8          0          0          0          0         68   __main.o
       286          0          0          0          0        136   __printf_wp.o
        60          8          0          0          0          0   __scatter.o
        26          0          0          0          0          0   __scatter_copy.o
        28          0          0          0          0          0   __scatter_zi.o
        48          6          0          0          0         88   _printf_char_common.o
        10          0          0          0          0          0   _printf_d.o
       108         18          0          0          0         76   _printf_dec.o
        88          4         40          0          0         72   _printf_hex_int.o
       176          0          0          0          0         84   _printf_intcommon.o
         2          0          0          0          0          0   _printf_percent.o
         4          0          0          0          0          0   _printf_percent_end.o
        10          0          0          0          0          0   _printf_x.o
        10          0          0          0          0         60   _sputc.o
       346          0          0          0          0         92   aeabi_sdiv.o
        12          0          0          0          0         64   exit.o
         6          0          0          0          0        136   heapauxi.o
         0          0          0          0          0          0   indicate_semi.o
         6          0          0          0          0          0   libinit.o
         2          0          0          0          0          0   libinit2.o
         2          0          0          0          0          0   libshutdown.o
         2          0          0          0          0          0   libshutdown2.o
         8          4          0          0         96         68   libspace.o
        40          4          0          0          0         84   noretval__2sprintf.o
        56          0          0          0          0         68   rt_memcpy.o
         0          0          0          0          0          0   rtentry.o
        12          0          0          0          0          0   rtentry2.o
         6          0          0          0          0          0   rtentry4.o
         2          0          0          0          0          0   rtexit.o
        10          0          0          0          0          0   rtexit2.o
        40          0          0          0          0         60   rtudiv10.o
        12          4          0          0          0         60   sys_exit.o
        62          0          0          0          0         80   sys_stackheap_outer.o
         2          0          0          0          0         68   use_no_semi.o

    ----------------------------------------------------------------------
      1494         48         40          0        100       1364   Library Totals
         4          0          0          0          4          0   (incl. Padding)

    ----------------------------------------------------------------------

      Code (inc. data)   RO Data    RW Data    ZI Data      Debug   Library Name

      1490         48         40          0         96       1364   c_p.l

    ----------------------------------------------------------------------
      1494         48         40          0        100       1364   Library Totals

    ----------------------------------------------------------------------

==============================================================================


      Code (inc. data)   RO Data    RW Data    ZI Data      Debug   

      9852        744        372       1620       1236     299898   Grand Totals
      9852        744        372       1620       1236     299898   ELF Image Totals
      9852        744        372       1620          0          0   ROM Totals

==============================================================================

    Total RO  Size (Code + RO Data)                10224 (   9.98kB)
    Total RW  Size (RW Data + ZI Data)              2856 (   2.79kB)
    Total ROM Size (Code + RO Data + RW Data)      11844 (  11.57kB)

==============================================================================

