ARM Linker, 4.1 [Build 894] [Evaluation]

==============================================================================

Small function inlining results

Inlined function __aeabi_idiv0 from aeabi_idiv0.o at offset 0x154 in aeabi_sdiv.o(.text).
Inlined Instruction: BX       lr
Inlined function __aeabi_idiv0 from aeabi_idiv0.o at offset 0x154 in aeabi_sdiv_div0.o(.text).
Inlined Instruction: BX       lr
Inlined function _platform_pre_stackheap_init from boardinit1.o at offset 0x0 in rtentry2.o(.ARM.Collect$$rtentry$$00000001).
Inlined Instruction: BX       lr
Inlined function _fp_init from fpinit.o at offset 0x2 in libinit.o(.ARM.Collect$$libinit$$00000000).
Inlined Instruction: BX       lr
Inlined function _platform_pre_lib_shutdown from boardshut.o at offset 0x0 in rtexit2.o(.ARM.Collect$$rtexit$$00000001).
Inlined Instruction: BX       lr
Inlined function __ARM_get_argv from no_argv.o at offset 0x2 in argv_veneer.o(.text).
Inlined Instruction: BX       lr
Inlined total of 6 calls.

==============================================================================

Memory Map of the image

  Image Entry point : 0x000001b9

  Load Region LR_1 (Base: 0x00000000, Size: 0x00002a08, Max: 0xffffffff, ABSOLUTE)

    Execution Region ER_RO (Base: 0x00000000, Size: 0x000023c4, Max: 0xffffffff, ABSOLUTE)

    Base Addr    Size         Type   Attr      Idx    E Section Name        Object

    0x00000000   0x000000c0   Data   RO           55    RESET               startup_nuc1xx.o
    0x000000c0   0x00000008   Code   RO         1561  * !!!main             c_p.l(__main.o)
    0x000000c8   0x0000003c   Code   RO         1734    !!!scatter          c_p.l(__scatter.o)
    0x00000104   0x0000001a   Code   RO         1736    !!handler_copy      c_p.l(__scatter_copy.o)
    0x0000011e   0x00000002   PAD
    0x00000120   0x0000001c   Code   RO         1738    !!handler_zi        c_p.l(__scatter_zi.o)
    0x0000013c   0x00000002   Code   RO         1550    .ARM.Collect$$_printf_percent$$00000000  c_p.l(_printf_percent.o)
    0x0000013e   0x0000000a   Code   RO         1549    .ARM.Collect$$_printf_percent$$00000009  c_p.l(_printf_d.o)
    0x00000148   0x0000000a   Code   RO         1548    .ARM.Collect$$_printf_percent$$0000000C  c_p.l(_printf_x.o)
    0x00000152   0x00000004   Code   RO         1574    .ARM.Collect$$_printf_percent$$00000017  c_p.l(_printf_percent_end.o)
    0x00000156   0x00000006   Code   RO         1610    .ARM.Collect$$libinit$$00000000  c_p.l(libinit.o)
    0x0000015c   0x00000000   Code   RO         1625    .ARM.Collect$$libinit$$00000006  c_p.l(libinit2.o)
    0x0000015c   0x00000000   Code   RO         1627    .ARM.Collect$$libinit$$00000008  c_p.l(libinit2.o)
    0x0000015c   0x00000000   Code   RO         1629    .ARM.Collect$$libinit$$0000000A  c_p.l(libinit2.o)
    0x0000015c   0x00000000   Code   RO         1632    .ARM.Collect$$libinit$$0000000D  c_p.l(libinit2.o)
    0x0000015c   0x00000000   Code   RO         1634    .ARM.Collect$$libinit$$0000000F  c_p.l(libinit2.o)
    0x0000015c   0x00000000   Code   RO         1636    .ARM.Collect$$libinit$$00000011  c_p.l(libinit2.o)
    0x0000015c   0x00000000   Code   RO         1638    .ARM.Collect$$libinit$$00000013  c_p.l(libinit2.o)
    0x0000015c   0x00000000   Code   RO         1640    .ARM.Collect$$libinit$$00000015  c_p.l(libinit2.o)
    0x0000015c   0x00000000   Code   RO         1642    .ARM.Collect$$libinit$$00000017  c_p.l(libinit2.o)
    0x0000015c   0x00000000   Code   RO         1644    .ARM.Collect$$libinit$$00000019  c_p.l(libinit2.o)
    0x0000015c   0x00000000   Code   RO         1646    .ARM.Collect$$libinit$$0000001B  c_p.l(libinit2.o)
    0x0000015c   0x00000000   Code   RO         1648    .ARM.Collect$$libinit$$0000001D  c_p.l(libinit2.o)
    0x0000015c   0x00000000   Code   RO         1650    .ARM.Collect$$libinit$$0000001F  c_p.l(libinit2.o)
    0x0000015c   0x00000000   Code   RO         1652    .ARM.Collect$$libinit$$00000021  c_p.l(libinit2.o)
    0x0000015c   0x00000000   Code   RO         1656    .ARM.Collect$$libinit$$00000028  c_p.l(libinit2.o)
    0x0000015c   0x00000000   Code   RO         1658    .ARM.Collect$$libinit$$0000002A  c_p.l(libinit2.o)
    0x0000015c   0x00000000   Code   RO         1660    .ARM.Collect$$libinit$$0000002C  c_p.l(libinit2.o)
    0x0000015c   0x00000000   Code   RO         1662    .ARM.Collect$$libinit$$0000002E  c_p.l(libinit2.o)
    0x0000015c   0x00000002   Code   RO         1663    .ARM.Collect$$libinit$$0000002F  c_p.l(libinit2.o)
    0x0000015e   0x00000002   Code   RO         1692    .ARM.Collect$$libshutdown$$00000000  c_p.l(libshutdown.o)
    0x00000160   0x00000000   Code   RO         1719    .ARM.Collect$$libshutdown$$00000003  c_p.l(libshutdown2.o)
    0x00000160   0x00000000   Code   RO         1722    .ARM.Collect$$libshutdown$$00000006  c_p.l(libshutdown2.o)
    0x00000160   0x00000000   Code   RO         1725    .ARM.Collect$$libshutdown$$00000009  c_p.l(libshutdown2.o)
    0x00000160   0x00000000   Code   RO         1727    .ARM.Collect$$libshutdown$$0000000B  c_p.l(libshutdown2.o)
    0x00000160   0x00000000   Code   RO         1730    .ARM.Collect$$libshutdown$$0000000E  c_p.l(libshutdown2.o)
    0x00000160   0x00000002   Code   RO         1731    .ARM.Collect$$libshutdown$$0000000F  c_p.l(libshutdown2.o)
    0x00000162   0x00000000   Code   RO         1563    .ARM.Collect$$rtentry$$00000000  c_p.l(rtentry.o)
    0x00000162   0x00000000   Code   RO         1578    .ARM.Collect$$rtentry$$00000002  c_p.l(rtentry2.o)
    0x00000162   0x00000006   Code   RO         1590    .ARM.Collect$$rtentry$$00000004  c_p.l(rtentry4.o)
    0x00000168   0x00000000   Code   RO         1580    .ARM.Collect$$rtentry$$00000009  c_p.l(rtentry2.o)
    0x00000168   0x00000004   Code   RO         1581    .ARM.Collect$$rtentry$$0000000A  c_p.l(rtentry2.o)
    0x0000016c   0x00000000   Code   RO         1583    .ARM.Collect$$rtentry$$0000000C  c_p.l(rtentry2.o)
    0x0000016c   0x00000008   Code   RO         1584    .ARM.Collect$$rtentry$$0000000D  c_p.l(rtentry2.o)
    0x00000174   0x00000002   Code   RO         1615    .ARM.Collect$$rtexit$$00000000  c_p.l(rtexit.o)
    0x00000176   0x00000000   Code   RO         1669    .ARM.Collect$$rtexit$$00000002  c_p.l(rtexit2.o)
    0x00000176   0x00000004   Code   RO         1670    .ARM.Collect$$rtexit$$00000003  c_p.l(rtexit2.o)
    0x0000017a   0x00000006   Code   RO         1671    .ARM.Collect$$rtexit$$00000004  c_p.l(rtexit2.o)
    0x00000180   0x00000038   Code   RO         1551    .emb_text           c_p.l(rt_memcpy.o)
    0x000001b8   0x00000064   Code   RO           56  * .text               startup_nuc1xx.o
    0x0000021c   0x00000028   Code   RO         1501    .text               c_p.l(noretval__2sprintf.o)
    0x00000244   0x0000006c   Code   RO         1505    .text               c_p.l(_printf_dec.o)
    0x000002b0   0x00000058   Code   RO         1510    .text               c_p.l(_printf_hex_int.o)
    0x00000308   0x00000110   Code   RO         1536    .text               c_p.l(__printf_wp.o)
    0x00000418   0x0000015a   Code   RO         1555    .text               c_p.l(aeabi_sdiv.o)
    0x00000572   0x00000006   Code   RO         1559    .text               c_p.l(heapauxi.o)
    0x00000578   0x000000b0   Code   RO         1568    .text               c_p.l(_printf_intcommon.o)
    0x00000628   0x00000030   Code   RO         1570    .text               c_p.l(_printf_char_common.o)
    0x00000658   0x0000000a   Code   RO         1572    .text               c_p.l(_sputc.o)
    0x00000662   0x00000028   Code   RO         1575    .text               c_p.l(rtudiv10.o)
    0x0000068a   0x0000003e   Code   RO         1596    .text               c_p.l(sys_stackheap_outer.o)
    0x000006c8   0x0000000c   Code   RO         1599    .text               c_p.l(exit.o)
    0x000006d4   0x00000008   Code   RO         1611    .text               c_p.l(libspace.o)
    0x000006dc   0x0000000c   Code   RO         1666    .text               c_p.l(sys_exit.o)
    0x000006e8   0x00000002   Code   RO         1681    .text               c_p.l(use_no_semi.o)
    0x000006ea   0x00000000   Code   RO         1683    .text               c_p.l(indicate_semi.o)
    0x000006ea   0x00000002   PAD
    0x000006ec   0x00000020   Code   RO           60    i.ADC_IRQHandler    smpl_start_kit.o
    0x0000070c   0x00000028   Code   RO          749    i.BOD_IRQHandler    drvsys.o
    0x00000734   0x00000758   Code   RO         1219    i.DrvGPIO_InitFunction  drvgpio.o
    0x00000e8c   0x00000090   Code   RO          281    i.DrvI2C_Close      drvi2c.o
    0x00000f1c   0x00000054   Code   RO          282    i.DrvI2C_Ctrl       drvi2c.o
    0x00000f70   0x000000d0   Code   RO          290    i.DrvI2C_Open       drvi2c.o
    0x00001040   0x0000006c   Code   RO          768    i.DrvSYS_GetHCLKFreq  drvsys.o
    0x000010ac   0x00000078   Code   RO          769    i.DrvSYS_GetPLLClockFreq  drvsys.o
    0x00001124   0x000000c0   Code   RO          770    i.DrvSYS_GetPLLContent  drvsys.o
    0x000011e4   0x00000010   Code   RO          773    i.DrvSYS_IsProtectedRegLocked  drvsys.o
    0x000011f4   0x000000ac   Code   RO          775    i.DrvSYS_Open       drvsys.o
    0x000012a0   0x00000038   Code   RO          781    i.DrvSYS_SelectHCLKSource  drvsys.o
    0x000012d8   0x00000088   Code   RO          786    i.DrvSYS_SetClockDivider  drvsys.o
    0x00001360   0x0000004c   Code   RO          790    i.DrvSYS_SetPLLContent  drvsys.o
    0x000013ac   0x00000024   Code   RO         1227    i.EINT0_IRQHandler  drvgpio.o
    0x000013d0   0x00000024   Code   RO         1228    i.EINT1_IRQHandler  drvgpio.o
    0x000013f4   0x0000003c   Code   RO         1229    i.GPAB_IRQHandler   drvgpio.o
    0x00001430   0x00000040   Code   RO         1230    i.GPCDE_IRQHandler  drvgpio.o
    0x00001470   0x0000000c   Code   RO           61    i.HEX2Disp          smpl_start_kit.o
    0x0000147c   0x00000078   Code   RO          298    i.I2C0_IRQHandler   drvi2c.o
    0x000014f4   0x00000078   Code   RO          299    i.I2C1_IRQHandler   drvi2c.o
    0x0000156c   0x000000f4   Code   RO           64    i.InitADC4          smpl_start_kit.o
    0x00001660   0x00000090   Code   RO           65    i.InitTIMER0        smpl_start_kit.o
    0x000016f0   0x00000090   Code   RO           66    i.InitTIMER1        smpl_start_kit.o
    0x00001780   0x00000218   Code   RO          185    i.Initial_pannel    lcd_driver.o
    0x00001998   0x00000014   Code   RO           67    i.NVIC_EnableIRQ    smpl_start_kit.o
    0x000019ac   0x00000028   Code   RO          797    i.PWRWU_IRQHandler  drvsys.o
    0x000019d4   0x00000104   Code   RO           68    i.Read_A2D_8591     smpl_start_kit.o
    0x00001ad8   0x00000064   Code   RO          480    i.SPI0_IRQHandler   drvspi.o
    0x00001b3c   0x00000064   Code   RO          481    i.SPI1_IRQHandler   drvspi.o
    0x00001ba0   0x00000064   Code   RO          482    i.SPI2_IRQHandler   drvspi.o
    0x00001c04   0x00000064   Code   RO          483    i.SPI3_IRQHandler   drvspi.o
    0x00001c68   0x000000f4   Code   RO          186    i.SetPACA           lcd_driver.o
    0x00001d5c   0x00000078   Code   RO          187    i.Show_Word         lcd_driver.o
    0x00001dd4   0x000000a0   Code   RO           17    i.SystemCoreClockUpdate  system_nuc1xx.o
    0x00001e74   0x00000002   Code   RO           18    i.SystemInit        system_nuc1xx.o
    0x00001e76   0x00000002   PAD
    0x00001e78   0x000000f4   Code   RO           69    i.TMR0_IRQHandler   smpl_start_kit.o
    0x00001f6c   0x00000090   Code   RO           70    i.TMR1_IRQHandler   smpl_start_kit.o
    0x00001ffc   0x0000003c   Code   RO         1074    i.UART02_IRQHandler  drvuart.o
    0x00002038   0x00000020   Code   RO         1075    i.UART1_IRQHandler  drvuart.o
    0x00002058   0x00000058   Code   RO          189    i.WriteData         lcd_driver.o
    0x000020b0   0x000000a0   Code   RO           71    i.Write_to_any8574  smpl_start_kit.o
    0x00002150   0x0000001c   Code   RO         1046    i.__ARM_common_switch8  drvsys.o
    0x0000216c   0x0000000e   Code   RO         1538    i._is_digit         c_p.l(__printf_wp.o)
    0x0000217a   0x00000028   Code   RO          190    i.clr_all_pannal    lcd_driver.o
    0x000021a2   0x0000002c   Code   RO           72    i.disp2Digit8574    smpl_start_kit.o
    0x000021ce   0x00000002   PAD
    0x000021d0   0x00000068   Code   RO           73    i.main              smpl_start_kit.o
    0x00002238   0x000000c4   Code   RO           74    i.out_D2A_8591      smpl_start_kit.o
    0x000022fc   0x00000028   Code   RO          191    i.print_lcd         lcd_driver.o
    0x00002324   0x00000047   Data   RO           75    .constdata          smpl_start_kit.o
    0x0000236b   0x00000001   PAD
    0x0000236c   0x00000010   Data   RO          798    .constdata          drvsys.o
    0x0000237c   0x00000028   Data   RO         1511    .constdata          c_p.l(_printf_hex_int.o)
    0x000023a4   0x00000020   Data   RO         1732    Region$$Table       anon$$obj.o


    Execution Region ER_RW (Base: 0x20000000, Size: 0x00000644, Max: 0xffffffff, ABSOLUTE)

    Base Addr    Size         Type   Attr      Idx    E Section Name        Object

    0x20000000   0x0000001c   Data   RW           19    .data               system_nuc1xx.o
    0x2000001c   0x00000002   Data   RW           76    .data               smpl_start_kit.o
    0x2000001e   0x00000002   PAD
    0x20000020   0x00000010   Data   RW          192    .data               lcd_driver.o
    0x20000030   0x000005f0   Data   RW          245    .data               ascii_table.o
    0x20000620   0x00000008   Data   RW          799    .data               drvsys.o
    0x20000628   0x0000000c   Data   RW         1076    .data               drvuart.o
    0x20000634   0x00000010   Data   RW         1234    .data               drvgpio.o


    Execution Region ER_ZI (Base: 0x20000644, Size: 0x000004d4, Max: 0xffffffff, ABSOLUTE)

    Base Addr    Size         Type   Attr      Idx    E Section Name        Object

    0x20000644   0x00000020   Zero   RW          303    .bss                drvi2c.o
    0x20000664   0x00000050   Zero   RW          484    .bss                drvspi.o
    0x200006b4   0x00000060   Zero   RW         1612    .bss                c_p.l(libspace.o)
    0x20000714   0x00000004   PAD
    0x20000718   0x00000000   Zero   RW           54    HEAP                startup_nuc1xx.o
    0x20000718   0x00000400   Zero   RW           53    STACK               startup_nuc1xx.o


==============================================================================

Image component sizes


      Code (inc. data)   RO Data    RW Data    ZI Data      Debug   Object Name

         0          0          0       1520          0        476   ascii_table.o
         0          0          0          0          0       4188   core_cm0.o
      2076        120          0         16          0       9266   drvgpio.o
       676         56          0          0         32       4251   drvi2c.o
       400         32          0          0         80       4728   drvspi.o
       984        116         16          8          0       9815   drvsys.o
        92         24          0         12          0       5019   drvuart.o
      1068         26          0         16          0       4559   lcd_driver.o
      1748        214         71          2          0     132463   smpl_start_kit.o
       100         46        192          0       1024        740   startup_nuc1xx.o
       162         30          0         28          0     119250   system_nuc1xx.o

    ----------------------------------------------------------------------
      7310        664        312       1604       1136     294755   Object Totals
         0          0         32          0          0          0   (incl. Generated)
         4          0          1          2          0          0   (incl. Padding)

    ----------------------------------------------------------------------

      Code (inc. data)   RO Data    RW Data    ZI Data      Debug   Library Member Name

         8          0          0          0          0         68   __main.o
       286          0          0          0          0        136   __printf_wp.o
        60          8          0          0          0          0   __scatter.o
        26          0          0          0          0          0   __scatter_copy.o
        28          0          0          0          0          0   __scatter_zi.o
        48          6          0          0          0         88   _printf_char_common.o
        10          0          0          0          0          0   _printf_d.o
       108         18          0          0          0         76   _printf_dec.o
        88          4         40          0          0         72   _printf_hex_int.o
       176          0          0          0          0         84   _printf_intcommon.o
         2          0          0          0          0          0   _printf_percent.o
         4          0          0          0          0          0   _printf_percent_end.o
        10          0          0          0          0          0   _printf_x.o
        10          0          0          0          0         60   _sputc.o
       346          0          0          0          0         92   aeabi_sdiv.o
        12          0          0          0          0         64   exit.o
         6          0          0          0          0        136   heapauxi.o
         0          0          0          0          0          0   indicate_semi.o
         6          0          0          0          0          0   libinit.o
         2          0          0          0          0          0   libinit2.o
         2          0          0          0          0          0   libshutdown.o
         2          0          0          0          0          0   libshutdown2.o
         8          4          0          0         96         68   libspace.o
        40          4          0          0          0         84   noretval__2sprintf.o
        56          0          0          0          0         68   rt_memcpy.o
         0          0          0          0          0          0   rtentry.o
        12          0          0          0          0          0   rtentry2.o
         6          0          0          0          0          0   rtentry4.o
         2          0          0          0          0          0   rtexit.o
        10          0          0          0          0          0   rtexit2.o
        40          0          0          0          0         60   rtudiv10.o
        12          4          0          0          0         60   sys_exit.o
        62          0          0          0          0         80   sys_stackheap_outer.o
         2          0          0          0          0         68   use_no_semi.o

    ----------------------------------------------------------------------
      1494         48         40          0        100       1364   Library Totals
         4          0          0          0          4          0   (incl. Padding)

    ----------------------------------------------------------------------

      Code (inc. data)   RO Data    RW Data    ZI Data      Debug   Library Name

      1490         48         40          0         96       1364   c_p.l

    ----------------------------------------------------------------------
      1494         48         40          0        100       1364   Library Totals

    ----------------------------------------------------------------------

==============================================================================


      Code (inc. data)   RO Data    RW Data    ZI Data      Debug   

      8804        712        352       1604       1236     293387   Grand Totals
      8804        712        352       1604       1236     293387   ELF Image Totals
      8804        712        352       1604          0          0   ROM Totals

==============================================================================

    Total RO  Size (Code + RO Data)                 9156 (   8.94kB)
    Total RW  Size (RW Data + ZI Data)              2840 (   2.77kB)
    Total ROM Size (Code + RO Data + RW Data)      10760 (  10.51kB)

==============================================================================

