<html>
<body>
<pre>
<h1>µVision Build Log</h1>
<h2>Project:</h2>
C:\Nuvoton\BSP Library\NUC100SeriesBSP_CMSIS_v1.05.003\NuvotonPlatform_Keil\Sample\NUC1xx-LB_002\Smpl_Start_Kit\Smpl_Start_Kit.uvproj
Project File Date:  01/23/2019

<h2>Output:</h2>
Rebuild target 'Smpl_Start_Kit'
creating preprocessor file for core_cm0.c...
compiling core_cm0.c...
creating preprocessor file for system_NUC1xx.c...
compiling system_NUC1xx.c...
assembling startup_NUC1xx.s...
creating preprocessor file for Smpl_Start_Kit.c...
compiling Smpl_Start_Kit.c...
creating preprocessor file for LCD_Driver.c...
compiling LCD_Driver.c...
creating preprocessor file for Ascii_Table.C...
compiling Ascii_Table.C...
creating preprocessor file for Seven_Segment.c...
compiling Seven_Segment.c...
creating preprocessor file for DrvSPI.c...
compiling DrvSPI.c...
creating preprocessor file for DrvSYS.c...
compiling DrvSYS.c...
creating preprocessor file for DrvUART.c...
compiling DrvUART.c...
creating preprocessor file for DrvGPIO.c...
compiling DrvGPIO.c...
creating preprocessor file for retarget.c...
compiling retarget.c...
linking...
Program Size: Code=3932 RO-data=224 RW-data=1616 ZI-data=1200  
User command #1: fromelf --bin ".\obj\Smpl_Start_Kit.axf" --output ".\obj\Smpl_Start_Kit.bin"
User command #2: fromelf --text -c ".\obj\Smpl_Start_Kit.axf" --output ".\obj\Smpl_Start_Kit.txt"
".\obj\Smpl_Start_Kit.axf" - 0 Error(s), 0 Warning(s).
Load "C:\\Nuvoton\\BSP Library\\NUC100SeriesBSP_CMSIS_v1.05.003\\NuvotonPlatform_Keil\\Sample\\NUC1xx-LB_002\\Smpl_Start_Kit\\obj\\Smpl_Start_Kit.AXF" 
Rebuild target 'Smpl_Start_Kit'
creating preprocessor file for core_cm0.c...
compiling core_cm0.c...
creating preprocessor file for system_NUC1xx.c...
compiling system_NUC1xx.c...
assembling startup_NUC1xx.s...
creating preprocessor file for Smpl_Start_Kit.c...
compiling Smpl_Start_Kit.c...
creating preprocessor file for LCD_Driver.c...
compiling LCD_Driver.c...
creating preprocessor file for Ascii_Table.C...
compiling Ascii_Table.C...
creating preprocessor file for Seven_Segment.c...
compiling Seven_Segment.c...
creating preprocessor file for DrvSPI.c...
compiling DrvSPI.c...
creating preprocessor file for DrvSYS.c...
compiling DrvSYS.c...
creating preprocessor file for DrvUART.c...
compiling DrvUART.c...
creating preprocessor file for DrvGPIO.c...
compiling DrvGPIO.c...
creating preprocessor file for retarget.c...
compiling retarget.c...
linking...
Program Size: Code=3932 RO-data=224 RW-data=1616 ZI-data=1200  
User command #1: fromelf --bin ".\obj\Smpl_Start_Kit.axf" --output ".\obj\Smpl_Start_Kit.bin"
User command #2: fromelf --text -c ".\obj\Smpl_Start_Kit.axf" --output ".\obj\Smpl_Start_Kit.txt"
".\obj\Smpl_Start_Kit.axf" - 0 Error(s), 0 Warning(s).
Load "C:\\Nuvoton\\BSP Library\\NUC100SeriesBSP_CMSIS_v1.05.003\\NuvotonPlatform_Keil\\Sample\\NUC1xx-LB_002\\Smpl_Start_Kit\\obj\\Smpl_Start_Kit.AXF" 
Rebuild target 'Smpl_Start_Kit'
creating preprocessor file for core_cm0.c...
compiling core_cm0.c...
creating preprocessor file for system_NUC1xx.c...
compiling system_NUC1xx.c...
assembling startup_NUC1xx.s...
creating preprocessor file for Smpl_Start_Kit.c...
compiling Smpl_Start_Kit.c...
Smpl_Start_Kit.c(82): warning:  #167-D: argument of type "void (*)(void)" is incompatible with parameter of type "PFN_DRVUART_CALLBACK *"
creating preprocessor file for LCD_Driver.c...
compiling LCD_Driver.c...
creating preprocessor file for Ascii_Table.C...
compiling Ascii_Table.C...
creating preprocessor file for Seven_Segment.c...
compiling Seven_Segment.c...
creating preprocessor file for DrvSPI.c...
compiling DrvSPI.c...
creating preprocessor file for DrvSYS.c...
compiling DrvSYS.c...
creating preprocessor file for DrvUART.c...
compiling DrvUART.c...
creating preprocessor file for DrvGPIO.c...
compiling DrvGPIO.c...
creating preprocessor file for retarget.c...
compiling retarget.c...
linking...
.\obj\Smpl_Start_Kit.axf: Error: L6218E: Undefined symbol Scankey (referred from smpl_start_kit.o).
Target not created
Rebuild target 'Smpl_Start_Kit'
creating preprocessor file for core_cm0.c...
compiling core_cm0.c...
creating preprocessor file for system_NUC1xx.c...
compiling system_NUC1xx.c...
assembling startup_NUC1xx.s...
creating preprocessor file for Smpl_Start_Kit.c...
compiling Smpl_Start_Kit.c...
Smpl_Start_Kit.c(82): warning:  #167-D: argument of type "void (*)(void)" is incompatible with parameter of type "PFN_DRVUART_CALLBACK *"
creating preprocessor file for LCD_Driver.c...
compiling LCD_Driver.c...
creating preprocessor file for Ascii_Table.C...
compiling Ascii_Table.C...
creating preprocessor file for Seven_Segment.c...
compiling Seven_Segment.c...
creating preprocessor file for ScanKey.c...
compiling ScanKey.c...
creating preprocessor file for DrvSPI.c...
compiling DrvSPI.c...
creating preprocessor file for DrvSYS.c...
compiling DrvSYS.c...
creating preprocessor file for DrvUART.c...
compiling DrvUART.c...
creating preprocessor file for DrvGPIO.c...
compiling DrvGPIO.c...
creating preprocessor file for retarget.c...
compiling retarget.c...
linking...
Program Size: Code=7980 RO-data=244 RW-data=1620 ZI-data=1220  
User command #1: fromelf --bin ".\obj\Smpl_Start_Kit.axf" --output ".\obj\Smpl_Start_Kit.bin"
User command #2: fromelf --text -c ".\obj\Smpl_Start_Kit.axf" --output ".\obj\Smpl_Start_Kit.txt"
".\obj\Smpl_Start_Kit.axf" - 0 Error(s), 1 Warning(s).
Load "C:\\Nuvoton\\BSP Library\\NUC100SeriesBSP_CMSIS_v1.05.003\\NuvotonPlatform_Keil\\Sample\\NUC1xx-LB_002\\Smpl_Start_Kit\\obj\\Smpl_Start_Kit.AXF" 
Load "C:\\Nuvoton\\BSP Library\\NUC100SeriesBSP_CMSIS_v1.05.003\\NuvotonPlatform_Keil\\Sample\\NUC1xx-LB_002\\Smpl_Start_Kit\\obj\\Smpl_Start_Kit.AXF" 
Rebuild target 'Smpl_Start_Kit'
creating preprocessor file for core_cm0.c...
compiling core_cm0.c...
creating preprocessor file for system_NUC1xx.c...
compiling system_NUC1xx.c...
assembling startup_NUC1xx.s...
creating preprocessor file for Smpl_Start_Kit.c...
compiling Smpl_Start_Kit.c...
Smpl_Start_Kit.c(79): warning:  #167-D: argument of type "void (*)(void)" is incompatible with parameter of type "PFN_DRVUART_CALLBACK *"
Smpl_Start_Kit.c(123): error:  #148: variable "comRbytes" has already been initialized
Smpl_Start_Kit.c(125): error:  #148: variable "TEXT1" has already been initialized
Smpl_Start_Kit.c(126): error:  #148: variable "TEXT2" has already been initialized
Smpl_Start_Kit.c(129): error:  #247: function "UART_INT_HANDLE" has already been defined
Smpl_Start_Kit.c(148): error:  #247: function "main" has already been defined
Smpl_Start_Kit.c(174): warning:  #167-D: argument of type "void (*)(void)" is incompatible with parameter of type "PFN_DRVUART_CALLBACK *"
creating preprocessor file for LCD_Driver.c...
compiling LCD_Driver.c...
creating preprocessor file for Ascii_Table.C...
compiling Ascii_Table.C...
creating preprocessor file for Seven_Segment.c...
compiling Seven_Segment.c...
creating preprocessor file for ScanKey.c...
compiling ScanKey.c...
creating preprocessor file for DrvSPI.c...
compiling DrvSPI.c...
creating preprocessor file for DrvSYS.c...
compiling DrvSYS.c...
creating preprocessor file for DrvUART.c...
compiling DrvUART.c...
creating preprocessor file for DrvGPIO.c...
compiling DrvGPIO.c...
creating preprocessor file for retarget.c...
compiling retarget.c...
Target not created
Rebuild target 'Smpl_Start_Kit'
creating preprocessor file for core_cm0.c...
compiling core_cm0.c...
creating preprocessor file for system_NUC1xx.c...
compiling system_NUC1xx.c...
assembling startup_NUC1xx.s...
creating preprocessor file for Smpl_Start_Kit.c...
compiling Smpl_Start_Kit.c...
Smpl_Start_Kit.c(79): warning:  #167-D: argument of type "void (*)(void)" is incompatible with parameter of type "PFN_DRVUART_CALLBACK *"
creating preprocessor file for LCD_Driver.c...
compiling LCD_Driver.c...
creating preprocessor file for Ascii_Table.C...
compiling Ascii_Table.C...
creating preprocessor file for Seven_Segment.c...
compiling Seven_Segment.c...
creating preprocessor file for ScanKey.c...
compiling ScanKey.c...
creating preprocessor file for DrvSPI.c...
compiling DrvSPI.c...
creating preprocessor file for DrvSYS.c...
compiling DrvSYS.c...
creating preprocessor file for DrvUART.c...
compiling DrvUART.c...
creating preprocessor file for DrvGPIO.c...
compiling DrvGPIO.c...
creating preprocessor file for retarget.c...
compiling retarget.c...
linking...
Program Size: Code=7832 RO-data=240 RW-data=1636 ZI-data=1220  
User command #1: fromelf --bin ".\obj\Smpl_Start_Kit.axf" --output ".\obj\Smpl_Start_Kit.bin"
User command #2: fromelf --text -c ".\obj\Smpl_Start_Kit.axf" --output ".\obj\Smpl_Start_Kit.txt"
".\obj\Smpl_Start_Kit.axf" - 0 Error(s), 1 Warning(s).
Load "C:\\Nuvoton\\BSP Library\\NUC100SeriesBSP_CMSIS_v1.05.003\\NuvotonPlatform_Keil\\Sample\\NUC1xx-LB_002\\Smpl_Start_Kit\\obj\\Smpl_Start_Kit.AXF" 
Rebuild target 'Smpl_Start_Kit'
creating preprocessor file for core_cm0.c...
compiling core_cm0.c...
creating preprocessor file for system_NUC1xx.c...
compiling system_NUC1xx.c...
assembling startup_NUC1xx.s...
creating preprocessor file for Smpl_Start_Kit.c...
compiling Smpl_Start_Kit.c...
Smpl_Start_Kit.c(79): warning:  #167-D: argument of type "void (*)(void)" is incompatible with parameter of type "PFN_DRVUART_CALLBACK *"
creating preprocessor file for LCD_Driver.c...
compiling LCD_Driver.c...
creating preprocessor file for Ascii_Table.C...
compiling Ascii_Table.C...
creating preprocessor file for Seven_Segment.c...
compiling Seven_Segment.c...
creating preprocessor file for ScanKey.c...
compiling ScanKey.c...
creating preprocessor file for DrvSPI.c...
compiling DrvSPI.c...
creating preprocessor file for DrvSYS.c...
compiling DrvSYS.c...
creating preprocessor file for DrvUART.c...
compiling DrvUART.c...
creating preprocessor file for DrvGPIO.c...
compiling DrvGPIO.c...
creating preprocessor file for retarget.c...
compiling retarget.c...
linking...
Program Size: Code=7832 RO-data=240 RW-data=1636 ZI-data=1220  
User command #1: fromelf --bin ".\obj\Smpl_Start_Kit.axf" --output ".\obj\Smpl_Start_Kit.bin"
User command #2: fromelf --text -c ".\obj\Smpl_Start_Kit.axf" --output ".\obj\Smpl_Start_Kit.txt"
".\obj\Smpl_Start_Kit.axf" - 0 Error(s), 1 Warning(s).
Load "C:\\Nuvoton\\BSP Library\\NUC100SeriesBSP_CMSIS_v1.05.003\\NuvotonPlatform_Keil\\Sample\\NUC1xx-LB_002\\Smpl_Start_Kit\\obj\\Smpl_Start_Kit.AXF" 
Rebuild target 'Smpl_Start_Kit'
creating preprocessor file for core_cm0.c...
compiling core_cm0.c...
creating preprocessor file for system_NUC1xx.c...
compiling system_NUC1xx.c...
assembling startup_NUC1xx.s...
creating preprocessor file for Smpl_Start_Kit.c...
compiling Smpl_Start_Kit.c...
Smpl_Start_Kit.c(79): warning:  #167-D: argument of type "void (*)(void)" is incompatible with parameter of type "PFN_DRVUART_CALLBACK *"
creating preprocessor file for LCD_Driver.c...
compiling LCD_Driver.c...
creating preprocessor file for Ascii_Table.C...
compiling Ascii_Table.C...
creating preprocessor file for Seven_Segment.c...
compiling Seven_Segment.c...
creating preprocessor file for ScanKey.c...
compiling ScanKey.c...
creating preprocessor file for DrvSPI.c...
compiling DrvSPI.c...
creating preprocessor file for DrvSYS.c...
compiling DrvSYS.c...
creating preprocessor file for DrvUART.c...
compiling DrvUART.c...
creating preprocessor file for DrvGPIO.c...
compiling DrvGPIO.c...
creating preprocessor file for retarget.c...
compiling retarget.c...
linking...
Program Size: Code=7832 RO-data=240 RW-data=1636 ZI-data=1220  
User command #1: fromelf --bin ".\obj\Smpl_Start_Kit.axf" --output ".\obj\Smpl_Start_Kit.bin"
User command #2: fromelf --text -c ".\obj\Smpl_Start_Kit.axf" --output ".\obj\Smpl_Start_Kit.txt"
".\obj\Smpl_Start_Kit.axf" - 0 Error(s), 1 Warning(s).
Load "C:\\Nuvoton\\BSP Library\\NUC100SeriesBSP_CMSIS_v1.05.003\\NuvotonPlatform_Keil\\Sample\\NUC1xx-LB_002\\Smpl_Start_Kit\\obj\\Smpl_Start_Kit.AXF" 
Rebuild target 'Smpl_Start_Kit'
creating preprocessor file for core_cm0.c...
compiling core_cm0.c...
creating preprocessor file for system_NUC1xx.c...
compiling system_NUC1xx.c...
assembling startup_NUC1xx.s...
creating preprocessor file for Smpl_Start_Kit.c...
compiling Smpl_Start_Kit.c...
Smpl_Start_Kit.c(91): warning:  #167-D: argument of type "void (*)(void)" is incompatible with parameter of type "PFN_DRVUART_CALLBACK *"
creating preprocessor file for LCD_Driver.c...
compiling LCD_Driver.c...
creating preprocessor file for Ascii_Table.C...
compiling Ascii_Table.C...
creating preprocessor file for Seven_Segment.c...
compiling Seven_Segment.c...
creating preprocessor file for ScanKey.c...
compiling ScanKey.c...
creating preprocessor file for DrvSPI.c...
compiling DrvSPI.c...
creating preprocessor file for DrvSYS.c...
compiling DrvSYS.c...
creating preprocessor file for DrvUART.c...
compiling DrvUART.c...
creating preprocessor file for DrvGPIO.c...
compiling DrvGPIO.c...
creating preprocessor file for retarget.c...
compiling retarget.c...
linking...
Program Size: Code=7836 RO-data=240 RW-data=1636 ZI-data=1220  
User command #1: fromelf --bin ".\obj\Smpl_Start_Kit.axf" --output ".\obj\Smpl_Start_Kit.bin"
User command #2: fromelf --text -c ".\obj\Smpl_Start_Kit.axf" --output ".\obj\Smpl_Start_Kit.txt"
".\obj\Smpl_Start_Kit.axf" - 0 Error(s), 1 Warning(s).
Load "C:\\Nuvoton\\BSP Library\\NUC100SeriesBSP_CMSIS_v1.05.003\\NuvotonPlatform_Keil\\Sample\\NUC1xx-LB_002\\Smpl_Start_Kit\\obj\\Smpl_Start_Kit.AXF" 
Rebuild target 'Smpl_Start_Kit'
creating preprocessor file for core_cm0.c...
compiling core_cm0.c...
creating preprocessor file for system_NUC1xx.c...
compiling system_NUC1xx.c...
assembling startup_NUC1xx.s...
creating preprocessor file for Smpl_Start_Kit.c...
compiling Smpl_Start_Kit.c...
Smpl_Start_Kit.c(93): warning:  #167-D: argument of type "void (*)(void)" is incompatible with parameter of type "PFN_DRVUART_CALLBACK *"
creating preprocessor file for LCD_Driver.c...
compiling LCD_Driver.c...
creating preprocessor file for Ascii_Table.C...
compiling Ascii_Table.C...
creating preprocessor file for Seven_Segment.c...
compiling Seven_Segment.c...
creating preprocessor file for ScanKey.c...
compiling ScanKey.c...
creating preprocessor file for DrvSPI.c...
compiling DrvSPI.c...
creating preprocessor file for DrvSYS.c...
compiling DrvSYS.c...
creating preprocessor file for DrvUART.c...
compiling DrvUART.c...
creating preprocessor file for DrvGPIO.c...
compiling DrvGPIO.c...
creating preprocessor file for retarget.c...
compiling retarget.c...
linking...
Program Size: Code=7848 RO-data=240 RW-data=1636 ZI-data=1220  
User command #1: fromelf --bin ".\obj\Smpl_Start_Kit.axf" --output ".\obj\Smpl_Start_Kit.bin"
User command #2: fromelf --text -c ".\obj\Smpl_Start_Kit.axf" --output ".\obj\Smpl_Start_Kit.txt"
".\obj\Smpl_Start_Kit.axf" - 0 Error(s), 1 Warning(s).
Load "C:\\Nuvoton\\BSP Library\\NUC100SeriesBSP_CMSIS_v1.05.003\\NuvotonPlatform_Keil\\Sample\\NUC1xx-LB_002\\Smpl_Start_Kit\\obj\\Smpl_Start_Kit.AXF" 
Rebuild target 'Smpl_Start_Kit'
creating preprocessor file for core_cm0.c...
compiling core_cm0.c...
creating preprocessor file for system_NUC1xx.c...
compiling system_NUC1xx.c...
assembling startup_NUC1xx.s...
creating preprocessor file for Smpl_Start_Kit.c...
compiling Smpl_Start_Kit.c...
Smpl_Start_Kit.c(93): warning:  #167-D: argument of type "void (*)(void)" is incompatible with parameter of type "PFN_DRVUART_CALLBACK *"
creating preprocessor file for LCD_Driver.c...
compiling LCD_Driver.c...
creating preprocessor file for Ascii_Table.C...
compiling Ascii_Table.C...
creating preprocessor file for Seven_Segment.c...
compiling Seven_Segment.c...
creating preprocessor file for ScanKey.c...
compiling ScanKey.c...
creating preprocessor file for DrvSPI.c...
compiling DrvSPI.c...
creating preprocessor file for DrvSYS.c...
compiling DrvSYS.c...
creating preprocessor file for DrvUART.c...
compiling DrvUART.c...
creating preprocessor file for DrvGPIO.c...
compiling DrvGPIO.c...
creating preprocessor file for retarget.c...
compiling retarget.c...
linking...
Program Size: Code=7844 RO-data=240 RW-data=1636 ZI-data=1220  
User command #1: fromelf --bin ".\obj\Smpl_Start_Kit.axf" --output ".\obj\Smpl_Start_Kit.bin"
User command #2: fromelf --text -c ".\obj\Smpl_Start_Kit.axf" --output ".\obj\Smpl_Start_Kit.txt"
".\obj\Smpl_Start_Kit.axf" - 0 Error(s), 1 Warning(s).
Load "C:\\Nuvoton\\BSP Library\\NUC100SeriesBSP_CMSIS_v1.05.003\\NuvotonPlatform_Keil\\Sample\\NUC1xx-LB_002\\Smpl_Start_Kit\\obj\\Smpl_Start_Kit.AXF" 
Rebuild target 'Smpl_Start_Kit'
creating preprocessor file for core_cm0.c...
compiling core_cm0.c...
creating preprocessor file for system_NUC1xx.c...
compiling system_NUC1xx.c...
assembling startup_NUC1xx.s...
creating preprocessor file for Smpl_Start_Kit.c...
compiling Smpl_Start_Kit.c...
Smpl_Start_Kit.c(93): warning:  #167-D: argument of type "void (*)(void)" is incompatible with parameter of type "PFN_DRVUART_CALLBACK *"
creating preprocessor file for LCD_Driver.c...
compiling LCD_Driver.c...
creating preprocessor file for Ascii_Table.C...
compiling Ascii_Table.C...
creating preprocessor file for Seven_Segment.c...
compiling Seven_Segment.c...
creating preprocessor file for ScanKey.c...
compiling ScanKey.c...
creating preprocessor file for DrvSPI.c...
compiling DrvSPI.c...
creating preprocessor file for DrvSYS.c...
compiling DrvSYS.c...
creating preprocessor file for DrvUART.c...
compiling DrvUART.c...
creating preprocessor file for DrvGPIO.c...
compiling DrvGPIO.c...
creating preprocessor file for retarget.c...
compiling retarget.c...
linking...
Program Size: Code=7844 RO-data=240 RW-data=1636 ZI-data=1220  
User command #1: fromelf --bin ".\obj\Smpl_Start_Kit.axf" --output ".\obj\Smpl_Start_Kit.bin"
User command #2: fromelf --text -c ".\obj\Smpl_Start_Kit.axf" --output ".\obj\Smpl_Start_Kit.txt"
".\obj\Smpl_Start_Kit.axf" - 0 Error(s), 1 Warning(s).
Load "C:\\Nuvoton\\BSP Library\\NUC100SeriesBSP_CMSIS_v1.05.003\\NuvotonPlatform_Keil\\Sample\\NUC1xx-LB_002\\Smpl_Start_Kit\\obj\\Smpl_Start_Kit.AXF" 
Load "C:\\Nuvoton\\BSP Library\\NUC100SeriesBSP_CMSIS_v1.05.003\\NuvotonPlatform_Keil\\Sample\\NUC1xx-LB_002\\Smpl_Start_Kit\\obj\\Smpl_Start_Kit.AXF" 
Rebuild target 'Smpl_Start_Kit'
creating preprocessor file for core_cm0.c...
compiling core_cm0.c...
creating preprocessor file for system_NUC1xx.c...
compiling system_NUC1xx.c...
assembling startup_NUC1xx.s...
creating preprocessor file for Smpl_Start_Kit.c...
compiling Smpl_Start_Kit.c...
Smpl_Start_Kit.c(93): warning:  #167-D: argument of type "void (*)(void)" is incompatible with parameter of type "PFN_DRVUART_CALLBACK *"
creating preprocessor file for LCD_Driver.c...
compiling LCD_Driver.c...
creating preprocessor file for Ascii_Table.C...
compiling Ascii_Table.C...
creating preprocessor file for Seven_Segment.c...
compiling Seven_Segment.c...
creating preprocessor file for ScanKey.c...
compiling ScanKey.c...
creating preprocessor file for DrvSPI.c...
compiling DrvSPI.c...
creating preprocessor file for DrvSYS.c...
compiling DrvSYS.c...
creating preprocessor file for DrvUART.c...
compiling DrvUART.c...
creating preprocessor file for DrvGPIO.c...
compiling DrvGPIO.c...
creating preprocessor file for retarget.c...
compiling retarget.c...
linking...
Program Size: Code=7840 RO-data=240 RW-data=1636 ZI-data=1220  
User command #1: fromelf --bin ".\obj\Smpl_Start_Kit.axf" --output ".\obj\Smpl_Start_Kit.bin"
User command #2: fromelf --text -c ".\obj\Smpl_Start_Kit.axf" --output ".\obj\Smpl_Start_Kit.txt"
".\obj\Smpl_Start_Kit.axf" - 0 Error(s), 1 Warning(s).
Load "C:\\Nuvoton\\BSP Library\\NUC100SeriesBSP_CMSIS_v1.05.003\\NuvotonPlatform_Keil\\Sample\\NUC1xx-LB_002\\Smpl_Start_Kit\\obj\\Smpl_Start_Kit.AXF" 
Rebuild target 'Smpl_Start_Kit'
creating preprocessor file for core_cm0.c...
compiling core_cm0.c...
creating preprocessor file for system_NUC1xx.c...
compiling system_NUC1xx.c...
assembling startup_NUC1xx.s...
creating preprocessor file for Smpl_Start_Kit.c...
compiling Smpl_Start_Kit.c...
Smpl_Start_Kit.c(93): warning:  #167-D: argument of type "void (*)(void)" is incompatible with parameter of type "PFN_DRVUART_CALLBACK *"
creating preprocessor file for LCD_Driver.c...
compiling LCD_Driver.c...
creating preprocessor file for Ascii_Table.C...
compiling Ascii_Table.C...
creating preprocessor file for Seven_Segment.c...
compiling Seven_Segment.c...
creating preprocessor file for ScanKey.c...
compiling ScanKey.c...
creating preprocessor file for DrvSPI.c...
compiling DrvSPI.c...
creating preprocessor file for DrvSYS.c...
compiling DrvSYS.c...
creating preprocessor file for DrvUART.c...
compiling DrvUART.c...
creating preprocessor file for DrvGPIO.c...
compiling DrvGPIO.c...
creating preprocessor file for retarget.c...
compiling retarget.c...
linking...
Program Size: Code=7852 RO-data=240 RW-data=1636 ZI-data=1220  
User command #1: fromelf --bin ".\obj\Smpl_Start_Kit.axf" --output ".\obj\Smpl_Start_Kit.bin"
User command #2: fromelf --text -c ".\obj\Smpl_Start_Kit.axf" --output ".\obj\Smpl_Start_Kit.txt"
".\obj\Smpl_Start_Kit.axf" - 0 Error(s), 1 Warning(s).
Load "C:\\Nuvoton\\BSP Library\\NUC100SeriesBSP_CMSIS_v1.05.003\\NuvotonPlatform_Keil\\Sample\\NUC1xx-LB_002\\Smpl_Start_Kit\\obj\\Smpl_Start_Kit.AXF" 
Rebuild target 'Smpl_Start_Kit'
creating preprocessor file for core_cm0.c...
compiling core_cm0.c...
creating preprocessor file for system_NUC1xx.c...
compiling system_NUC1xx.c...
assembling startup_NUC1xx.s...
creating preprocessor file for Smpl_Start_Kit.c...
compiling Smpl_Start_Kit.c...
Smpl_Start_Kit.c(93): warning:  #167-D: argument of type "void (*)(void)" is incompatible with parameter of type "PFN_DRVUART_CALLBACK *"
creating preprocessor file for LCD_Driver.c...
compiling LCD_Driver.c...
creating preprocessor file for Ascii_Table.C...
compiling Ascii_Table.C...
creating preprocessor file for Seven_Segment.c...
compiling Seven_Segment.c...
creating preprocessor file for ScanKey.c...
compiling ScanKey.c...
creating preprocessor file for DrvSPI.c...
compiling DrvSPI.c...
creating preprocessor file for DrvSYS.c...
compiling DrvSYS.c...
creating preprocessor file for DrvUART.c...
compiling DrvUART.c...
creating preprocessor file for DrvGPIO.c...
compiling DrvGPIO.c...
creating preprocessor file for retarget.c...
compiling retarget.c...
linking...
Program Size: Code=7852 RO-data=240 RW-data=1636 ZI-data=1220  
User command #1: fromelf --bin ".\obj\Smpl_Start_Kit.axf" --output ".\obj\Smpl_Start_Kit.bin"
User command #2: fromelf --text -c ".\obj\Smpl_Start_Kit.axf" --output ".\obj\Smpl_Start_Kit.txt"
".\obj\Smpl_Start_Kit.axf" - 0 Error(s), 1 Warning(s).
Load "C:\\Nuvoton\\BSP Library\\NUC100SeriesBSP_CMSIS_v1.05.003\\NuvotonPlatform_Keil\\Sample\\NUC1xx-LB_002\\Smpl_Start_Kit\\obj\\Smpl_Start_Kit.AXF" 
Rebuild target 'Smpl_Start_Kit'
creating preprocessor file for core_cm0.c...
compiling core_cm0.c...
creating preprocessor file for system_NUC1xx.c...
compiling system_NUC1xx.c...
assembling startup_NUC1xx.s...
creating preprocessor file for Smpl_Start_Kit.c...
compiling Smpl_Start_Kit.c...
Smpl_Start_Kit.c(246): warning:  #167-D: argument of type "void (*)(void)" is incompatible with parameter of type "PFN_DRVUART_CALLBACK *"
creating preprocessor file for LCD_Driver.c...
compiling LCD_Driver.c...
creating preprocessor file for Ascii_Table.C...
compiling Ascii_Table.C...
creating preprocessor file for Seven_Segment.c...
compiling Seven_Segment.c...
creating preprocessor file for ScanKey.c...
compiling ScanKey.c...
creating preprocessor file for DrvSPI.c...
compiling DrvSPI.c...
creating preprocessor file for DrvSYS.c...
compiling DrvSYS.c...
creating preprocessor file for DrvUART.c...
compiling DrvUART.c...
creating preprocessor file for DrvGPIO.c...
compiling DrvGPIO.c...
creating preprocessor file for retarget.c...
compiling retarget.c...
linking...
Program Size: Code=9108 RO-data=300 RW-data=1648 ZI-data=1216  
User command #1: fromelf --bin ".\obj\Smpl_Start_Kit.axf" --output ".\obj\Smpl_Start_Kit.bin"
User command #2: fromelf --text -c ".\obj\Smpl_Start_Kit.axf" --output ".\obj\Smpl_Start_Kit.txt"
".\obj\Smpl_Start_Kit.axf" - 0 Error(s), 1 Warning(s).
Load "C:\\Nuvoton\\BSP Library\\NUC100SeriesBSP_CMSIS_v1.05.003\\NuvotonPlatform_Keil\\Sample\\NUC1xx-LB_002\\Smpl_Start_Kit\\obj\\Smpl_Start_Kit.AXF" 
Load "C:\\Nuvoton\\BSP Library\\NUC100SeriesBSP_CMSIS_v1.05.003\\NuvotonPlatform_Keil\\Sample\\NUC1xx-LB_002\\Smpl_Start_Kit\\obj\\Smpl_Start_Kit.AXF" 
Rebuild target 'Smpl_Start_Kit'
creating preprocessor file for core_cm0.c...
compiling core_cm0.c...
creating preprocessor file for system_NUC1xx.c...
compiling system_NUC1xx.c...
assembling startup_NUC1xx.s...
creating preprocessor file for Smpl_Start_Kit.c...
compiling Smpl_Start_Kit.c...
Smpl_Start_Kit.c(81): error:  #20: identifier "Timer0Counter" is undefined
Smpl_Start_Kit.c(285): warning:  #167-D: argument of type "void (*)(void)" is incompatible with parameter of type "PFN_DRVUART_CALLBACK *"
creating preprocessor file for LCD_Driver.c...
compiling LCD_Driver.c...
creating preprocessor file for Ascii_Table.C...
compiling Ascii_Table.C...
creating preprocessor file for Seven_Segment.c...
compiling Seven_Segment.c...
creating preprocessor file for ScanKey.c...
compiling ScanKey.c...
creating preprocessor file for DrvSPI.c...
compiling DrvSPI.c...
creating preprocessor file for DrvSYS.c...
compiling DrvSYS.c...
creating preprocessor file for DrvUART.c...
compiling DrvUART.c...
creating preprocessor file for DrvGPIO.c...
compiling DrvGPIO.c...
creating preprocessor file for retarget.c...
compiling retarget.c...
Target not created
Rebuild target 'Smpl_Start_Kit'
creating preprocessor file for core_cm0.c...
compiling core_cm0.c...
creating preprocessor file for system_NUC1xx.c...
compiling system_NUC1xx.c...
assembling startup_NUC1xx.s...
creating preprocessor file for Smpl_Start_Kit.c...
compiling Smpl_Start_Kit.c...
Smpl_Start_Kit.c(286): warning:  #167-D: argument of type "void (*)(void)" is incompatible with parameter of type "PFN_DRVUART_CALLBACK *"
creating preprocessor file for LCD_Driver.c...
compiling LCD_Driver.c...
creating preprocessor file for Ascii_Table.C...
compiling Ascii_Table.C...
creating preprocessor file for Seven_Segment.c...
compiling Seven_Segment.c...
creating preprocessor file for ScanKey.c...
compiling ScanKey.c...
creating preprocessor file for DrvSPI.c...
compiling DrvSPI.c...
creating preprocessor file for DrvSYS.c...
compiling DrvSYS.c...
creating preprocessor file for DrvUART.c...
compiling DrvUART.c...
creating preprocessor file for DrvGPIO.c...
compiling DrvGPIO.c...
creating preprocessor file for retarget.c...
compiling retarget.c...
linking...
Program Size: Code=9352 RO-data=320 RW-data=1648 ZI-data=1216  
User command #1: fromelf --bin ".\obj\Smpl_Start_Kit.axf" --output ".\obj\Smpl_Start_Kit.bin"
User command #2: fromelf --text -c ".\obj\Smpl_Start_Kit.axf" --output ".\obj\Smpl_Start_Kit.txt"
".\obj\Smpl_Start_Kit.axf" - 0 Error(s), 1 Warning(s).
Load "C:\\Nuvoton\\BSP Library\\NUC100SeriesBSP_CMSIS_v1.05.003\\NuvotonPlatform_Keil\\Sample\\NUC1xx-LB_002\\Smpl_Start_Kit\\obj\\Smpl_Start_Kit.AXF" 
Rebuild target 'Smpl_Start_Kit'
creating preprocessor file for core_cm0.c...
compiling core_cm0.c...
creating preprocessor file for system_NUC1xx.c...
compiling system_NUC1xx.c...
assembling startup_NUC1xx.s...
creating preprocessor file for Smpl_Start_Kit.c...
compiling Smpl_Start_Kit.c...
Smpl_Start_Kit.c(286): warning:  #167-D: argument of type "void (*)(void)" is incompatible with parameter of type "PFN_DRVUART_CALLBACK *"
creating preprocessor file for LCD_Driver.c...
compiling LCD_Driver.c...
creating preprocessor file for Ascii_Table.C...
compiling Ascii_Table.C...
creating preprocessor file for Seven_Segment.c...
compiling Seven_Segment.c...
creating preprocessor file for ScanKey.c...
compiling ScanKey.c...
creating preprocessor file for DrvSPI.c...
compiling DrvSPI.c...
creating preprocessor file for DrvSYS.c...
compiling DrvSYS.c...
creating preprocessor file for DrvUART.c...
compiling DrvUART.c...
creating preprocessor file for DrvGPIO.c...
compiling DrvGPIO.c...
creating preprocessor file for retarget.c...
compiling retarget.c...
linking...
Program Size: Code=9352 RO-data=320 RW-data=1648 ZI-data=1216  
User command #1: fromelf --bin ".\obj\Smpl_Start_Kit.axf" --output ".\obj\Smpl_Start_Kit.bin"
User command #2: fromelf --text -c ".\obj\Smpl_Start_Kit.axf" --output ".\obj\Smpl_Start_Kit.txt"
".\obj\Smpl_Start_Kit.axf" - 0 Error(s), 1 Warning(s).
Load "C:\\Nuvoton\\BSP Library\\NUC100SeriesBSP_CMSIS_v1.05.003\\NuvotonPlatform_Keil\\Sample\\NUC1xx-LB_002\\Smpl_Start_Kit\\obj\\Smpl_Start_Kit.AXF" 
Rebuild target 'Smpl_Start_Kit'
creating preprocessor file for core_cm0.c...
compiling core_cm0.c...
creating preprocessor file for system_NUC1xx.c...
compiling system_NUC1xx.c...
assembling startup_NUC1xx.s...
creating preprocessor file for Smpl_Start_Kit.c...
compiling Smpl_Start_Kit.c...
Smpl_Start_Kit.c(287): warning:  #167-D: argument of type "void (*)(void)" is incompatible with parameter of type "PFN_DRVUART_CALLBACK *"
creating preprocessor file for LCD_Driver.c...
compiling LCD_Driver.c...
creating preprocessor file for Ascii_Table.C...
compiling Ascii_Table.C...
creating preprocessor file for Seven_Segment.c...
compiling Seven_Segment.c...
creating preprocessor file for ScanKey.c...
compiling ScanKey.c...
creating preprocessor file for DrvSPI.c...
compiling DrvSPI.c...
creating preprocessor file for DrvSYS.c...
compiling DrvSYS.c...
creating preprocessor file for DrvUART.c...
compiling DrvUART.c...
creating preprocessor file for DrvGPIO.c...
compiling DrvGPIO.c...
creating preprocessor file for retarget.c...
compiling retarget.c...
linking...
Program Size: Code=9372 RO-data=320 RW-data=1648 ZI-data=1216  
User command #1: fromelf --bin ".\obj\Smpl_Start_Kit.axf" --output ".\obj\Smpl_Start_Kit.bin"
User command #2: fromelf --text -c ".\obj\Smpl_Start_Kit.axf" --output ".\obj\Smpl_Start_Kit.txt"
".\obj\Smpl_Start_Kit.axf" - 0 Error(s), 1 Warning(s).
Load "C:\\Nuvoton\\BSP Library\\NUC100SeriesBSP_CMSIS_v1.05.003\\NuvotonPlatform_Keil\\Sample\\NUC1xx-LB_002\\Smpl_Start_Kit\\obj\\Smpl_Start_Kit.AXF" 
Rebuild target 'Smpl_Start_Kit'
creating preprocessor file for core_cm0.c...
compiling core_cm0.c...
creating preprocessor file for system_NUC1xx.c...
compiling system_NUC1xx.c...
assembling startup_NUC1xx.s...
creating preprocessor file for Smpl_Start_Kit.c...
compiling Smpl_Start_Kit.c...
Smpl_Start_Kit.c(287): warning:  #167-D: argument of type "void (*)(void)" is incompatible with parameter of type "PFN_DRVUART_CALLBACK *"
creating preprocessor file for LCD_Driver.c...
compiling LCD_Driver.c...
creating preprocessor file for Ascii_Table.C...
compiling Ascii_Table.C...
creating preprocessor file for Seven_Segment.c...
compiling Seven_Segment.c...
creating preprocessor file for ScanKey.c...
compiling ScanKey.c...
creating preprocessor file for DrvSPI.c...
compiling DrvSPI.c...
creating preprocessor file for DrvSYS.c...
compiling DrvSYS.c...
creating preprocessor file for DrvUART.c...
compiling DrvUART.c...
creating preprocessor file for DrvGPIO.c...
compiling DrvGPIO.c...
creating preprocessor file for retarget.c...
compiling retarget.c...
linking...
Program Size: Code=9380 RO-data=320 RW-data=1648 ZI-data=1216  
User command #1: fromelf --bin ".\obj\Smpl_Start_Kit.axf" --output ".\obj\Smpl_Start_Kit.bin"
User command #2: fromelf --text -c ".\obj\Smpl_Start_Kit.axf" --output ".\obj\Smpl_Start_Kit.txt"
".\obj\Smpl_Start_Kit.axf" - 0 Error(s), 1 Warning(s).
Load "C:\\Nuvoton\\BSP Library\\NUC100SeriesBSP_CMSIS_v1.05.003\\NuvotonPlatform_Keil\\Sample\\NUC1xx-LB_002\\Smpl_Start_Kit\\obj\\Smpl_Start_Kit.AXF" 
Rebuild target 'Smpl_Start_Kit'
creating preprocessor file for core_cm0.c...
compiling core_cm0.c...
creating preprocessor file for system_NUC1xx.c...
compiling system_NUC1xx.c...
assembling startup_NUC1xx.s...
creating preprocessor file for Smpl_Start_Kit.c...
compiling Smpl_Start_Kit.c...
Smpl_Start_Kit.c(287): warning:  #167-D: argument of type "void (*)(void)" is incompatible with parameter of type "PFN_DRVUART_CALLBACK *"
creating preprocessor file for LCD_Driver.c...
compiling LCD_Driver.c...
creating preprocessor file for Ascii_Table.C...
compiling Ascii_Table.C...
creating preprocessor file for Seven_Segment.c...
compiling Seven_Segment.c...
creating preprocessor file for ScanKey.c...
compiling ScanKey.c...
creating preprocessor file for DrvSPI.c...
compiling DrvSPI.c...
creating preprocessor file for DrvSYS.c...
compiling DrvSYS.c...
creating preprocessor file for DrvUART.c...
compiling DrvUART.c...
creating preprocessor file for DrvGPIO.c...
compiling DrvGPIO.c...
creating preprocessor file for retarget.c...
compiling retarget.c...
linking...
Program Size: Code=9376 RO-data=320 RW-data=1648 ZI-data=1216  
User command #1: fromelf --bin ".\obj\Smpl_Start_Kit.axf" --output ".\obj\Smpl_Start_Kit.bin"
User command #2: fromelf --text -c ".\obj\Smpl_Start_Kit.axf" --output ".\obj\Smpl_Start_Kit.txt"
".\obj\Smpl_Start_Kit.axf" - 0 Error(s), 1 Warning(s).
Load "C:\\Nuvoton\\BSP Library\\NUC100SeriesBSP_CMSIS_v1.05.003\\NuvotonPlatform_Keil\\Sample\\NUC1xx-LB_002\\Smpl_Start_Kit\\obj\\Smpl_Start_Kit.AXF" 
Rebuild target 'Smpl_Start_Kit'
creating preprocessor file for core_cm0.c...
compiling core_cm0.c...
creating preprocessor file for system_NUC1xx.c...
compiling system_NUC1xx.c...
assembling startup_NUC1xx.s...
creating preprocessor file for Smpl_Start_Kit.c...
Smpl_Start_Kit.c(140): warning:  #1-D: last line of file ends without a newline
compiling Smpl_Start_Kit.c...
Smpl_Start_Kit.c(140): warning:  #1-D: last line of file ends without a newline
creating preprocessor file for LCD_Driver.c...
compiling LCD_Driver.c...
creating preprocessor file for Ascii_Table.C...
compiling Ascii_Table.C...
creating preprocessor file for Seven_Segment.c...
compiling Seven_Segment.c...
creating preprocessor file for ScanKey.c...
compiling ScanKey.c...
creating preprocessor file for DrvSPI.c...
compiling DrvSPI.c...
creating preprocessor file for DrvSYS.c...
compiling DrvSYS.c...
creating preprocessor file for DrvUART.c...
compiling DrvUART.c...
creating preprocessor file for DrvGPIO.c...
compiling DrvGPIO.c...
creating preprocessor file for retarget.c...
compiling retarget.c...
linking...
Program Size: Code=3640 RO-data=240 RW-data=1572 ZI-data=1204  
User command #1: fromelf --bin ".\obj\Smpl_Start_Kit.axf" --output ".\obj\Smpl_Start_Kit.bin"
User command #2: fromelf --text -c ".\obj\Smpl_Start_Kit.axf" --output ".\obj\Smpl_Start_Kit.txt"
".\obj\Smpl_Start_Kit.axf" - 0 Error(s), 1 Warning(s).
Rebuild target 'Smpl_Start_Kit'
creating preprocessor file for core_cm0.c...
compiling core_cm0.c...
creating preprocessor file for system_NUC1xx.c...
compiling system_NUC1xx.c...
assembling startup_NUC1xx.s...
creating preprocessor file for Smpl_Start_Kit.c...
Smpl_Start_Kit.c(290): warning:  #1-D: last line of file ends without a newline
compiling Smpl_Start_Kit.c...
Smpl_Start_Kit.c(290): warning:  #1-D: last line of file ends without a newline
creating preprocessor file for LCD_Driver.c...
compiling LCD_Driver.c...
creating preprocessor file for Ascii_Table.C...
compiling Ascii_Table.C...
creating preprocessor file for Seven_Segment.c...
compiling Seven_Segment.c...
creating preprocessor file for ScanKey.c...
compiling ScanKey.c...
creating preprocessor file for DrvSPI.c...
compiling DrvSPI.c...
creating preprocessor file for DrvSYS.c...
compiling DrvSYS.c...
creating preprocessor file for DrvUART.c...
compiling DrvUART.c...
creating preprocessor file for DrvGPIO.c...
compiling DrvGPIO.c...
creating preprocessor file for retarget.c...
compiling retarget.c...
linking...
.\obj\Smpl_Start_Kit.axf: Error: L6218E: Undefined symbol DrvI2C_Close (referred from smpl_start_kit.o).
.\obj\Smpl_Start_Kit.axf: Error: L6218E: Undefined symbol DrvI2C_Ctrl (referred from smpl_start_kit.o).
.\obj\Smpl_Start_Kit.axf: Error: L6218E: Undefined symbol DrvI2C_Open (referred from smpl_start_kit.o).
Target not created
Rebuild target 'Smpl_Start_Kit'
creating preprocessor file for core_cm0.c...
compiling core_cm0.c...
creating preprocessor file for system_NUC1xx.c...
compiling system_NUC1xx.c...
assembling startup_NUC1xx.s...
creating preprocessor file for Smpl_Start_Kit.c...
Smpl_Start_Kit.c(290): warning:  #1-D: last line of file ends without a newline
compiling Smpl_Start_Kit.c...
Smpl_Start_Kit.c(290): warning:  #1-D: last line of file ends without a newline
creating preprocessor file for LCD_Driver.c...
compiling LCD_Driver.c...
creating preprocessor file for Ascii_Table.C...
compiling Ascii_Table.C...
creating preprocessor file for Seven_Segment.c...
compiling Seven_Segment.c...
creating preprocessor file for ScanKey.c...
compiling ScanKey.c...
creating preprocessor file for DrvI2C.c...
compiling DrvI2C.c...
creating preprocessor file for DrvSPI.c...
compiling DrvSPI.c...
creating preprocessor file for DrvSYS.c...
compiling DrvSYS.c...
creating preprocessor file for DrvUART.c...
compiling DrvUART.c...
creating preprocessor file for DrvGPIO.c...
compiling DrvGPIO.c...
creating preprocessor file for retarget.c...
compiling retarget.c...
linking...
Program Size: Code=8556 RO-data=352 RW-data=1604 ZI-data=1236  
User command #1: fromelf --bin ".\obj\Smpl_Start_Kit.axf" --output ".\obj\Smpl_Start_Kit.bin"
User command #2: fromelf --text -c ".\obj\Smpl_Start_Kit.axf" --output ".\obj\Smpl_Start_Kit.txt"
".\obj\Smpl_Start_Kit.axf" - 0 Error(s), 1 Warning(s).
Load "C:\\Nuvoton\\BSP Library\\NUC100SeriesBSP_CMSIS_v1.05.003\\NuvotonPlatform_Keil\\Sample\\NUC1xx-LB_002\\Smpl_Start_Kit\\obj\\Smpl_Start_Kit.AXF" 
Rebuild target 'Smpl_Start_Kit'
creating preprocessor file for core_cm0.c...
compiling core_cm0.c...
creating preprocessor file for system_NUC1xx.c...
compiling system_NUC1xx.c...
assembling startup_NUC1xx.s...
creating preprocessor file for Smpl_Start_Kit.c...
compiling Smpl_Start_Kit.c...
Smpl_Start_Kit.c(287): warning:  #167-D: argument of type "void (*)(void)" is incompatible with parameter of type "PFN_DRVUART_CALLBACK *"
creating preprocessor file for LCD_Driver.c...
compiling LCD_Driver.c...
creating preprocessor file for Ascii_Table.C...
compiling Ascii_Table.C...
creating preprocessor file for Seven_Segment.c...
compiling Seven_Segment.c...
creating preprocessor file for ScanKey.c...
compiling ScanKey.c...
creating preprocessor file for DrvI2C.c...
compiling DrvI2C.c...
creating preprocessor file for DrvSPI.c...
compiling DrvSPI.c...
creating preprocessor file for DrvSYS.c...
compiling DrvSYS.c...
creating preprocessor file for DrvUART.c...
compiling DrvUART.c...
creating preprocessor file for DrvGPIO.c...
compiling DrvGPIO.c...
creating preprocessor file for retarget.c...
compiling retarget.c...
linking...
Program Size: Code=9616 RO-data=320 RW-data=1648 ZI-data=1248  
User command #1: fromelf --bin ".\obj\Smpl_Start_Kit.axf" --output ".\obj\Smpl_Start_Kit.bin"
User command #2: fromelf --text -c ".\obj\Smpl_Start_Kit.axf" --output ".\obj\Smpl_Start_Kit.txt"
".\obj\Smpl_Start_Kit.axf" - 0 Error(s), 1 Warning(s).
Load "C:\\Nuvoton\\BSP Library\\NUC100SeriesBSP_CMSIS_v1.05.003\\NuvotonPlatform_Keil\\Sample\\NUC1xx-LB_002\\Smpl_Start_Kit\\obj\\Smpl_Start_Kit.AXF" 
Rebuild target 'Smpl_Start_Kit'
creating preprocessor file for core_cm0.c...
compiling core_cm0.c...
creating preprocessor file for system_NUC1xx.c...
compiling system_NUC1xx.c...
assembling startup_NUC1xx.s...
creating preprocessor file for Smpl_Start_Kit.c...
compiling Smpl_Start_Kit.c...
Smpl_Start_Kit.c(394): warning:  #223-D: function "InitADC0" declared implicitly
Smpl_Start_Kit.c(418): warning:  #167-D: argument of type "void (*)(void)" is incompatible with parameter of type "PFN_DRVUART_CALLBACK *"
creating preprocessor file for LCD_Driver.c...
compiling LCD_Driver.c...
creating preprocessor file for Ascii_Table.C...
compiling Ascii_Table.C...
creating preprocessor file for Seven_Segment.c...
compiling Seven_Segment.c...
creating preprocessor file for ScanKey.c...
compiling ScanKey.c...
creating preprocessor file for DrvI2C.c...
compiling DrvI2C.c...
creating preprocessor file for DrvSPI.c...
compiling DrvSPI.c...
creating preprocessor file for DrvSYS.c...
compiling DrvSYS.c...
creating preprocessor file for DrvUART.c...
compiling DrvUART.c...
creating preprocessor file for DrvGPIO.c...
compiling DrvGPIO.c...
creating preprocessor file for retarget.c...
compiling retarget.c...
linking...
.\obj\Smpl_Start_Kit.axf: Error: L6218E: Undefined symbol InitADC0 (referred from smpl_start_kit.o).
Target not created
Rebuild target 'Smpl_Start_Kit'
creating preprocessor file for core_cm0.c...
compiling core_cm0.c...
creating preprocessor file for system_NUC1xx.c...
compiling system_NUC1xx.c...
assembling startup_NUC1xx.s...
creating preprocessor file for Smpl_Start_Kit.c...
compiling Smpl_Start_Kit.c...
Smpl_Start_Kit.c(451): warning:  #167-D: argument of type "void (*)(void)" is incompatible with parameter of type "PFN_DRVUART_CALLBACK *"
creating preprocessor file for LCD_Driver.c...
compiling LCD_Driver.c...
creating preprocessor file for Ascii_Table.C...
compiling Ascii_Table.C...
creating preprocessor file for Seven_Segment.c...
compiling Seven_Segment.c...
creating preprocessor file for ScanKey.c...
compiling ScanKey.c...
creating preprocessor file for DrvI2C.c...
compiling DrvI2C.c...
creating preprocessor file for DrvSPI.c...
compiling DrvSPI.c...
creating preprocessor file for DrvSYS.c...
compiling DrvSYS.c...
creating preprocessor file for DrvUART.c...
compiling DrvUART.c...
creating preprocessor file for DrvGPIO.c...
compiling DrvGPIO.c...
creating preprocessor file for retarget.c...
compiling retarget.c...
linking...
Program Size: Code=11116 RO-data=352 RW-data=1648 ZI-data=1248  
User command #1: fromelf --bin ".\obj\Smpl_Start_Kit.axf" --output ".\obj\Smpl_Start_Kit.bin"
User command #2: fromelf --text -c ".\obj\Smpl_Start_Kit.axf" --output ".\obj\Smpl_Start_Kit.txt"
".\obj\Smpl_Start_Kit.axf" - 0 Error(s), 1 Warning(s).
Load "C:\\Nuvoton\\BSP Library\\NUC100SeriesBSP_CMSIS_v1.05.003\\NuvotonPlatform_Keil\\Sample\\NUC1xx-LB_002\\Smpl_Start_Kit\\obj\\Smpl_Start_Kit.AXF" 
Rebuild target 'Smpl_Start_Kit'
creating preprocessor file for core_cm0.c...
compiling core_cm0.c...
creating preprocessor file for system_NUC1xx.c...
compiling system_NUC1xx.c...
assembling startup_NUC1xx.s...
creating preprocessor file for Smpl_Start_Kit.c...
compiling Smpl_Start_Kit.c...
Smpl_Start_Kit.c(101): error:  #20: identifier "data" is undefined
Smpl_Start_Kit.c(468): warning:  #167-D: argument of type "void (*)(void)" is incompatible with parameter of type "PFN_DRVUART_CALLBACK *"
creating preprocessor file for LCD_Driver.c...
compiling LCD_Driver.c...
creating preprocessor file for Ascii_Table.C...
compiling Ascii_Table.C...
creating preprocessor file for Seven_Segment.c...
compiling Seven_Segment.c...
creating preprocessor file for ScanKey.c...
compiling ScanKey.c...
creating preprocessor file for DrvI2C.c...
compiling DrvI2C.c...
creating preprocessor file for DrvSPI.c...
compiling DrvSPI.c...
creating preprocessor file for DrvSYS.c...
compiling DrvSYS.c...
creating preprocessor file for DrvUART.c...
compiling DrvUART.c...
creating preprocessor file for DrvGPIO.c...
compiling DrvGPIO.c...
creating preprocessor file for retarget.c...
compiling retarget.c...
Target not created
Rebuild target 'Smpl_Start_Kit'
creating preprocessor file for core_cm0.c...
compiling core_cm0.c...
creating preprocessor file for system_NUC1xx.c...
compiling system_NUC1xx.c...
assembling startup_NUC1xx.s...
creating preprocessor file for Smpl_Start_Kit.c...
compiling Smpl_Start_Kit.c...
Smpl_Start_Kit.c(97): error:  #20: identifier "value" is undefined
Smpl_Start_Kit.c(468): warning:  #167-D: argument of type "void (*)(void)" is incompatible with parameter of type "PFN_DRVUART_CALLBACK *"
creating preprocessor file for LCD_Driver.c...
compiling LCD_Driver.c...
creating preprocessor file for Ascii_Table.C...
compiling Ascii_Table.C...
creating preprocessor file for Seven_Segment.c...
compiling Seven_Segment.c...
creating preprocessor file for ScanKey.c...
compiling ScanKey.c...
creating preprocessor file for DrvI2C.c...
compiling DrvI2C.c...
creating preprocessor file for DrvSPI.c...
compiling DrvSPI.c...
creating preprocessor file for DrvSYS.c...
compiling DrvSYS.c...
creating preprocessor file for DrvUART.c...
compiling DrvUART.c...
creating preprocessor file for DrvGPIO.c...
compiling DrvGPIO.c...
creating preprocessor file for retarget.c...
compiling retarget.c...
Target not created
Rebuild target 'Smpl_Start_Kit'
creating preprocessor file for core_cm0.c...
compiling core_cm0.c...
creating preprocessor file for system_NUC1xx.c...
compiling system_NUC1xx.c...
assembling startup_NUC1xx.s...
creating preprocessor file for Smpl_Start_Kit.c...
compiling Smpl_Start_Kit.c...
Smpl_Start_Kit.c(468): warning:  #167-D: argument of type "void (*)(void)" is incompatible with parameter of type "PFN_DRVUART_CALLBACK *"
creating preprocessor file for LCD_Driver.c...
compiling LCD_Driver.c...
creating preprocessor file for Ascii_Table.C...
compiling Ascii_Table.C...
creating preprocessor file for Seven_Segment.c...
compiling Seven_Segment.c...
creating preprocessor file for ScanKey.c...
compiling ScanKey.c...
creating preprocessor file for DrvI2C.c...
compiling DrvI2C.c...
creating preprocessor file for DrvSPI.c...
compiling DrvSPI.c...
creating preprocessor file for DrvSYS.c...
compiling DrvSYS.c...
creating preprocessor file for DrvUART.c...
compiling DrvUART.c...
creating preprocessor file for DrvGPIO.c...
compiling DrvGPIO.c...
creating preprocessor file for retarget.c...
compiling retarget.c...
linking...
Program Size: Code=11164 RO-data=352 RW-data=1648 ZI-data=1248  
User command #1: fromelf --bin ".\obj\Smpl_Start_Kit.axf" --output ".\obj\Smpl_Start_Kit.bin"
User command #2: fromelf --text -c ".\obj\Smpl_Start_Kit.axf" --output ".\obj\Smpl_Start_Kit.txt"
".\obj\Smpl_Start_Kit.axf" - 0 Error(s), 1 Warning(s).
Load "C:\\Nuvoton\\BSP Library\\NUC100SeriesBSP_CMSIS_v1.05.003\\NuvotonPlatform_Keil\\Sample\\NUC1xx-LB_002\\Smpl_Start_Kit\\obj\\Smpl_Start_Kit.AXF" 
Rebuild target 'Smpl_Start_Kit'
creating preprocessor file for core_cm0.c...
compiling core_cm0.c...
creating preprocessor file for system_NUC1xx.c...
compiling system_NUC1xx.c...
assembling startup_NUC1xx.s...
creating preprocessor file for Smpl_Start_Kit.c...
compiling Smpl_Start_Kit.c...
Smpl_Start_Kit.c(468): warning:  #167-D: argument of type "void (*)(void)" is incompatible with parameter of type "PFN_DRVUART_CALLBACK *"
creating preprocessor file for LCD_Driver.c...
compiling LCD_Driver.c...
creating preprocessor file for Ascii_Table.C...
compiling Ascii_Table.C...
creating preprocessor file for Seven_Segment.c...
compiling Seven_Segment.c...
creating preprocessor file for ScanKey.c...
compiling ScanKey.c...
creating preprocessor file for DrvI2C.c...
compiling DrvI2C.c...
creating preprocessor file for DrvSPI.c...
compiling DrvSPI.c...
creating preprocessor file for DrvSYS.c...
compiling DrvSYS.c...
creating preprocessor file for DrvUART.c...
compiling DrvUART.c...
creating preprocessor file for DrvGPIO.c...
compiling DrvGPIO.c...
creating preprocessor file for retarget.c...
compiling retarget.c...
linking...
Program Size: Code=11168 RO-data=352 RW-data=1648 ZI-data=1248  
User command #1: fromelf --bin ".\obj\Smpl_Start_Kit.axf" --output ".\obj\Smpl_Start_Kit.bin"
User command #2: fromelf --text -c ".\obj\Smpl_Start_Kit.axf" --output ".\obj\Smpl_Start_Kit.txt"
".\obj\Smpl_Start_Kit.axf" - 0 Error(s), 1 Warning(s).
Load "C:\\Nuvoton\\BSP Library\\NUC100SeriesBSP_CMSIS_v1.05.003\\NuvotonPlatform_Keil\\Sample\\NUC1xx-LB_002\\Smpl_Start_Kit\\obj\\Smpl_Start_Kit.AXF" 
Rebuild target 'Smpl_Start_Kit'
creating preprocessor file for core_cm0.c...
compiling core_cm0.c...
creating preprocessor file for system_NUC1xx.c...
compiling system_NUC1xx.c...
assembling startup_NUC1xx.s...
creating preprocessor file for Smpl_Start_Kit.c...
compiling Smpl_Start_Kit.c...
Smpl_Start_Kit.c(468): warning:  #167-D: argument of type "void (*)(void)" is incompatible with parameter of type "PFN_DRVUART_CALLBACK *"
creating preprocessor file for LCD_Driver.c...
compiling LCD_Driver.c...
creating preprocessor file for Ascii_Table.C...
compiling Ascii_Table.C...
creating preprocessor file for Seven_Segment.c...
compiling Seven_Segment.c...
creating preprocessor file for ScanKey.c...
compiling ScanKey.c...
creating preprocessor file for DrvI2C.c...
compiling DrvI2C.c...
creating preprocessor file for DrvSPI.c...
compiling DrvSPI.c...
creating preprocessor file for DrvSYS.c...
compiling DrvSYS.c...
creating preprocessor file for DrvUART.c...
compiling DrvUART.c...
creating preprocessor file for DrvGPIO.c...
compiling DrvGPIO.c...
creating preprocessor file for retarget.c...
compiling retarget.c...
linking...
Program Size: Code=11176 RO-data=352 RW-data=1648 ZI-data=1248  
User command #1: fromelf --bin ".\obj\Smpl_Start_Kit.axf" --output ".\obj\Smpl_Start_Kit.bin"
User command #2: fromelf --text -c ".\obj\Smpl_Start_Kit.axf" --output ".\obj\Smpl_Start_Kit.txt"
".\obj\Smpl_Start_Kit.axf" - 0 Error(s), 1 Warning(s).
Load "C:\\Nuvoton\\BSP Library\\NUC100SeriesBSP_CMSIS_v1.05.003\\NuvotonPlatform_Keil\\Sample\\NUC1xx-LB_002\\Smpl_Start_Kit\\obj\\Smpl_Start_Kit.AXF" 
Rebuild target 'Smpl_Start_Kit'
creating preprocessor file for core_cm0.c...
compiling core_cm0.c...
creating preprocessor file for system_NUC1xx.c...
compiling system_NUC1xx.c...
assembling startup_NUC1xx.s...
creating preprocessor file for Smpl_Start_Kit.c...
compiling Smpl_Start_Kit.c...
Smpl_Start_Kit.c(468): warning:  #167-D: argument of type "void (*)(void)" is incompatible with parameter of type "PFN_DRVUART_CALLBACK *"
creating preprocessor file for LCD_Driver.c...
compiling LCD_Driver.c...
creating preprocessor file for Ascii_Table.C...
compiling Ascii_Table.C...
creating preprocessor file for Seven_Segment.c...
compiling Seven_Segment.c...
creating preprocessor file for ScanKey.c...
compiling ScanKey.c...
creating preprocessor file for DrvI2C.c...
compiling DrvI2C.c...
creating preprocessor file for DrvSPI.c...
compiling DrvSPI.c...
creating preprocessor file for DrvSYS.c...
compiling DrvSYS.c...
creating preprocessor file for DrvUART.c...
compiling DrvUART.c...
creating preprocessor file for DrvGPIO.c...
compiling DrvGPIO.c...
creating preprocessor file for retarget.c...
compiling retarget.c...
linking...
Program Size: Code=11112 RO-data=352 RW-data=1648 ZI-data=1248  
User command #1: fromelf --bin ".\obj\Smpl_Start_Kit.axf" --output ".\obj\Smpl_Start_Kit.bin"
User command #2: fromelf --text -c ".\obj\Smpl_Start_Kit.axf" --output ".\obj\Smpl_Start_Kit.txt"
".\obj\Smpl_Start_Kit.axf" - 0 Error(s), 1 Warning(s).
Load "C:\\Nuvoton\\BSP Library\\NUC100SeriesBSP_CMSIS_v1.05.003\\NuvotonPlatform_Keil\\Sample\\NUC1xx-LB_002\\Smpl_Start_Kit\\obj\\Smpl_Start_Kit.AXF" 
Rebuild target 'Smpl_Start_Kit'
creating preprocessor file for core_cm0.c...
compiling core_cm0.c...
creating preprocessor file for system_NUC1xx.c...
compiling system_NUC1xx.c...
assembling startup_NUC1xx.s...
creating preprocessor file for Smpl_Start_Kit.c...
compiling Smpl_Start_Kit.c...
Smpl_Start_Kit.c(468): warning:  #167-D: argument of type "void (*)(void)" is incompatible with parameter of type "PFN_DRVUART_CALLBACK *"
creating preprocessor file for LCD_Driver.c...
compiling LCD_Driver.c...
creating preprocessor file for Ascii_Table.C...
compiling Ascii_Table.C...
creating preprocessor file for Seven_Segment.c...
compiling Seven_Segment.c...
creating preprocessor file for ScanKey.c...
compiling ScanKey.c...
creating preprocessor file for DrvI2C.c...
compiling DrvI2C.c...
creating preprocessor file for DrvSPI.c...
compiling DrvSPI.c...
creating preprocessor file for DrvSYS.c...
compiling DrvSYS.c...
creating preprocessor file for DrvUART.c...
compiling DrvUART.c...
creating preprocessor file for DrvGPIO.c...
compiling DrvGPIO.c...
creating preprocessor file for retarget.c...
compiling retarget.c...
linking...
Program Size: Code=11172 RO-data=352 RW-data=1648 ZI-data=1248  
User command #1: fromelf --bin ".\obj\Smpl_Start_Kit.axf" --output ".\obj\Smpl_Start_Kit.bin"
User command #2: fromelf --text -c ".\obj\Smpl_Start_Kit.axf" --output ".\obj\Smpl_Start_Kit.txt"
".\obj\Smpl_Start_Kit.axf" - 0 Error(s), 1 Warning(s).
Load "C:\\Nuvoton\\BSP Library\\NUC100SeriesBSP_CMSIS_v1.05.003\\NuvotonPlatform_Keil\\Sample\\NUC1xx-LB_002\\Smpl_Start_Kit\\obj\\Smpl_Start_Kit.AXF" 
Rebuild target 'Smpl_Start_Kit'
creating preprocessor file for core_cm0.c...
compiling core_cm0.c...
creating preprocessor file for system_NUC1xx.c...
compiling system_NUC1xx.c...
assembling startup_NUC1xx.s...
creating preprocessor file for Smpl_Start_Kit.c...
compiling Smpl_Start_Kit.c...
Smpl_Start_Kit.c(468): warning:  #167-D: argument of type "void (*)(void)" is incompatible with parameter of type "PFN_DRVUART_CALLBACK *"
creating preprocessor file for LCD_Driver.c...
compiling LCD_Driver.c...
creating preprocessor file for Ascii_Table.C...
compiling Ascii_Table.C...
creating preprocessor file for Seven_Segment.c...
compiling Seven_Segment.c...
creating preprocessor file for ScanKey.c...
compiling ScanKey.c...
creating preprocessor file for DrvI2C.c...
compiling DrvI2C.c...
creating preprocessor file for DrvSPI.c...
compiling DrvSPI.c...
creating preprocessor file for DrvSYS.c...
compiling DrvSYS.c...
creating preprocessor file for DrvUART.c...
compiling DrvUART.c...
creating preprocessor file for DrvGPIO.c...
compiling DrvGPIO.c...
creating preprocessor file for retarget.c...
compiling retarget.c...
linking...
Program Size: Code=11176 RO-data=352 RW-data=1648 ZI-data=1248  
User command #1: fromelf --bin ".\obj\Smpl_Start_Kit.axf" --output ".\obj\Smpl_Start_Kit.bin"
User command #2: fromelf --text -c ".\obj\Smpl_Start_Kit.axf" --output ".\obj\Smpl_Start_Kit.txt"
".\obj\Smpl_Start_Kit.axf" - 0 Error(s), 1 Warning(s).
Rebuild target 'Smpl_Start_Kit'
creating preprocessor file for core_cm0.c...
compiling core_cm0.c...
creating preprocessor file for system_NUC1xx.c...
compiling system_NUC1xx.c...
assembling startup_NUC1xx.s...
creating preprocessor file for Smpl_Start_Kit.c...
compiling Smpl_Start_Kit.c...
Smpl_Start_Kit.c(468): warning:  #167-D: argument of type "void (*)(void)" is incompatible with parameter of type "PFN_DRVUART_CALLBACK *"
creating preprocessor file for LCD_Driver.c...
compiling LCD_Driver.c...
creating preprocessor file for Ascii_Table.C...
compiling Ascii_Table.C...
creating preprocessor file for Seven_Segment.c...
compiling Seven_Segment.c...
creating preprocessor file for ScanKey.c...
compiling ScanKey.c...
creating preprocessor file for DrvI2C.c...
compiling DrvI2C.c...
creating preprocessor file for DrvSPI.c...
compiling DrvSPI.c...
creating preprocessor file for DrvSYS.c...
compiling DrvSYS.c...
creating preprocessor file for DrvUART.c...
compiling DrvUART.c...
creating preprocessor file for DrvGPIO.c...
compiling DrvGPIO.c...
creating preprocessor file for retarget.c...
compiling retarget.c...
linking...
Program Size: Code=11176 RO-data=352 RW-data=1648 ZI-data=1248  
User command #1: fromelf --bin ".\obj\Smpl_Start_Kit.axf" --output ".\obj\Smpl_Start_Kit.bin"
User command #2: fromelf --text -c ".\obj\Smpl_Start_Kit.axf" --output ".\obj\Smpl_Start_Kit.txt"
".\obj\Smpl_Start_Kit.axf" - 0 Error(s), 1 Warning(s).
Load "C:\\Nuvoton\\BSP Library\\NUC100SeriesBSP_CMSIS_v1.05.003\\NuvotonPlatform_Keil\\Sample\\NUC1xx-LB_002\\Smpl_Start_Kit\\obj\\Smpl_Start_Kit.AXF" 
Rebuild target 'Smpl_Start_Kit'
creating preprocessor file for core_cm0.c...
compiling core_cm0.c...
creating preprocessor file for system_NUC1xx.c...
compiling system_NUC1xx.c...
assembling startup_NUC1xx.s...
creating preprocessor file for Smpl_Start_Kit.c...
compiling Smpl_Start_Kit.c...
Smpl_Start_Kit.c(468): warning:  #167-D: argument of type "void (*)(void)" is incompatible with parameter of type "PFN_DRVUART_CALLBACK *"
creating preprocessor file for LCD_Driver.c...
compiling LCD_Driver.c...
creating preprocessor file for Ascii_Table.C...
compiling Ascii_Table.C...
creating preprocessor file for Seven_Segment.c...
compiling Seven_Segment.c...
creating preprocessor file for ScanKey.c...
compiling ScanKey.c...
creating preprocessor file for DrvI2C.c...
compiling DrvI2C.c...
creating preprocessor file for DrvSPI.c...
compiling DrvSPI.c...
creating preprocessor file for DrvSYS.c...
compiling DrvSYS.c...
creating preprocessor file for DrvUART.c...
compiling DrvUART.c...
creating preprocessor file for DrvGPIO.c...
compiling DrvGPIO.c...
creating preprocessor file for retarget.c...
compiling retarget.c...
linking...
Program Size: Code=11168 RO-data=352 RW-data=1648 ZI-data=1248  
User command #1: fromelf --bin ".\obj\Smpl_Start_Kit.axf" --output ".\obj\Smpl_Start_Kit.bin"
User command #2: fromelf --text -c ".\obj\Smpl_Start_Kit.axf" --output ".\obj\Smpl_Start_Kit.txt"
".\obj\Smpl_Start_Kit.axf" - 0 Error(s), 1 Warning(s).
Load "C:\\Nuvoton\\BSP Library\\NUC100SeriesBSP_CMSIS_v1.05.003\\NuvotonPlatform_Keil\\Sample\\NUC1xx-LB_002\\Smpl_Start_Kit\\obj\\Smpl_Start_Kit.AXF" 
Rebuild target 'Smpl_Start_Kit'
creating preprocessor file for core_cm0.c...
compiling core_cm0.c...
creating preprocessor file for system_NUC1xx.c...
compiling system_NUC1xx.c...
assembling startup_NUC1xx.s...
creating preprocessor file for Smpl_Start_Kit.c...
compiling Smpl_Start_Kit.c...
Smpl_Start_Kit.c(468): warning:  #167-D: argument of type "void (*)(void)" is incompatible with parameter of type "PFN_DRVUART_CALLBACK *"
creating preprocessor file for LCD_Driver.c...
compiling LCD_Driver.c...
creating preprocessor file for Ascii_Table.C...
compiling Ascii_Table.C...
creating preprocessor file for Seven_Segment.c...
compiling Seven_Segment.c...
creating preprocessor file for ScanKey.c...
compiling ScanKey.c...
creating preprocessor file for DrvI2C.c...
compiling DrvI2C.c...
creating preprocessor file for DrvSPI.c...
compiling DrvSPI.c...
creating preprocessor file for DrvSYS.c...
compiling DrvSYS.c...
creating preprocessor file for DrvUART.c...
compiling DrvUART.c...
creating preprocessor file for DrvGPIO.c...
compiling DrvGPIO.c...
creating preprocessor file for retarget.c...
compiling retarget.c...
linking...
Program Size: Code=11168 RO-data=352 RW-data=1648 ZI-data=1248  
User command #1: fromelf --bin ".\obj\Smpl_Start_Kit.axf" --output ".\obj\Smpl_Start_Kit.bin"
User command #2: fromelf --text -c ".\obj\Smpl_Start_Kit.axf" --output ".\obj\Smpl_Start_Kit.txt"
".\obj\Smpl_Start_Kit.axf" - 0 Error(s), 1 Warning(s).
Load "C:\\Nuvoton\\BSP Library\\NUC100SeriesBSP_CMSIS_v1.05.003\\NuvotonPlatform_Keil\\Sample\\NUC1xx-LB_002\\Smpl_Start_Kit\\obj\\Smpl_Start_Kit.AXF" 
Rebuild target 'Smpl_Start_Kit'
creating preprocessor file for core_cm0.c...
compiling core_cm0.c...
creating preprocessor file for system_NUC1xx.c...
compiling system_NUC1xx.c...
assembling startup_NUC1xx.s...
creating preprocessor file for Smpl_Start_Kit.c...
compiling Smpl_Start_Kit.c...
Smpl_Start_Kit.c(468): warning:  #167-D: argument of type "void (*)(void)" is incompatible with parameter of type "PFN_DRVUART_CALLBACK *"
creating preprocessor file for LCD_Driver.c...
compiling LCD_Driver.c...
creating preprocessor file for Ascii_Table.C...
compiling Ascii_Table.C...
creating preprocessor file for Seven_Segment.c...
compiling Seven_Segment.c...
creating preprocessor file for ScanKey.c...
compiling ScanKey.c...
creating preprocessor file for DrvI2C.c...
compiling DrvI2C.c...
creating preprocessor file for DrvSPI.c...
compiling DrvSPI.c...
creating preprocessor file for DrvSYS.c...
compiling DrvSYS.c...
creating preprocessor file for DrvUART.c...
compiling DrvUART.c...
creating preprocessor file for DrvGPIO.c...
compiling DrvGPIO.c...
creating preprocessor file for retarget.c...
compiling retarget.c...
linking...
Program Size: Code=11160 RO-data=352 RW-data=1648 ZI-data=1248  
User command #1: fromelf --bin ".\obj\Smpl_Start_Kit.axf" --output ".\obj\Smpl_Start_Kit.bin"
User command #2: fromelf --text -c ".\obj\Smpl_Start_Kit.axf" --output ".\obj\Smpl_Start_Kit.txt"
".\obj\Smpl_Start_Kit.axf" - 0 Error(s), 1 Warning(s).
Load "C:\\Nuvoton\\BSP Library\\NUC100SeriesBSP_CMSIS_v1.05.003\\NuvotonPlatform_Keil\\Sample\\NUC1xx-LB_002\\Smpl_Start_Kit\\obj\\Smpl_Start_Kit.AXF" 
Rebuild target 'Smpl_Start_Kit'
creating preprocessor file for core_cm0.c...
compiling core_cm0.c...
creating preprocessor file for system_NUC1xx.c...
compiling system_NUC1xx.c...
assembling startup_NUC1xx.s...
creating preprocessor file for Smpl_Start_Kit.c...
compiling Smpl_Start_Kit.c...
Smpl_Start_Kit.c(468): warning:  #167-D: argument of type "void (*)(void)" is incompatible with parameter of type "PFN_DRVUART_CALLBACK *"
creating preprocessor file for LCD_Driver.c...
compiling LCD_Driver.c...
creating preprocessor file for Ascii_Table.C...
compiling Ascii_Table.C...
creating preprocessor file for Seven_Segment.c...
compiling Seven_Segment.c...
creating preprocessor file for ScanKey.c...
compiling ScanKey.c...
creating preprocessor file for DrvI2C.c...
compiling DrvI2C.c...
creating preprocessor file for DrvSPI.c...
compiling DrvSPI.c...
creating preprocessor file for DrvSYS.c...
compiling DrvSYS.c...
creating preprocessor file for DrvUART.c...
compiling DrvUART.c...
creating preprocessor file for DrvGPIO.c...
compiling DrvGPIO.c...
creating preprocessor file for retarget.c...
compiling retarget.c...
linking...
Program Size: Code=11160 RO-data=352 RW-data=1648 ZI-data=1248  
User command #1: fromelf --bin ".\obj\Smpl_Start_Kit.axf" --output ".\obj\Smpl_Start_Kit.bin"
User command #2: fromelf --text -c ".\obj\Smpl_Start_Kit.axf" --output ".\obj\Smpl_Start_Kit.txt"
".\obj\Smpl_Start_Kit.axf" - 0 Error(s), 1 Warning(s).
Load "C:\\Nuvoton\\BSP Library\\NUC100SeriesBSP_CMSIS_v1.05.003\\NuvotonPlatform_Keil\\Sample\\NUC1xx-LB_002\\Smpl_Start_Kit\\obj\\Smpl_Start_Kit.AXF" 
Rebuild target 'Smpl_Start_Kit'
creating preprocessor file for core_cm0.c...
compiling core_cm0.c...
creating preprocessor file for system_NUC1xx.c...
compiling system_NUC1xx.c...
assembling startup_NUC1xx.s...
creating preprocessor file for Smpl_Start_Kit.c...
compiling Smpl_Start_Kit.c...
Smpl_Start_Kit.c(468): warning:  #167-D: argument of type "void (*)(void)" is incompatible with parameter of type "PFN_DRVUART_CALLBACK *"
creating preprocessor file for LCD_Driver.c...
compiling LCD_Driver.c...
creating preprocessor file for Ascii_Table.C...
compiling Ascii_Table.C...
creating preprocessor file for Seven_Segment.c...
compiling Seven_Segment.c...
creating preprocessor file for ScanKey.c...
compiling ScanKey.c...
creating preprocessor file for DrvI2C.c...
compiling DrvI2C.c...
creating preprocessor file for DrvSPI.c...
compiling DrvSPI.c...
creating preprocessor file for DrvSYS.c...
compiling DrvSYS.c...
creating preprocessor file for DrvUART.c...
compiling DrvUART.c...
creating preprocessor file for DrvGPIO.c...
compiling DrvGPIO.c...
creating preprocessor file for retarget.c...
compiling retarget.c...
linking...
Program Size: Code=11160 RO-data=352 RW-data=1648 ZI-data=1248  
User command #1: fromelf --bin ".\obj\Smpl_Start_Kit.axf" --output ".\obj\Smpl_Start_Kit.bin"
User command #2: fromelf --text -c ".\obj\Smpl_Start_Kit.axf" --output ".\obj\Smpl_Start_Kit.txt"
".\obj\Smpl_Start_Kit.axf" - 0 Error(s), 1 Warning(s).
Load "C:\\Nuvoton\\BSP Library\\NUC100SeriesBSP_CMSIS_v1.05.003\\NuvotonPlatform_Keil\\Sample\\NUC1xx-LB_002\\Smpl_Start_Kit\\obj\\Smpl_Start_Kit.AXF" 
Rebuild target 'Smpl_Start_Kit'
creating preprocessor file for core_cm0.c...
compiling core_cm0.c...
creating preprocessor file for system_NUC1xx.c...
compiling system_NUC1xx.c...
assembling startup_NUC1xx.s...
creating preprocessor file for Smpl_Start_Kit.c...
compiling Smpl_Start_Kit.c...
Smpl_Start_Kit.c(534): warning:  #167-D: argument of type "void (*)(void)" is incompatible with parameter of type "PFN_DRVUART_CALLBACK *"
creating preprocessor file for LCD_Driver.c...
compiling LCD_Driver.c...
creating preprocessor file for Ascii_Table.C...
compiling Ascii_Table.C...
creating preprocessor file for Seven_Segment.c...
compiling Seven_Segment.c...
creating preprocessor file for ScanKey.c...
compiling ScanKey.c...
creating preprocessor file for DrvI2C.c...
compiling DrvI2C.c...
creating preprocessor file for DrvSPI.c...
compiling DrvSPI.c...
creating preprocessor file for DrvSYS.c...
compiling DrvSYS.c...
creating preprocessor file for DrvUART.c...
compiling DrvUART.c...
creating preprocessor file for DrvGPIO.c...
compiling DrvGPIO.c...
creating preprocessor file for retarget.c...
compiling retarget.c...
linking...
Program Size: Code=11160 RO-data=352 RW-data=1664 ZI-data=1248  
User command #1: fromelf --bin ".\obj\Smpl_Start_Kit.axf" --output ".\obj\Smpl_Start_Kit.bin"
User command #2: fromelf --text -c ".\obj\Smpl_Start_Kit.axf" --output ".\obj\Smpl_Start_Kit.txt"
".\obj\Smpl_Start_Kit.axf" - 0 Error(s), 1 Warning(s).
Load "C:\\Nuvoton\\BSP Library\\NUC100SeriesBSP_CMSIS_v1.05.003\\NuvotonPlatform_Keil\\Sample\\NUC1xx-LB_002\\Smpl_Start_Kit\\obj\\Smpl_Start_Kit.AXF" 
Rebuild target 'Smpl_Start_Kit'
creating preprocessor file for core_cm0.c...
compiling core_cm0.c...
creating preprocessor file for system_NUC1xx.c...
compiling system_NUC1xx.c...
assembling startup_NUC1xx.s...
creating preprocessor file for Smpl_Start_Kit.c...
compiling Smpl_Start_Kit.c...
Smpl_Start_Kit.c(534): warning:  #167-D: argument of type "void (*)(void)" is incompatible with parameter of type "PFN_DRVUART_CALLBACK *"
creating preprocessor file for LCD_Driver.c...
compiling LCD_Driver.c...
creating preprocessor file for Ascii_Table.C...
compiling Ascii_Table.C...
creating preprocessor file for Seven_Segment.c...
compiling Seven_Segment.c...
creating preprocessor file for ScanKey.c...
compiling ScanKey.c...
creating preprocessor file for DrvI2C.c...
compiling DrvI2C.c...
creating preprocessor file for DrvSPI.c...
compiling DrvSPI.c...
creating preprocessor file for DrvSYS.c...
compiling DrvSYS.c...
creating preprocessor file for DrvUART.c...
compiling DrvUART.c...
creating preprocessor file for DrvGPIO.c...
compiling DrvGPIO.c...
creating preprocessor file for retarget.c...
compiling retarget.c...
linking...
Program Size: Code=11508 RO-data=352 RW-data=1676 ZI-data=1252  
User command #1: fromelf --bin ".\obj\Smpl_Start_Kit.axf" --output ".\obj\Smpl_Start_Kit.bin"
User command #2: fromelf --text -c ".\obj\Smpl_Start_Kit.axf" --output ".\obj\Smpl_Start_Kit.txt"
".\obj\Smpl_Start_Kit.axf" - 0 Error(s), 1 Warning(s).
Load "C:\\Nuvoton\\BSP Library\\NUC100SeriesBSP_CMSIS_v1.05.003\\NuvotonPlatform_Keil\\Sample\\NUC1xx-LB_002\\Smpl_Start_Kit\\obj\\Smpl_Start_Kit.AXF" 
Rebuild target 'Smpl_Start_Kit'
creating preprocessor file for core_cm0.c...
compiling core_cm0.c...
creating preprocessor file for system_NUC1xx.c...
compiling system_NUC1xx.c...
assembling startup_NUC1xx.s...
creating preprocessor file for Smpl_Start_Kit.c...
compiling Smpl_Start_Kit.c...
Smpl_Start_Kit.c(534): warning:  #167-D: argument of type "void (*)(void)" is incompatible with parameter of type "PFN_DRVUART_CALLBACK *"
creating preprocessor file for LCD_Driver.c...
compiling LCD_Driver.c...
creating preprocessor file for Ascii_Table.C...
compiling Ascii_Table.C...
creating preprocessor file for Seven_Segment.c...
compiling Seven_Segment.c...
creating preprocessor file for ScanKey.c...
compiling ScanKey.c...
creating preprocessor file for DrvI2C.c...
compiling DrvI2C.c...
creating preprocessor file for DrvSPI.c...
compiling DrvSPI.c...
creating preprocessor file for DrvSYS.c...
compiling DrvSYS.c...
creating preprocessor file for DrvUART.c...
compiling DrvUART.c...
creating preprocessor file for DrvGPIO.c...
compiling DrvGPIO.c...
creating preprocessor file for retarget.c...
compiling retarget.c...
linking...
Program Size: Code=11160 RO-data=352 RW-data=1664 ZI-data=1248  
User command #1: fromelf --bin ".\obj\Smpl_Start_Kit.axf" --output ".\obj\Smpl_Start_Kit.bin"
User command #2: fromelf --text -c ".\obj\Smpl_Start_Kit.axf" --output ".\obj\Smpl_Start_Kit.txt"
".\obj\Smpl_Start_Kit.axf" - 0 Error(s), 1 Warning(s).
Load "C:\\Nuvoton\\BSP Library\\NUC100SeriesBSP_CMSIS_v1.05.003\\NuvotonPlatform_Keil\\Sample\\NUC1xx-LB_002\\Smpl_Start_Kit\\obj\\Smpl_Start_Kit.AXF" 
Rebuild target 'Smpl_Start_Kit'
creating preprocessor file for core_cm0.c...
compiling core_cm0.c...
creating preprocessor file for system_NUC1xx.c...
compiling system_NUC1xx.c...
assembling startup_NUC1xx.s...
creating preprocessor file for Smpl_Start_Kit.c...
compiling Smpl_Start_Kit.c...
Smpl_Start_Kit.c(534): warning:  #167-D: argument of type "void (*)(void)" is incompatible with parameter of type "PFN_DRVUART_CALLBACK *"
creating preprocessor file for LCD_Driver.c...
compiling LCD_Driver.c...
creating preprocessor file for Ascii_Table.C...
compiling Ascii_Table.C...
creating preprocessor file for Seven_Segment.c...
compiling Seven_Segment.c...
creating preprocessor file for ScanKey.c...
compiling ScanKey.c...
creating preprocessor file for DrvI2C.c...
compiling DrvI2C.c...
creating preprocessor file for DrvSPI.c...
compiling DrvSPI.c...
creating preprocessor file for DrvSYS.c...
compiling DrvSYS.c...
creating preprocessor file for DrvUART.c...
compiling DrvUART.c...
creating preprocessor file for DrvGPIO.c...
compiling DrvGPIO.c...
creating preprocessor file for retarget.c...
compiling retarget.c...
linking...
Program Size: Code=11504 RO-data=352 RW-data=1676 ZI-data=1252  
User command #1: fromelf --bin ".\obj\Smpl_Start_Kit.axf" --output ".\obj\Smpl_Start_Kit.bin"
User command #2: fromelf --text -c ".\obj\Smpl_Start_Kit.axf" --output ".\obj\Smpl_Start_Kit.txt"
".\obj\Smpl_Start_Kit.axf" - 0 Error(s), 1 Warning(s).
Load "C:\\Nuvoton\\BSP Library\\NUC100SeriesBSP_CMSIS_v1.05.003\\NuvotonPlatform_Keil\\Sample\\NUC1xx-LB_002\\Smpl_Start_Kit\\obj\\Smpl_Start_Kit.AXF" 
Rebuild target 'Smpl_Start_Kit'
creating preprocessor file for core_cm0.c...
compiling core_cm0.c...
creating preprocessor file for system_NUC1xx.c...
compiling system_NUC1xx.c...
assembling startup_NUC1xx.s...
creating preprocessor file for Smpl_Start_Kit.c...
compiling Smpl_Start_Kit.c...
Smpl_Start_Kit.c(534): warning:  #167-D: argument of type "void (*)(void)" is incompatible with parameter of type "PFN_DRVUART_CALLBACK *"
creating preprocessor file for LCD_Driver.c...
compiling LCD_Driver.c...
creating preprocessor file for Ascii_Table.C...
compiling Ascii_Table.C...
creating preprocessor file for Seven_Segment.c...
compiling Seven_Segment.c...
creating preprocessor file for ScanKey.c...
compiling ScanKey.c...
creating preprocessor file for DrvI2C.c...
compiling DrvI2C.c...
creating preprocessor file for DrvSPI.c...
compiling DrvSPI.c...
creating preprocessor file for DrvSYS.c...
compiling DrvSYS.c...
creating preprocessor file for DrvUART.c...
compiling DrvUART.c...
creating preprocessor file for DrvGPIO.c...
compiling DrvGPIO.c...
creating preprocessor file for retarget.c...
compiling retarget.c...
linking...
Program Size: Code=11504 RO-data=352 RW-data=1676 ZI-data=1252  
User command #1: fromelf --bin ".\obj\Smpl_Start_Kit.axf" --output ".\obj\Smpl_Start_Kit.bin"
User command #2: fromelf --text -c ".\obj\Smpl_Start_Kit.axf" --output ".\obj\Smpl_Start_Kit.txt"
".\obj\Smpl_Start_Kit.axf" - 0 Error(s), 1 Warning(s).
Load "C:\\Nuvoton\\BSP Library\\NUC100SeriesBSP_CMSIS_v1.05.003\\NuvotonPlatform_Keil\\Sample\\NUC1xx-LB_002\\Smpl_Start_Kit\\obj\\Smpl_Start_Kit.AXF" 
Rebuild target 'Smpl_Start_Kit'
creating preprocessor file for core_cm0.c...
compiling core_cm0.c...
creating preprocessor file for system_NUC1xx.c...
compiling system_NUC1xx.c...
assembling startup_NUC1xx.s...
creating preprocessor file for Smpl_Start_Kit.c...
compiling Smpl_Start_Kit.c...
Smpl_Start_Kit.c(534): warning:  #167-D: argument of type "void (*)(void)" is incompatible with parameter of type "PFN_DRVUART_CALLBACK *"
creating preprocessor file for LCD_Driver.c...
compiling LCD_Driver.c...
creating preprocessor file for Ascii_Table.C...
compiling Ascii_Table.C...
creating preprocessor file for Seven_Segment.c...
compiling Seven_Segment.c...
creating preprocessor file for ScanKey.c...
compiling ScanKey.c...
creating preprocessor file for DrvI2C.c...
compiling DrvI2C.c...
creating preprocessor file for DrvSPI.c...
compiling DrvSPI.c...
creating preprocessor file for DrvSYS.c...
compiling DrvSYS.c...
creating preprocessor file for DrvUART.c...
compiling DrvUART.c...
creating preprocessor file for DrvGPIO.c...
compiling DrvGPIO.c...
creating preprocessor file for retarget.c...
compiling retarget.c...
linking...
Program Size: Code=11484 RO-data=352 RW-data=1676 ZI-data=1252  
User command #1: fromelf --bin ".\obj\Smpl_Start_Kit.axf" --output ".\obj\Smpl_Start_Kit.bin"
User command #2: fromelf --text -c ".\obj\Smpl_Start_Kit.axf" --output ".\obj\Smpl_Start_Kit.txt"
".\obj\Smpl_Start_Kit.axf" - 0 Error(s), 1 Warning(s).
Load "C:\\Nuvoton\\BSP Library\\NUC100SeriesBSP_CMSIS_v1.05.003\\NuvotonPlatform_Keil\\Sample\\NUC1xx-LB_002\\Smpl_Start_Kit\\obj\\Smpl_Start_Kit.AXF" 
Rebuild target 'Smpl_Start_Kit'
creating preprocessor file for core_cm0.c...
compiling core_cm0.c...
creating preprocessor file for system_NUC1xx.c...
compiling system_NUC1xx.c...
assembling startup_NUC1xx.s...
creating preprocessor file for Smpl_Start_Kit.c...
compiling Smpl_Start_Kit.c...
Smpl_Start_Kit.c(534): warning:  #167-D: argument of type "void (*)(void)" is incompatible with parameter of type "PFN_DRVUART_CALLBACK *"
creating preprocessor file for LCD_Driver.c...
compiling LCD_Driver.c...
creating preprocessor file for Ascii_Table.C...
compiling Ascii_Table.C...
creating preprocessor file for Seven_Segment.c...
compiling Seven_Segment.c...
creating preprocessor file for ScanKey.c...
compiling ScanKey.c...
creating preprocessor file for DrvI2C.c...
compiling DrvI2C.c...
creating preprocessor file for DrvSPI.c...
compiling DrvSPI.c...
creating preprocessor file for DrvSYS.c...
compiling DrvSYS.c...
creating preprocessor file for DrvUART.c...
compiling DrvUART.c...
creating preprocessor file for DrvGPIO.c...
compiling DrvGPIO.c...
creating preprocessor file for retarget.c...
compiling retarget.c...
linking...
Program Size: Code=11488 RO-data=352 RW-data=1676 ZI-data=1252  
User command #1: fromelf --bin ".\obj\Smpl_Start_Kit.axf" --output ".\obj\Smpl_Start_Kit.bin"
User command #2: fromelf --text -c ".\obj\Smpl_Start_Kit.axf" --output ".\obj\Smpl_Start_Kit.txt"
".\obj\Smpl_Start_Kit.axf" - 0 Error(s), 1 Warning(s).
Load "C:\\Nuvoton\\BSP Library\\NUC100SeriesBSP_CMSIS_v1.05.003\\NuvotonPlatform_Keil\\Sample\\NUC1xx-LB_002\\Smpl_Start_Kit\\obj\\Smpl_Start_Kit.AXF" 
Rebuild target 'Smpl_Start_Kit'
creating preprocessor file for core_cm0.c...
compiling core_cm0.c...
creating preprocessor file for system_NUC1xx.c...
compiling system_NUC1xx.c...
assembling startup_NUC1xx.s...
creating preprocessor file for Smpl_Start_Kit.c...
compiling Smpl_Start_Kit.c...
Smpl_Start_Kit.c(534): warning:  #167-D: argument of type "void (*)(void)" is incompatible with parameter of type "PFN_DRVUART_CALLBACK *"
creating preprocessor file for LCD_Driver.c...
compiling LCD_Driver.c...
creating preprocessor file for Ascii_Table.C...
compiling Ascii_Table.C...
creating preprocessor file for Seven_Segment.c...
compiling Seven_Segment.c...
creating preprocessor file for ScanKey.c...
compiling ScanKey.c...
creating preprocessor file for DrvI2C.c...
compiling DrvI2C.c...
creating preprocessor file for DrvSPI.c...
compiling DrvSPI.c...
creating preprocessor file for DrvSYS.c...
compiling DrvSYS.c...
creating preprocessor file for DrvUART.c...
compiling DrvUART.c...
creating preprocessor file for DrvGPIO.c...
compiling DrvGPIO.c...
creating preprocessor file for retarget.c...
compiling retarget.c...
linking...
Program Size: Code=11540 RO-data=352 RW-data=1676 ZI-data=1252  
User command #1: fromelf --bin ".\obj\Smpl_Start_Kit.axf" --output ".\obj\Smpl_Start_Kit.bin"
User command #2: fromelf --text -c ".\obj\Smpl_Start_Kit.axf" --output ".\obj\Smpl_Start_Kit.txt"
".\obj\Smpl_Start_Kit.axf" - 0 Error(s), 1 Warning(s).
Load "C:\\Nuvoton\\BSP Library\\NUC100SeriesBSP_CMSIS_v1.05.003\\NuvotonPlatform_Keil\\Sample\\NUC1xx-LB_002\\Smpl_Start_Kit\\obj\\Smpl_Start_Kit.AXF" 
Rebuild target 'Smpl_Start_Kit'
creating preprocessor file for core_cm0.c...
compiling core_cm0.c...
creating preprocessor file for system_NUC1xx.c...
compiling system_NUC1xx.c...
assembling startup_NUC1xx.s...
creating preprocessor file for Smpl_Start_Kit.c...
compiling Smpl_Start_Kit.c...
Smpl_Start_Kit.c(536): warning:  #167-D: argument of type "void (*)(void)" is incompatible with parameter of type "PFN_DRVUART_CALLBACK *"
creating preprocessor file for LCD_Driver.c...
compiling LCD_Driver.c...
creating preprocessor file for Ascii_Table.C...
compiling Ascii_Table.C...
creating preprocessor file for Seven_Segment.c...
compiling Seven_Segment.c...
creating preprocessor file for ScanKey.c...
compiling ScanKey.c...
creating preprocessor file for DrvI2C.c...
compiling DrvI2C.c...
creating preprocessor file for DrvSPI.c...
compiling DrvSPI.c...
creating preprocessor file for DrvSYS.c...
compiling DrvSYS.c...
creating preprocessor file for DrvUART.c...
compiling DrvUART.c...
creating preprocessor file for DrvGPIO.c...
compiling DrvGPIO.c...
creating preprocessor file for retarget.c...
compiling retarget.c...
linking...
Program Size: Code=11520 RO-data=352 RW-data=1684 ZI-data=1252  
User command #1: fromelf --bin ".\obj\Smpl_Start_Kit.axf" --output ".\obj\Smpl_Start_Kit.bin"
User command #2: fromelf --text -c ".\obj\Smpl_Start_Kit.axf" --output ".\obj\Smpl_Start_Kit.txt"
".\obj\Smpl_Start_Kit.axf" - 0 Error(s), 1 Warning(s).
Load "C:\\Nuvoton\\BSP Library\\NUC100SeriesBSP_CMSIS_v1.05.003\\NuvotonPlatform_Keil\\Sample\\NUC1xx-LB_002\\Smpl_Start_Kit\\obj\\Smpl_Start_Kit.AXF" 
Rebuild target 'Smpl_Start_Kit'
creating preprocessor file for core_cm0.c...
compiling core_cm0.c...
creating preprocessor file for system_NUC1xx.c...
compiling system_NUC1xx.c...
assembling startup_NUC1xx.s...
creating preprocessor file for Smpl_Start_Kit.c...
compiling Smpl_Start_Kit.c...
Smpl_Start_Kit.c(536): warning:  #167-D: argument of type "void (*)(void)" is incompatible with parameter of type "PFN_DRVUART_CALLBACK *"
creating preprocessor file for LCD_Driver.c...
compiling LCD_Driver.c...
creating preprocessor file for Ascii_Table.C...
compiling Ascii_Table.C...
creating preprocessor file for Seven_Segment.c...
compiling Seven_Segment.c...
creating preprocessor file for ScanKey.c...
compiling ScanKey.c...
creating preprocessor file for DrvI2C.c...
compiling DrvI2C.c...
creating preprocessor file for DrvSPI.c...
compiling DrvSPI.c...
creating preprocessor file for DrvSYS.c...
compiling DrvSYS.c...
creating preprocessor file for DrvUART.c...
compiling DrvUART.c...
creating preprocessor file for DrvGPIO.c...
compiling DrvGPIO.c...
creating preprocessor file for retarget.c...
compiling retarget.c...
linking...
Program Size: Code=11520 RO-data=352 RW-data=1684 ZI-data=1252  
User command #1: fromelf --bin ".\obj\Smpl_Start_Kit.axf" --output ".\obj\Smpl_Start_Kit.bin"
User command #2: fromelf --text -c ".\obj\Smpl_Start_Kit.axf" --output ".\obj\Smpl_Start_Kit.txt"
".\obj\Smpl_Start_Kit.axf" - 0 Error(s), 1 Warning(s).
Load "C:\\Nuvoton\\BSP Library\\NUC100SeriesBSP_CMSIS_v1.05.003\\NuvotonPlatform_Keil\\Sample\\NUC1xx-LB_002\\Smpl_Start_Kit\\obj\\Smpl_Start_Kit.AXF" 
Rebuild target 'Smpl_Start_Kit'
creating preprocessor file for core_cm0.c...
compiling core_cm0.c...
creating preprocessor file for system_NUC1xx.c...
compiling system_NUC1xx.c...
assembling startup_NUC1xx.s...
creating preprocessor file for Smpl_Start_Kit.c...
compiling Smpl_Start_Kit.c...
Smpl_Start_Kit.c(536): warning:  #167-D: argument of type "void (*)(void)" is incompatible with parameter of type "PFN_DRVUART_CALLBACK *"
creating preprocessor file for LCD_Driver.c...
compiling LCD_Driver.c...
creating preprocessor file for Ascii_Table.C...
compiling Ascii_Table.C...
creating preprocessor file for Seven_Segment.c...
compiling Seven_Segment.c...
creating preprocessor file for ScanKey.c...
compiling ScanKey.c...
creating preprocessor file for DrvI2C.c...
compiling DrvI2C.c...
creating preprocessor file for DrvSPI.c...
compiling DrvSPI.c...
creating preprocessor file for DrvSYS.c...
compiling DrvSYS.c...
creating preprocessor file for DrvUART.c...
compiling DrvUART.c...
creating preprocessor file for DrvGPIO.c...
compiling DrvGPIO.c...
creating preprocessor file for retarget.c...
compiling retarget.c...
linking...
Program Size: Code=11516 RO-data=352 RW-data=1684 ZI-data=1252  
User command #1: fromelf --bin ".\obj\Smpl_Start_Kit.axf" --output ".\obj\Smpl_Start_Kit.bin"
User command #2: fromelf --text -c ".\obj\Smpl_Start_Kit.axf" --output ".\obj\Smpl_Start_Kit.txt"
".\obj\Smpl_Start_Kit.axf" - 0 Error(s), 1 Warning(s).
Load "C:\\Nuvoton\\BSP Library\\NUC100SeriesBSP_CMSIS_v1.05.003\\NuvotonPlatform_Keil\\Sample\\NUC1xx-LB_002\\Smpl_Start_Kit\\obj\\Smpl_Start_Kit.AXF" 
Rebuild target 'Smpl_Start_Kit'
creating preprocessor file for core_cm0.c...
compiling core_cm0.c...
creating preprocessor file for system_NUC1xx.c...
compiling system_NUC1xx.c...
assembling startup_NUC1xx.s...
creating preprocessor file for Smpl_Start_Kit.c...
compiling Smpl_Start_Kit.c...
Smpl_Start_Kit.c(536): warning:  #167-D: argument of type "void (*)(void)" is incompatible with parameter of type "PFN_DRVUART_CALLBACK *"
creating preprocessor file for LCD_Driver.c...
compiling LCD_Driver.c...
creating preprocessor file for Ascii_Table.C...
compiling Ascii_Table.C...
creating preprocessor file for Seven_Segment.c...
compiling Seven_Segment.c...
creating preprocessor file for ScanKey.c...
compiling ScanKey.c...
creating preprocessor file for DrvI2C.c...
compiling DrvI2C.c...
creating preprocessor file for DrvSPI.c...
compiling DrvSPI.c...
creating preprocessor file for DrvSYS.c...
compiling DrvSYS.c...
creating preprocessor file for DrvUART.c...
compiling DrvUART.c...
creating preprocessor file for DrvGPIO.c...
compiling DrvGPIO.c...
creating preprocessor file for retarget.c...
compiling retarget.c...
linking...
Program Size: Code=11516 RO-data=352 RW-data=1684 ZI-data=1252  
User command #1: fromelf --bin ".\obj\Smpl_Start_Kit.axf" --output ".\obj\Smpl_Start_Kit.bin"
User command #2: fromelf --text -c ".\obj\Smpl_Start_Kit.axf" --output ".\obj\Smpl_Start_Kit.txt"
".\obj\Smpl_Start_Kit.axf" - 0 Error(s), 1 Warning(s).
Load "C:\\Nuvoton\\BSP Library\\NUC100SeriesBSP_CMSIS_v1.05.003\\NuvotonPlatform_Keil\\Sample\\NUC1xx-LB_002\\Smpl_Start_Kit\\obj\\Smpl_Start_Kit.AXF" 
Rebuild target 'Smpl_Start_Kit'
creating preprocessor file for core_cm0.c...
compiling core_cm0.c...
creating preprocessor file for system_NUC1xx.c...
compiling system_NUC1xx.c...
assembling startup_NUC1xx.s...
creating preprocessor file for Smpl_Start_Kit.c...
compiling Smpl_Start_Kit.c...
Smpl_Start_Kit.c(536): warning:  #167-D: argument of type "void (*)(void)" is incompatible with parameter of type "PFN_DRVUART_CALLBACK *"
creating preprocessor file for LCD_Driver.c...
compiling LCD_Driver.c...
creating preprocessor file for Ascii_Table.C...
compiling Ascii_Table.C...
creating preprocessor file for Seven_Segment.c...
compiling Seven_Segment.c...
creating preprocessor file for ScanKey.c...
compiling ScanKey.c...
creating preprocessor file for DrvI2C.c...
compiling DrvI2C.c...
creating preprocessor file for DrvSPI.c...
compiling DrvSPI.c...
creating preprocessor file for DrvSYS.c...
compiling DrvSYS.c...
creating preprocessor file for DrvUART.c...
compiling DrvUART.c...
creating preprocessor file for DrvGPIO.c...
compiling DrvGPIO.c...
creating preprocessor file for retarget.c...
compiling retarget.c...
linking...
Program Size: Code=11516 RO-data=352 RW-data=1684 ZI-data=1252  
User command #1: fromelf --bin ".\obj\Smpl_Start_Kit.axf" --output ".\obj\Smpl_Start_Kit.bin"
User command #2: fromelf --text -c ".\obj\Smpl_Start_Kit.axf" --output ".\obj\Smpl_Start_Kit.txt"
".\obj\Smpl_Start_Kit.axf" - 0 Error(s), 1 Warning(s).
Load "C:\\Nuvoton\\BSP Library\\NUC100SeriesBSP_CMSIS_v1.05.003\\NuvotonPlatform_Keil\\Sample\\NUC1xx-LB_002\\Smpl_Start_Kit\\obj\\Smpl_Start_Kit.AXF" 
Rebuild target 'Smpl_Start_Kit'
creating preprocessor file for core_cm0.c...
compiling core_cm0.c...
creating preprocessor file for system_NUC1xx.c...
compiling system_NUC1xx.c...
assembling startup_NUC1xx.s...
creating preprocessor file for Smpl_Start_Kit.c...
compiling Smpl_Start_Kit.c...
Smpl_Start_Kit.c(520): warning:  #167-D: argument of type "void (*)(void)" is incompatible with parameter of type "PFN_DRVUART_CALLBACK *"
creating preprocessor file for LCD_Driver.c...
compiling LCD_Driver.c...
creating preprocessor file for Ascii_Table.C...
compiling Ascii_Table.C...
creating preprocessor file for Seven_Segment.c...
compiling Seven_Segment.c...
creating preprocessor file for ScanKey.c...
compiling ScanKey.c...
creating preprocessor file for DrvI2C.c...
compiling DrvI2C.c...
creating preprocessor file for DrvSPI.c...
compiling DrvSPI.c...
creating preprocessor file for DrvSYS.c...
compiling DrvSYS.c...
creating preprocessor file for DrvUART.c...
compiling DrvUART.c...
creating preprocessor file for DrvGPIO.c...
compiling DrvGPIO.c...
creating preprocessor file for retarget.c...
compiling retarget.c...
linking...
Program Size: Code=11516 RO-data=352 RW-data=1684 ZI-data=1252  
User command #1: fromelf --bin ".\obj\Smpl_Start_Kit.axf" --output ".\obj\Smpl_Start_Kit.bin"
User command #2: fromelf --text -c ".\obj\Smpl_Start_Kit.axf" --output ".\obj\Smpl_Start_Kit.txt"
".\obj\Smpl_Start_Kit.axf" - 0 Error(s), 1 Warning(s).
Rebuild target 'Smpl_Start_Kit'
creating preprocessor file for core_cm0.c...
compiling core_cm0.c...
creating preprocessor file for system_NUC1xx.c...
compiling system_NUC1xx.c...
assembling startup_NUC1xx.s...
creating preprocessor file for Smpl_Start_Kit.c...
compiling Smpl_Start_Kit.c...
Smpl_Start_Kit.c(518): warning:  #167-D: argument of type "void (*)(void)" is incompatible with parameter of type "PFN_DRVUART_CALLBACK *"
creating preprocessor file for LCD_Driver.c...
compiling LCD_Driver.c...
creating preprocessor file for Ascii_Table.C...
compiling Ascii_Table.C...
creating preprocessor file for Seven_Segment.c...
compiling Seven_Segment.c...
creating preprocessor file for ScanKey.c...
compiling ScanKey.c...
creating preprocessor file for DrvI2C.c...
compiling DrvI2C.c...
creating preprocessor file for DrvSPI.c...
compiling DrvSPI.c...
creating preprocessor file for DrvSYS.c...
compiling DrvSYS.c...
creating preprocessor file for DrvUART.c...
compiling DrvUART.c...
creating preprocessor file for DrvGPIO.c...
compiling DrvGPIO.c...
creating preprocessor file for retarget.c...
compiling retarget.c...
linking...
Program Size: Code=11516 RO-data=352 RW-data=1684 ZI-data=1252  
User command #1: fromelf --bin ".\obj\Smpl_Start_Kit.axf" --output ".\obj\Smpl_Start_Kit.bin"
User command #2: fromelf --text -c ".\obj\Smpl_Start_Kit.axf" --output ".\obj\Smpl_Start_Kit.txt"
".\obj\Smpl_Start_Kit.axf" - 0 Error(s), 1 Warning(s).
Load "C:\\Nuvoton\\BSP Library\\NUC100SeriesBSP_CMSIS_v1.05.003\\NuvotonPlatform_Keil\\Sample\\NUC1xx-LB_002\\Smpl_Start_Kit\\obj\\Smpl_Start_Kit.AXF" 
