ARM Linker, 4.1 [Build 894] [Evaluation]

==============================================================================

Small function inlining results

Inlined function __aeabi_idiv0 from aeabi_idiv0.o at offset 0x154 in aeabi_sdiv.o(.text).
Inlined Instruction: BX       lr
Inlined function __aeabi_idiv0 from aeabi_idiv0.o at offset 0x154 in aeabi_sdiv_div0.o(.text).
Inlined Instruction: BX       lr
Inlined function _platform_pre_stackheap_init from boardinit1.o at offset 0x0 in rtentry2.o(.ARM.Collect$$rtentry$$00000001).
Inlined Instruction: BX       lr
Inlined function _fp_init from fpinit.o at offset 0x2 in libinit.o(.ARM.Collect$$libinit$$00000000).
Inlined Instruction: BX       lr
Inlined function _platform_pre_lib_shutdown from boardshut.o at offset 0x0 in rtexit2.o(.ARM.Collect$$rtexit$$00000001).
Inlined Instruction: BX       lr
Inlined function __ARM_get_argv from no_argv.o at offset 0x2 in argv_veneer.o(.text).
Inlined Instruction: BX       lr
Inlined total of 6 calls.

==============================================================================

Memory Map of the image

  Image Entry point : 0x000001b9

  Load Region LR_1 (Base: 0x00000000, Size: 0x000034f0, Max: 0xffffffff, ABSOLUTE)

    Execution Region ER_RO (Base: 0x00000000, Size: 0x00002e5c, Max: 0xffffffff, ABSOLUTE)

    Base Addr    Size         Type   Attr      Idx    E Section Name        Object

    0x00000000   0x000000c0   Data   RO           55    RESET               startup_nuc1xx.o
    0x000000c0   0x00000008   Code   RO         1596  * !!!main             c_p.l(__main.o)
    0x000000c8   0x0000003c   Code   RO         1771    !!!scatter          c_p.l(__scatter.o)
    0x00000104   0x0000001a   Code   RO         1773    !!handler_copy      c_p.l(__scatter_copy.o)
    0x0000011e   0x00000002   PAD
    0x00000120   0x0000001c   Code   RO         1775    !!handler_zi        c_p.l(__scatter_zi.o)
    0x0000013c   0x00000002   Code   RO         1585    .ARM.Collect$$_printf_percent$$00000000  c_p.l(_printf_percent.o)
    0x0000013e   0x0000000a   Code   RO         1584    .ARM.Collect$$_printf_percent$$00000009  c_p.l(_printf_d.o)
    0x00000148   0x0000000a   Code   RO         1583    .ARM.Collect$$_printf_percent$$00000014  c_p.l(_printf_s.o)
    0x00000152   0x00000004   Code   RO         1611    .ARM.Collect$$_printf_percent$$00000017  c_p.l(_printf_percent_end.o)
    0x00000156   0x00000006   Code   RO         1647    .ARM.Collect$$libinit$$00000000  c_p.l(libinit.o)
    0x0000015c   0x00000000   Code   RO         1662    .ARM.Collect$$libinit$$00000006  c_p.l(libinit2.o)
    0x0000015c   0x00000000   Code   RO         1664    .ARM.Collect$$libinit$$00000008  c_p.l(libinit2.o)
    0x0000015c   0x00000000   Code   RO         1666    .ARM.Collect$$libinit$$0000000A  c_p.l(libinit2.o)
    0x0000015c   0x00000000   Code   RO         1669    .ARM.Collect$$libinit$$0000000D  c_p.l(libinit2.o)
    0x0000015c   0x00000000   Code   RO         1671    .ARM.Collect$$libinit$$0000000F  c_p.l(libinit2.o)
    0x0000015c   0x00000000   Code   RO         1673    .ARM.Collect$$libinit$$00000011  c_p.l(libinit2.o)
    0x0000015c   0x00000000   Code   RO         1675    .ARM.Collect$$libinit$$00000013  c_p.l(libinit2.o)
    0x0000015c   0x00000000   Code   RO         1677    .ARM.Collect$$libinit$$00000015  c_p.l(libinit2.o)
    0x0000015c   0x00000000   Code   RO         1679    .ARM.Collect$$libinit$$00000017  c_p.l(libinit2.o)
    0x0000015c   0x00000000   Code   RO         1681    .ARM.Collect$$libinit$$00000019  c_p.l(libinit2.o)
    0x0000015c   0x00000000   Code   RO         1683    .ARM.Collect$$libinit$$0000001B  c_p.l(libinit2.o)
    0x0000015c   0x00000000   Code   RO         1685    .ARM.Collect$$libinit$$0000001D  c_p.l(libinit2.o)
    0x0000015c   0x00000000   Code   RO         1687    .ARM.Collect$$libinit$$0000001F  c_p.l(libinit2.o)
    0x0000015c   0x00000000   Code   RO         1689    .ARM.Collect$$libinit$$00000021  c_p.l(libinit2.o)
    0x0000015c   0x00000000   Code   RO         1693    .ARM.Collect$$libinit$$00000028  c_p.l(libinit2.o)
    0x0000015c   0x00000000   Code   RO         1695    .ARM.Collect$$libinit$$0000002A  c_p.l(libinit2.o)
    0x0000015c   0x00000000   Code   RO         1697    .ARM.Collect$$libinit$$0000002C  c_p.l(libinit2.o)
    0x0000015c   0x00000000   Code   RO         1699    .ARM.Collect$$libinit$$0000002E  c_p.l(libinit2.o)
    0x0000015c   0x00000002   Code   RO         1700    .ARM.Collect$$libinit$$0000002F  c_p.l(libinit2.o)
    0x0000015e   0x00000002   Code   RO         1729    .ARM.Collect$$libshutdown$$00000000  c_p.l(libshutdown.o)
    0x00000160   0x00000000   Code   RO         1756    .ARM.Collect$$libshutdown$$00000003  c_p.l(libshutdown2.o)
    0x00000160   0x00000000   Code   RO         1759    .ARM.Collect$$libshutdown$$00000006  c_p.l(libshutdown2.o)
    0x00000160   0x00000000   Code   RO         1762    .ARM.Collect$$libshutdown$$00000009  c_p.l(libshutdown2.o)
    0x00000160   0x00000000   Code   RO         1764    .ARM.Collect$$libshutdown$$0000000B  c_p.l(libshutdown2.o)
    0x00000160   0x00000000   Code   RO         1767    .ARM.Collect$$libshutdown$$0000000E  c_p.l(libshutdown2.o)
    0x00000160   0x00000002   Code   RO         1768    .ARM.Collect$$libshutdown$$0000000F  c_p.l(libshutdown2.o)
    0x00000162   0x00000000   Code   RO         1598    .ARM.Collect$$rtentry$$00000000  c_p.l(rtentry.o)
    0x00000162   0x00000000   Code   RO         1615    .ARM.Collect$$rtentry$$00000002  c_p.l(rtentry2.o)
    0x00000162   0x00000006   Code   RO         1627    .ARM.Collect$$rtentry$$00000004  c_p.l(rtentry4.o)
    0x00000168   0x00000000   Code   RO         1617    .ARM.Collect$$rtentry$$00000009  c_p.l(rtentry2.o)
    0x00000168   0x00000004   Code   RO         1618    .ARM.Collect$$rtentry$$0000000A  c_p.l(rtentry2.o)
    0x0000016c   0x00000000   Code   RO         1620    .ARM.Collect$$rtentry$$0000000C  c_p.l(rtentry2.o)
    0x0000016c   0x00000008   Code   RO         1621    .ARM.Collect$$rtentry$$0000000D  c_p.l(rtentry2.o)
    0x00000174   0x00000002   Code   RO         1652    .ARM.Collect$$rtexit$$00000000  c_p.l(rtexit.o)
    0x00000176   0x00000000   Code   RO         1706    .ARM.Collect$$rtexit$$00000002  c_p.l(rtexit2.o)
    0x00000176   0x00000004   Code   RO         1707    .ARM.Collect$$rtexit$$00000003  c_p.l(rtexit2.o)
    0x0000017a   0x00000006   Code   RO         1708    .ARM.Collect$$rtexit$$00000004  c_p.l(rtexit2.o)
    0x00000180   0x00000038   Code   RO         1586    .emb_text           c_p.l(rt_memcpy.o)
    0x000001b8   0x00000064   Code   RO           56  * .text               startup_nuc1xx.o
    0x0000021c   0x00000028   Code   RO         1555    .text               c_p.l(noretval__2sprintf.o)
    0x00000244   0x00000052   Code   RO         1559    .text               c_p.l(_printf_str.o)
    0x00000296   0x00000002   PAD
    0x00000298   0x0000006c   Code   RO         1561    .text               c_p.l(_printf_dec.o)
    0x00000304   0x00000110   Code   RO         1571    .text               c_p.l(__printf_wp.o)
    0x00000414   0x0000015a   Code   RO         1590    .text               c_p.l(aeabi_sdiv.o)
    0x0000056e   0x00000006   Code   RO         1594    .text               c_p.l(heapauxi.o)
    0x00000574   0x000000b0   Code   RO         1603    .text               c_p.l(_printf_intcommon.o)
    0x00000624   0x00000030   Code   RO         1605    .text               c_p.l(_printf_char_common.o)
    0x00000654   0x0000000a   Code   RO         1607    .text               c_p.l(_sputc.o)
    0x0000065e   0x0000002e   Code   RO         1609    .text               c_p.l(_printf_char.o)
    0x0000068c   0x00000028   Code   RO         1612    .text               c_p.l(rtudiv10.o)
    0x000006b4   0x0000003e   Code   RO         1633    .text               c_p.l(sys_stackheap_outer.o)
    0x000006f2   0x0000000c   Code   RO         1636    .text               c_p.l(exit.o)
    0x000006fe   0x00000002   PAD
    0x00000700   0x00000008   Code   RO         1648    .text               c_p.l(libspace.o)
    0x00000708   0x0000000c   Code   RO         1703    .text               c_p.l(sys_exit.o)
    0x00000714   0x00000002   Code   RO         1718    .text               c_p.l(use_no_semi.o)
    0x00000716   0x00000000   Code   RO         1720    .text               c_p.l(indicate_semi.o)
    0x00000716   0x00000002   PAD
    0x00000718   0x00000028   Code   RO          803    i.BOD_IRQHandler    drvsys.o
    0x00000740   0x000000d4   Code   RO         1108    i.BaudRateCalculator  drvuart.o
    0x00000814   0x0000002c   Code   RO         1251    i.DrvGPIO_ClrBit    drvgpio.o
    0x00000840   0x00000758   Code   RO         1273    i.DrvGPIO_InitFunction  drvgpio.o
    0x00000f98   0x00000078   Code   RO         1274    i.DrvGPIO_Open      drvgpio.o
    0x00001010   0x0000002c   Code   RO         1275    i.DrvGPIO_SetBit    drvgpio.o
    0x0000103c   0x00000090   Code   RO          335    i.DrvI2C_Close      drvi2c.o
    0x000010cc   0x00000054   Code   RO          336    i.DrvI2C_Ctrl       drvi2c.o
    0x00001120   0x000000d0   Code   RO          344    i.DrvI2C_Open       drvi2c.o
    0x000011f0   0x0000002c   Code   RO          806    i.DrvSYS_Delay      drvsys.o
    0x0000121c   0x00000008   Code   RO          821    i.DrvSYS_GetExtClockFreq  drvsys.o
    0x00001224   0x0000006c   Code   RO          822    i.DrvSYS_GetHCLKFreq  drvsys.o
    0x00001290   0x00000078   Code   RO          823    i.DrvSYS_GetPLLClockFreq  drvsys.o
    0x00001308   0x000000c0   Code   RO          824    i.DrvSYS_GetPLLContent  drvsys.o
    0x000013c8   0x00000010   Code   RO          827    i.DrvSYS_IsProtectedRegLocked  drvsys.o
    0x000013d8   0x000000ac   Code   RO          829    i.DrvSYS_Open       drvsys.o
    0x00001484   0x00000038   Code   RO          835    i.DrvSYS_SelectHCLKSource  drvsys.o
    0x000014bc   0x0000004c   Code   RO          844    i.DrvSYS_SetPLLContent  drvsys.o
    0x00001508   0x00000100   Code   RO         1113    i.DrvUART_EnableInt  drvuart.o
    0x00001608   0x00000264   Code   RO         1118    i.DrvUART_Open      drvuart.o
    0x0000186c   0x00000040   Code   RO         1119    i.DrvUART_Read      drvuart.o
    0x000018ac   0x00000040   Code   RO         1124    i.DrvUART_Write     drvuart.o
    0x000018ec   0x00000024   Code   RO         1281    i.EINT0_IRQHandler  drvgpio.o
    0x00001910   0x00000024   Code   RO         1282    i.EINT1_IRQHandler  drvgpio.o
    0x00001934   0x0000003c   Code   RO         1283    i.GPAB_IRQHandler   drvgpio.o
    0x00001970   0x00000040   Code   RO         1284    i.GPCDE_IRQHandler  drvgpio.o
    0x000019b0   0x00000048   Code   RO         1125    i.GetUartClk        drvuart.o
    0x000019f8   0x0000000c   Code   RO           60    i.HEX2Disp          smpl_start_kit.o
    0x00001a04   0x00000078   Code   RO          352    i.I2C0_IRQHandler   drvi2c.o
    0x00001a7c   0x00000078   Code   RO          353    i.I2C1_IRQHandler   drvi2c.o
    0x00001af4   0x000000a0   Code   RO           61    i.InitADC3          smpl_start_kit.o
    0x00001b94   0x000000d8   Code   RO           62    i.InitCapture2      smpl_start_kit.o
    0x00001c6c   0x000000a0   Code   RO           63    i.InitPWM1          smpl_start_kit.o
    0x00001d0c   0x000000a4   Code   RO           64    i.InitTIMER2        smpl_start_kit.o
    0x00001db0   0x00000090   Code   RO           65    i.InitTIMER3        smpl_start_kit.o
    0x00001e40   0x00000218   Code   RO          205    i.Initial_pannel    lcd_driver.o
    0x00002058   0x00000014   Code   RO           66    i.NVIC_EnableIRQ    smpl_start_kit.o
    0x0000206c   0x00000014   Code   RO         1127    i.NVIC_EnableIRQ    drvuart.o
    0x00002080   0x000000ac   Code   RO           67    i.PWMA_IRQHandler   smpl_start_kit.o
    0x0000212c   0x00000028   Code   RO          851    i.PWRWU_IRQHandler  drvsys.o
    0x00002154   0x00000104   Code   RO           68    i.Read_A2D_8591     smpl_start_kit.o
    0x00002258   0x00000064   Code   RO          534    i.SPI0_IRQHandler   drvspi.o
    0x000022bc   0x00000064   Code   RO          535    i.SPI1_IRQHandler   drvspi.o
    0x00002320   0x00000064   Code   RO          536    i.SPI2_IRQHandler   drvspi.o
    0x00002384   0x00000064   Code   RO          537    i.SPI3_IRQHandler   drvspi.o
    0x000023e8   0x000000f4   Code   RO          206    i.SetPACA           lcd_driver.o
    0x000024dc   0x00000078   Code   RO          207    i.Show_Word         lcd_driver.o
    0x00002554   0x000000a0   Code   RO           17    i.SystemCoreClockUpdate  system_nuc1xx.o
    0x000025f4   0x00000002   Code   RO           18    i.SystemInit        system_nuc1xx.o
    0x000025f6   0x00000002   PAD
    0x000025f8   0x0000006c   Code   RO           69    i.TMR2_IRQHandler   smpl_start_kit.o
    0x00002664   0x000001b0   Code   RO           70    i.TMR3_IRQHandler   smpl_start_kit.o
    0x00002814   0x0000003c   Code   RO         1128    i.UART02_IRQHandler  drvuart.o
    0x00002850   0x00000020   Code   RO         1129    i.UART1_IRQHandler  drvuart.o
    0x00002870   0x00000088   Code   RO           71    i.UART_INT_HANDLE   smpl_start_kit.o
    0x000028f8   0x00000058   Code   RO          209    i.WriteData         lcd_driver.o
    0x00002950   0x000000a0   Code   RO           72    i.Write_to_any8574  smpl_start_kit.o
    0x000029f0   0x0000001c   Code   RO         1100    i.__ARM_common_switch8  drvsys.o
    0x00002a0c   0x0000000e   Code   RO         1573    i._is_digit         c_p.l(__printf_wp.o)
    0x00002a1a   0x00000024   Code   RO          275    i.close_seven_segment  seven_segment.o
    0x00002a3e   0x00000028   Code   RO          210    i.clr_all_pannal    lcd_driver.o
    0x00002a66   0x00000062   Code   RO           73    i.disp2Digit8574_DEC  smpl_start_kit.o
    0x00002ac8   0x00000134   Code   RO           74    i.main              smpl_start_kit.o
    0x00002bfc   0x000000c4   Code   RO           75    i.out_D2A_8591      smpl_start_kit.o
    0x00002cc0   0x00000028   Code   RO          211    i.print_lcd         lcd_driver.o
    0x00002ce8   0x00000092   Code   RO           76    i.seg_display       smpl_start_kit.o
    0x00002d7a   0x00000002   PAD
    0x00002d7c   0x00000040   Code   RO          276    i.show_seven_segment  seven_segment.o
    0x00002dbc   0x0000006f   Data   RO           78    .constdata          smpl_start_kit.o
    0x00002e2b   0x00000001   PAD
    0x00002e2c   0x00000010   Data   RO          852    .constdata          drvsys.o
    0x00002e3c   0x00000020   Data   RO         1769    Region$$Table       anon$$obj.o


    Execution Region ER_RW (Base: 0x20000000, Size: 0x00000694, Max: 0xffffffff, ABSOLUTE)

    Base Addr    Size         Type   Attr      Idx    E Section Name        Object

    0x20000000   0x0000001c   Data   RW           19    .data               system_nuc1xx.o
    0x2000001c   0x00000048   Data   RW           79    .data               smpl_start_kit.o
    0x20000064   0x00000010   Data   RW          212    .data               lcd_driver.o
    0x20000074   0x000005f0   Data   RW          268    .data               ascii_table.o
    0x20000664   0x0000000a   Data   RW          277    .data               seven_segment.o
    0x2000066e   0x00000002   PAD
    0x20000670   0x00000008   Data   RW          853    .data               drvsys.o
    0x20000678   0x0000000c   Data   RW         1130    .data               drvuart.o
    0x20000684   0x00000010   Data   RW         1288    .data               drvgpio.o


    Execution Region ER_ZI (Base: 0x20000694, Size: 0x000004e4, Max: 0xffffffff, ABSOLUTE)

    Base Addr    Size         Type   Attr      Idx    E Section Name        Object

    0x20000694   0x00000010   Zero   RW           77    .bss                smpl_start_kit.o
    0x200006a4   0x00000020   Zero   RW          357    .bss                drvi2c.o
    0x200006c4   0x00000050   Zero   RW          538    .bss                drvspi.o
    0x20000714   0x00000060   Zero   RW         1649    .bss                c_p.l(libspace.o)
    0x20000774   0x00000004   PAD
    0x20000778   0x00000000   Zero   RW           54    HEAP                startup_nuc1xx.o
    0x20000778   0x00000400   Zero   RW           53    STACK               startup_nuc1xx.o


==============================================================================

Image component sizes


      Code (inc. data)   RO Data    RW Data    ZI Data      Debug   Object Name

         0          0          0       1520          0        484   ascii_table.o
         0          0          0          0          0       4188   core_cm0.o
      2284        146          0         16          0      11395   drvgpio.o
       676         56          0          0         32       4299   drvi2c.o
       400         32          0          0         80       4776   drvspi.o
       900        122         16          8          0      10178   drvsys.o
      1392         96          0         12          0      17905   drvuart.o
      1068         26          0         16          0       4603   lcd_driver.o
       100          4          0         10          0       2161   seven_segment.o
      2892        312        111         72         16     138819   smpl_start_kit.o
       100         46        192          0       1024        744   startup_nuc1xx.o
       162         30          0         28          0     119282   system_nuc1xx.o

    ----------------------------------------------------------------------
      9978        870        352       1684       1152     318834   Object Totals
         0          0         32          0          0          0   (incl. Generated)
         4          0          1          2          0          0   (incl. Padding)

    ----------------------------------------------------------------------

      Code (inc. data)   RO Data    RW Data    ZI Data      Debug   Library Member Name

         8          0          0          0          0         68   __main.o
       286          0          0          0          0        136   __printf_wp.o
        60          8          0          0          0          0   __scatter.o
        26          0          0          0          0          0   __scatter_copy.o
        28          0          0          0          0          0   __scatter_zi.o
        46          0          0          0          0        100   _printf_char.o
        48          6          0          0          0         88   _printf_char_common.o
        10          0          0          0          0          0   _printf_d.o
       108         18          0          0          0         76   _printf_dec.o
       176          0          0          0          0         84   _printf_intcommon.o
         2          0          0          0          0          0   _printf_percent.o
         4          0          0          0          0          0   _printf_percent_end.o
        10          0          0          0          0          0   _printf_s.o
        82          0          0          0          0         72   _printf_str.o
        10          0          0          0          0         60   _sputc.o
       346          0          0          0          0         92   aeabi_sdiv.o
        12          0          0          0          0         64   exit.o
         6          0          0          0          0        136   heapauxi.o
         0          0          0          0          0          0   indicate_semi.o
         6          0          0          0          0          0   libinit.o
         2          0          0          0          0          0   libinit2.o
         2          0          0          0          0          0   libshutdown.o
         2          0          0          0          0          0   libshutdown2.o
         8          4          0          0         96         68   libspace.o
        40          4          0          0          0         84   noretval__2sprintf.o
        56          0          0          0          0         68   rt_memcpy.o
         0          0          0          0          0          0   rtentry.o
        12          0          0          0          0          0   rtentry2.o
         6          0          0          0          0          0   rtentry4.o
         2          0          0          0          0          0   rtexit.o
        10          0          0          0          0          0   rtexit2.o
        40          0          0          0          0         60   rtudiv10.o
        12          4          0          0          0         60   sys_exit.o
        62          0          0          0          0         80   sys_stackheap_outer.o
         2          0          0          0          0         68   use_no_semi.o

    ----------------------------------------------------------------------
      1538         44          0          0        100       1464   Library Totals
         8          0          0          0          4          0   (incl. Padding)

    ----------------------------------------------------------------------

      Code (inc. data)   RO Data    RW Data    ZI Data      Debug   Library Name

      1530         44          0          0         96       1464   c_p.l

    ----------------------------------------------------------------------
      1538         44          0          0        100       1464   Library Totals

    ----------------------------------------------------------------------

==============================================================================


      Code (inc. data)   RO Data    RW Data    ZI Data      Debug   

     11516        914        352       1684       1252     316774   Grand Totals
     11516        914        352       1684       1252     316774   ELF Image Totals
     11516        914        352       1684          0          0   ROM Totals

==============================================================================

    Total RO  Size (Code + RO Data)                11868 (  11.59kB)
    Total RW  Size (RW Data + ZI Data)              2936 (   2.87kB)
    Total ROM Size (Code + RO Data + RW Data)      13552 (  13.23kB)

==============================================================================

