ARM Linker, 4.1 [Build 894] [Evaluation]

==============================================================================

Small function inlining results

Inlined function __aeabi_idiv0 from aeabi_idiv0.o at offset 0x154 in aeabi_sdiv.o(.text).
Inlined Instruction: BX       lr
Inlined function __aeabi_idiv0 from aeabi_idiv0.o at offset 0x154 in aeabi_sdiv_div0.o(.text).
Inlined Instruction: BX       lr
Inlined function _platform_pre_stackheap_init from boardinit1.o at offset 0x0 in rtentry2.o(.ARM.Collect$$rtentry$$00000001).
Inlined Instruction: BX       lr
Inlined function _fp_init from fpinit.o at offset 0x2 in libinit.o(.ARM.Collect$$libinit$$00000000).
Inlined Instruction: BX       lr
Inlined function _platform_pre_lib_shutdown from boardshut.o at offset 0x0 in rtexit2.o(.ARM.Collect$$rtexit$$00000001).
Inlined Instruction: BX       lr
Inlined function __ARM_get_argv from no_argv.o at offset 0x2 in argv_veneer.o(.text).
Inlined Instruction: BX       lr
Inlined total of 6 calls.

==============================================================================

Memory Map of the image

  Image Entry point : 0x00000179

  Load Region LR_1 (Base: 0x00000000, Size: 0x000018ec, Max: 0xffffffff, ABSOLUTE)

    Execution Region ER_RO (Base: 0x00000000, Size: 0x000012a0, Max: 0xffffffff, ABSOLUTE)

    Base Addr    Size         Type   Attr      Idx    E Section Name        Object

    0x00000000   0x000000c0   Data   RO           55    RESET               startup_nuc1xx.o
    0x000000c0   0x00000008   Code   RO         1340  * !!!main             c_p.l(__main.o)
    0x000000c8   0x0000003c   Code   RO         1513    !!!scatter          c_p.l(__scatter.o)
    0x00000104   0x0000001a   Code   RO         1515    !!handler_copy      c_p.l(__scatter_copy.o)
    0x0000011e   0x00000002   PAD
    0x00000120   0x0000001c   Code   RO         1517    !!handler_zi        c_p.l(__scatter_zi.o)
    0x0000013c   0x00000002   Code   RO         1333    .ARM.Collect$$_printf_percent$$00000000  c_p.l(_printf_percent.o)
    0x0000013e   0x0000000a   Code   RO         1332    .ARM.Collect$$_printf_percent$$00000009  c_p.l(_printf_d.o)
    0x00000148   0x00000004   Code   RO         1353    .ARM.Collect$$_printf_percent$$00000017  c_p.l(_printf_percent_end.o)
    0x0000014c   0x00000006   Code   RO         1389    .ARM.Collect$$libinit$$00000000  c_p.l(libinit.o)
    0x00000152   0x00000000   Code   RO         1404    .ARM.Collect$$libinit$$00000006  c_p.l(libinit2.o)
    0x00000152   0x00000000   Code   RO         1406    .ARM.Collect$$libinit$$00000008  c_p.l(libinit2.o)
    0x00000152   0x00000000   Code   RO         1408    .ARM.Collect$$libinit$$0000000A  c_p.l(libinit2.o)
    0x00000152   0x00000000   Code   RO         1411    .ARM.Collect$$libinit$$0000000D  c_p.l(libinit2.o)
    0x00000152   0x00000000   Code   RO         1413    .ARM.Collect$$libinit$$0000000F  c_p.l(libinit2.o)
    0x00000152   0x00000000   Code   RO         1415    .ARM.Collect$$libinit$$00000011  c_p.l(libinit2.o)
    0x00000152   0x00000000   Code   RO         1417    .ARM.Collect$$libinit$$00000013  c_p.l(libinit2.o)
    0x00000152   0x00000000   Code   RO         1419    .ARM.Collect$$libinit$$00000015  c_p.l(libinit2.o)
    0x00000152   0x00000000   Code   RO         1421    .ARM.Collect$$libinit$$00000017  c_p.l(libinit2.o)
    0x00000152   0x00000000   Code   RO         1423    .ARM.Collect$$libinit$$00000019  c_p.l(libinit2.o)
    0x00000152   0x00000000   Code   RO         1425    .ARM.Collect$$libinit$$0000001B  c_p.l(libinit2.o)
    0x00000152   0x00000000   Code   RO         1427    .ARM.Collect$$libinit$$0000001D  c_p.l(libinit2.o)
    0x00000152   0x00000000   Code   RO         1429    .ARM.Collect$$libinit$$0000001F  c_p.l(libinit2.o)
    0x00000152   0x00000000   Code   RO         1431    .ARM.Collect$$libinit$$00000021  c_p.l(libinit2.o)
    0x00000152   0x00000000   Code   RO         1435    .ARM.Collect$$libinit$$00000028  c_p.l(libinit2.o)
    0x00000152   0x00000000   Code   RO         1437    .ARM.Collect$$libinit$$0000002A  c_p.l(libinit2.o)
    0x00000152   0x00000000   Code   RO         1439    .ARM.Collect$$libinit$$0000002C  c_p.l(libinit2.o)
    0x00000152   0x00000000   Code   RO         1441    .ARM.Collect$$libinit$$0000002E  c_p.l(libinit2.o)
    0x00000152   0x00000002   Code   RO         1442    .ARM.Collect$$libinit$$0000002F  c_p.l(libinit2.o)
    0x00000154   0x00000002   Code   RO         1471    .ARM.Collect$$libshutdown$$00000000  c_p.l(libshutdown.o)
    0x00000156   0x00000000   Code   RO         1498    .ARM.Collect$$libshutdown$$00000003  c_p.l(libshutdown2.o)
    0x00000156   0x00000000   Code   RO         1501    .ARM.Collect$$libshutdown$$00000006  c_p.l(libshutdown2.o)
    0x00000156   0x00000000   Code   RO         1504    .ARM.Collect$$libshutdown$$00000009  c_p.l(libshutdown2.o)
    0x00000156   0x00000000   Code   RO         1506    .ARM.Collect$$libshutdown$$0000000B  c_p.l(libshutdown2.o)
    0x00000156   0x00000000   Code   RO         1509    .ARM.Collect$$libshutdown$$0000000E  c_p.l(libshutdown2.o)
    0x00000156   0x00000002   Code   RO         1510    .ARM.Collect$$libshutdown$$0000000F  c_p.l(libshutdown2.o)
    0x00000158   0x00000000   Code   RO         1342    .ARM.Collect$$rtentry$$00000000  c_p.l(rtentry.o)
    0x00000158   0x00000000   Code   RO         1357    .ARM.Collect$$rtentry$$00000002  c_p.l(rtentry2.o)
    0x00000158   0x00000006   Code   RO         1369    .ARM.Collect$$rtentry$$00000004  c_p.l(rtentry4.o)
    0x0000015e   0x00000000   Code   RO         1359    .ARM.Collect$$rtentry$$00000009  c_p.l(rtentry2.o)
    0x0000015e   0x00000004   Code   RO         1360    .ARM.Collect$$rtentry$$0000000A  c_p.l(rtentry2.o)
    0x00000162   0x00000000   Code   RO         1362    .ARM.Collect$$rtentry$$0000000C  c_p.l(rtentry2.o)
    0x00000162   0x00000008   Code   RO         1363    .ARM.Collect$$rtentry$$0000000D  c_p.l(rtentry2.o)
    0x0000016a   0x00000002   Code   RO         1394    .ARM.Collect$$rtexit$$00000000  c_p.l(rtexit.o)
    0x0000016c   0x00000000   Code   RO         1448    .ARM.Collect$$rtexit$$00000002  c_p.l(rtexit2.o)
    0x0000016c   0x00000004   Code   RO         1449    .ARM.Collect$$rtexit$$00000003  c_p.l(rtexit2.o)
    0x00000170   0x00000006   Code   RO         1450    .ARM.Collect$$rtexit$$00000004  c_p.l(rtexit2.o)
    0x00000176   0x00000002   PAD
    0x00000178   0x00000064   Code   RO           56  * .text               startup_nuc1xx.o
    0x000001dc   0x00000028   Code   RO         1306    .text               c_p.l(noretval__2sprintf.o)
    0x00000204   0x0000006c   Code   RO         1310    .text               c_p.l(_printf_dec.o)
    0x00000270   0x00000110   Code   RO         1320    .text               c_p.l(__printf_wp.o)
    0x00000380   0x0000015a   Code   RO         1334    .text               c_p.l(aeabi_sdiv.o)
    0x000004da   0x00000006   Code   RO         1338    .text               c_p.l(heapauxi.o)
    0x000004e0   0x000000b0   Code   RO         1347    .text               c_p.l(_printf_intcommon.o)
    0x00000590   0x00000030   Code   RO         1349    .text               c_p.l(_printf_char_common.o)
    0x000005c0   0x0000000a   Code   RO         1351    .text               c_p.l(_sputc.o)
    0x000005ca   0x00000028   Code   RO         1354    .text               c_p.l(rtudiv10.o)
    0x000005f2   0x0000003e   Code   RO         1375    .text               c_p.l(sys_stackheap_outer.o)
    0x00000630   0x0000000c   Code   RO         1378    .text               c_p.l(exit.o)
    0x0000063c   0x00000008   Code   RO         1390    .text               c_p.l(libspace.o)
    0x00000644   0x0000000c   Code   RO         1445    .text               c_p.l(sys_exit.o)
    0x00000650   0x00000002   Code   RO         1460    .text               c_p.l(use_no_semi.o)
    0x00000652   0x00000000   Code   RO         1462    .text               c_p.l(indicate_semi.o)
    0x00000652   0x00000002   PAD
    0x00000654   0x00000028   Code   RO          557    i.BOD_IRQHandler    drvsys.o
    0x0000067c   0x0000002c   Code   RO         1005    i.DrvGPIO_ClrBit    drvgpio.o
    0x000006a8   0x00000028   Code   RO         1018    i.DrvGPIO_GetBit    drvgpio.o
    0x000006d0   0x00000078   Code   RO         1028    i.DrvGPIO_Open      drvgpio.o
    0x00000748   0x0000002c   Code   RO         1029    i.DrvGPIO_SetBit    drvgpio.o
    0x00000774   0x0000002c   Code   RO          560    i.DrvSYS_Delay      drvsys.o
    0x000007a0   0x00000024   Code   RO         1035    i.EINT0_IRQHandler  drvgpio.o
    0x000007c4   0x00000024   Code   RO         1036    i.EINT1_IRQHandler  drvgpio.o
    0x000007e8   0x0000003c   Code   RO         1037    i.GPAB_IRQHandler   drvgpio.o
    0x00000824   0x00000040   Code   RO         1038    i.GPCDE_IRQHandler  drvgpio.o
    0x00000864   0x0000003a   Code   RO           60    i.Init_RGB_LED      smpl_start_kit.o
    0x0000089e   0x00000002   PAD
    0x000008a0   0x00000218   Code   RO          117    i.Initial_pannel    lcd_driver.o
    0x00000ab8   0x0000001a   Code   RO          212    i.OpenKeyPad        scankey.o
    0x00000ad2   0x00000002   PAD
    0x00000ad4   0x00000028   Code   RO          605    i.PWRWU_IRQHandler  drvsys.o
    0x00000afc   0x00000064   Code   RO          291    i.SPI0_IRQHandler   drvspi.o
    0x00000b60   0x00000064   Code   RO          292    i.SPI1_IRQHandler   drvspi.o
    0x00000bc4   0x00000064   Code   RO          293    i.SPI2_IRQHandler   drvspi.o
    0x00000c28   0x00000064   Code   RO          294    i.SPI3_IRQHandler   drvspi.o
    0x00000c8c   0x00000084   Code   RO          213    i.Scankey           scankey.o
    0x00000d10   0x000000f4   Code   RO          118    i.SetPACA           lcd_driver.o
    0x00000e04   0x00000078   Code   RO          119    i.Show_Word         lcd_driver.o
    0x00000e7c   0x00000002   Code   RO           18    i.SystemInit        system_nuc1xx.o
    0x00000e7e   0x00000002   PAD
    0x00000e80   0x0000003c   Code   RO          885    i.UART02_IRQHandler  drvuart.o
    0x00000ebc   0x00000020   Code   RO          886    i.UART1_IRQHandler  drvuart.o
    0x00000edc   0x00000058   Code   RO          121    i.WriteData         lcd_driver.o
    0x00000f34   0x0000000e   Code   RO         1322    i._is_digit         c_p.l(__printf_wp.o)
    0x00000f42   0x00000024   Code   RO          190    i.close_seven_segment  seven_segment.o
    0x00000f66   0x00000028   Code   RO          122    i.clr_all_pannal    lcd_driver.o
    0x00000f8e   0x00000010   Code   RO          214    i.delay             scankey.o
    0x00000f9e   0x00000002   PAD
    0x00000fa0   0x000001f0   Code   RO           61    i.main              smpl_start_kit.o
    0x00001190   0x00000028   Code   RO          123    i.print_lcd         lcd_driver.o
    0x000011b8   0x00000082   Code   RO           62    i.seg_display       smpl_start_kit.o
    0x0000123a   0x00000002   PAD
    0x0000123c   0x00000040   Code   RO          191    i.show_seven_segment  seven_segment.o
    0x0000127c   0x00000004   Data   RO          215    .constdata          scankey.o
    0x00001280   0x00000020   Data   RO         1511    Region$$Table       anon$$obj.o


    Execution Region ER_RW (Base: 0x20000000, Size: 0x0000064c, Max: 0xffffffff, ABSOLUTE)

    Base Addr    Size         Type   Attr      Idx    E Section Name        Object

    0x20000000   0x0000001c   Data   RW           19    .data               system_nuc1xx.o
    0x2000001c   0x00000010   Data   RW          124    .data               lcd_driver.o
    0x2000002c   0x000005f0   Data   RW          183    .data               ascii_table.o
    0x2000061c   0x0000000a   Data   RW          192    .data               seven_segment.o
    0x20000626   0x00000002   PAD
    0x20000628   0x00000008   Data   RW          607    .data               drvsys.o
    0x20000630   0x0000000c   Data   RW          887    .data               drvuart.o
    0x2000063c   0x00000010   Data   RW         1042    .data               drvgpio.o


    Execution Region ER_ZI (Base: 0x2000064c, Size: 0x000004b4, Max: 0xffffffff, ABSOLUTE)

    Base Addr    Size         Type   Attr      Idx    E Section Name        Object

    0x2000064c   0x00000050   Zero   RW          295    .bss                drvspi.o
    0x2000069c   0x00000060   Zero   RW         1391    .bss                c_p.l(libspace.o)
    0x200006fc   0x00000004   PAD
    0x20000700   0x00000000   Zero   RW           54    HEAP                startup_nuc1xx.o
    0x20000700   0x00000400   Zero   RW           53    STACK               startup_nuc1xx.o


==============================================================================

Image component sizes


      Code (inc. data)   RO Data    RW Data    ZI Data      Debug   Object Name

         0          0          0       1520          0        492   ascii_table.o
         0          0          0          0          0       4188   core_cm0.o
       444         70          0         16          0       5813   drvgpio.o
       400         32          0          0         80       4804   drvspi.o
       124         22          0          8          0       4487   drvsys.o
        92         24          0         12          0       1915   drvuart.o
      1068         26          0         16          0       4635   lcd_driver.o
       174          6          4          0          0       1747   scankey.o
       100          4          0         10          0       2177   seven_segment.o
       684         74          0          0          0     127120   smpl_start_kit.o
       100         46        192          0       1024        748   startup_nuc1xx.o
         2          0          0         28          0     118618   system_nuc1xx.o

    ----------------------------------------------------------------------
      3198        304        228       1612       1104     276744   Object Totals
         0          0         32          0          0          0   (incl. Generated)
        10          0          0          2          0          0   (incl. Padding)

    ----------------------------------------------------------------------

      Code (inc. data)   RO Data    RW Data    ZI Data      Debug   Library Member Name

         8          0          0          0          0         68   __main.o
       286          0          0          0          0        136   __printf_wp.o
        60          8          0          0          0          0   __scatter.o
        26          0          0          0          0          0   __scatter_copy.o
        28          0          0          0          0          0   __scatter_zi.o
        48          6          0          0          0         88   _printf_char_common.o
        10          0          0          0          0          0   _printf_d.o
       108         18          0          0          0         76   _printf_dec.o
       176          0          0          0          0         84   _printf_intcommon.o
         2          0          0          0          0          0   _printf_percent.o
         4          0          0          0          0          0   _printf_percent_end.o
        10          0          0          0          0         60   _sputc.o
       346          0          0          0          0         92   aeabi_sdiv.o
        12          0          0          0          0         64   exit.o
         6          0          0          0          0        136   heapauxi.o
         0          0          0          0          0          0   indicate_semi.o
         6          0          0          0          0          0   libinit.o
         2          0          0          0          0          0   libinit2.o
         2          0          0          0          0          0   libshutdown.o
         2          0          0          0          0          0   libshutdown2.o
         8          4          0          0         96         68   libspace.o
        40          4          0          0          0         84   noretval__2sprintf.o
         0          0          0          0          0          0   rtentry.o
        12          0          0          0          0          0   rtentry2.o
         6          0          0          0          0          0   rtentry4.o
         2          0          0          0          0          0   rtexit.o
        10          0          0          0          0          0   rtexit2.o
        40          0          0          0          0         60   rtudiv10.o
        12          4          0          0          0         60   sys_exit.o
        62          0          0          0          0         80   sys_stackheap_outer.o
         2          0          0          0          0         68   use_no_semi.o

    ----------------------------------------------------------------------
      1342         44          0          0        100       1224   Library Totals
         6          0          0          0          4          0   (incl. Padding)

    ----------------------------------------------------------------------

      Code (inc. data)   RO Data    RW Data    ZI Data      Debug   Library Name

      1336         44          0          0         96       1224   c_p.l

    ----------------------------------------------------------------------
      1342         44          0          0        100       1224   Library Totals

    ----------------------------------------------------------------------

==============================================================================


      Code (inc. data)   RO Data    RW Data    ZI Data      Debug   

      4540        348        228       1612       1204     275992   Grand Totals
      4540        348        228       1612       1204     275992   ELF Image Totals
      4540        348        228       1612          0          0   ROM Totals

==============================================================================

    Total RO  Size (Code + RO Data)                 4768 (   4.66kB)
    Total RW  Size (RW Data + ZI Data)              2816 (   2.75kB)
    Total ROM Size (Code + RO Data + RW Data)       6380 (   6.23kB)

==============================================================================

