ARM Linker, 4.1 [Build 894] [Evaluation]

==============================================================================

Small function inlining results

Inlined function __aeabi_idiv0 from aeabi_idiv0.o at offset 0x154 in aeabi_sdiv.o(.text).
Inlined Instruction: BX       lr
Inlined function __aeabi_idiv0 from aeabi_idiv0.o at offset 0x154 in aeabi_sdiv_div0.o(.text).
Inlined Instruction: BX       lr
Inlined function _platform_pre_stackheap_init from boardinit1.o at offset 0x0 in rtentry2.o(.ARM.Collect$$rtentry$$00000001).
Inlined Instruction: BX       lr
Inlined function _fp_init from fpinit.o at offset 0x2 in libinit.o(.ARM.Collect$$libinit$$00000000).
Inlined Instruction: BX       lr
Inlined function _platform_pre_lib_shutdown from boardshut.o at offset 0x0 in rtexit2.o(.ARM.Collect$$rtexit$$00000001).
Inlined Instruction: BX       lr
Inlined function __ARM_get_argv from no_argv.o at offset 0x2 in argv_veneer.o(.text).
Inlined Instruction: BX       lr
Inlined total of 6 calls.

==============================================================================

Memory Map of the image

  Image Entry point : 0x000001b1

  Load Region LR_1 (Base: 0x00000000, Size: 0x00001c60, Max: 0xffffffff, ABSOLUTE)

    Execution Region ER_RO (Base: 0x00000000, Size: 0x00001608, Max: 0xffffffff, ABSOLUTE)

    Base Addr    Size         Type   Attr      Idx    E Section Name        Object

    0x00000000   0x000000c0   Data   RO           55    RESET               startup_nuc1xx.o
    0x000000c0   0x00000008   Code   RO         1413  * !!!main             c_p.l(__main.o)
    0x000000c8   0x0000003c   Code   RO         1586    !!!scatter          c_p.l(__scatter.o)
    0x00000104   0x0000001a   Code   RO         1588    !!handler_copy      c_p.l(__scatter_copy.o)
    0x0000011e   0x00000002   PAD
    0x00000120   0x0000001c   Code   RO         1590    !!handler_zi        c_p.l(__scatter_zi.o)
    0x0000013c   0x00000002   Code   RO         1402    .ARM.Collect$$_printf_percent$$00000000  c_p.l(_printf_percent.o)
    0x0000013e   0x0000000a   Code   RO         1401    .ARM.Collect$$_printf_percent$$00000009  c_p.l(_printf_d.o)
    0x00000148   0x00000004   Code   RO         1426    .ARM.Collect$$_printf_percent$$00000017  c_p.l(_printf_percent_end.o)
    0x0000014c   0x00000006   Code   RO         1462    .ARM.Collect$$libinit$$00000000  c_p.l(libinit.o)
    0x00000152   0x00000000   Code   RO         1477    .ARM.Collect$$libinit$$00000006  c_p.l(libinit2.o)
    0x00000152   0x00000000   Code   RO         1479    .ARM.Collect$$libinit$$00000008  c_p.l(libinit2.o)
    0x00000152   0x00000000   Code   RO         1481    .ARM.Collect$$libinit$$0000000A  c_p.l(libinit2.o)
    0x00000152   0x00000000   Code   RO         1484    .ARM.Collect$$libinit$$0000000D  c_p.l(libinit2.o)
    0x00000152   0x00000000   Code   RO         1486    .ARM.Collect$$libinit$$0000000F  c_p.l(libinit2.o)
    0x00000152   0x00000000   Code   RO         1488    .ARM.Collect$$libinit$$00000011  c_p.l(libinit2.o)
    0x00000152   0x00000000   Code   RO         1490    .ARM.Collect$$libinit$$00000013  c_p.l(libinit2.o)
    0x00000152   0x00000000   Code   RO         1492    .ARM.Collect$$libinit$$00000015  c_p.l(libinit2.o)
    0x00000152   0x00000000   Code   RO         1494    .ARM.Collect$$libinit$$00000017  c_p.l(libinit2.o)
    0x00000152   0x00000000   Code   RO         1496    .ARM.Collect$$libinit$$00000019  c_p.l(libinit2.o)
    0x00000152   0x00000000   Code   RO         1498    .ARM.Collect$$libinit$$0000001B  c_p.l(libinit2.o)
    0x00000152   0x00000000   Code   RO         1500    .ARM.Collect$$libinit$$0000001D  c_p.l(libinit2.o)
    0x00000152   0x00000000   Code   RO         1502    .ARM.Collect$$libinit$$0000001F  c_p.l(libinit2.o)
    0x00000152   0x00000000   Code   RO         1504    .ARM.Collect$$libinit$$00000021  c_p.l(libinit2.o)
    0x00000152   0x00000000   Code   RO         1508    .ARM.Collect$$libinit$$00000028  c_p.l(libinit2.o)
    0x00000152   0x00000000   Code   RO         1510    .ARM.Collect$$libinit$$0000002A  c_p.l(libinit2.o)
    0x00000152   0x00000000   Code   RO         1512    .ARM.Collect$$libinit$$0000002C  c_p.l(libinit2.o)
    0x00000152   0x00000000   Code   RO         1514    .ARM.Collect$$libinit$$0000002E  c_p.l(libinit2.o)
    0x00000152   0x00000002   Code   RO         1515    .ARM.Collect$$libinit$$0000002F  c_p.l(libinit2.o)
    0x00000154   0x00000002   Code   RO         1544    .ARM.Collect$$libshutdown$$00000000  c_p.l(libshutdown.o)
    0x00000156   0x00000000   Code   RO         1571    .ARM.Collect$$libshutdown$$00000003  c_p.l(libshutdown2.o)
    0x00000156   0x00000000   Code   RO         1574    .ARM.Collect$$libshutdown$$00000006  c_p.l(libshutdown2.o)
    0x00000156   0x00000000   Code   RO         1577    .ARM.Collect$$libshutdown$$00000009  c_p.l(libshutdown2.o)
    0x00000156   0x00000000   Code   RO         1579    .ARM.Collect$$libshutdown$$0000000B  c_p.l(libshutdown2.o)
    0x00000156   0x00000000   Code   RO         1582    .ARM.Collect$$libshutdown$$0000000E  c_p.l(libshutdown2.o)
    0x00000156   0x00000002   Code   RO         1583    .ARM.Collect$$libshutdown$$0000000F  c_p.l(libshutdown2.o)
    0x00000158   0x00000000   Code   RO         1415    .ARM.Collect$$rtentry$$00000000  c_p.l(rtentry.o)
    0x00000158   0x00000000   Code   RO         1430    .ARM.Collect$$rtentry$$00000002  c_p.l(rtentry2.o)
    0x00000158   0x00000006   Code   RO         1442    .ARM.Collect$$rtentry$$00000004  c_p.l(rtentry4.o)
    0x0000015e   0x00000000   Code   RO         1432    .ARM.Collect$$rtentry$$00000009  c_p.l(rtentry2.o)
    0x0000015e   0x00000004   Code   RO         1433    .ARM.Collect$$rtentry$$0000000A  c_p.l(rtentry2.o)
    0x00000162   0x00000000   Code   RO         1435    .ARM.Collect$$rtentry$$0000000C  c_p.l(rtentry2.o)
    0x00000162   0x00000008   Code   RO         1436    .ARM.Collect$$rtentry$$0000000D  c_p.l(rtentry2.o)
    0x0000016a   0x00000002   Code   RO         1467    .ARM.Collect$$rtexit$$00000000  c_p.l(rtexit.o)
    0x0000016c   0x00000000   Code   RO         1521    .ARM.Collect$$rtexit$$00000002  c_p.l(rtexit2.o)
    0x0000016c   0x00000004   Code   RO         1522    .ARM.Collect$$rtexit$$00000003  c_p.l(rtexit2.o)
    0x00000170   0x00000006   Code   RO         1523    .ARM.Collect$$rtexit$$00000004  c_p.l(rtexit2.o)
    0x00000176   0x00000002   PAD
    0x00000178   0x00000038   Code   RO         1403    .emb_text           c_p.l(rt_memcpy.o)
    0x000001b0   0x00000064   Code   RO           56  * .text               startup_nuc1xx.o
    0x00000214   0x00000028   Code   RO         1375    .text               c_p.l(noretval__2sprintf.o)
    0x0000023c   0x0000006c   Code   RO         1379    .text               c_p.l(_printf_dec.o)
    0x000002a8   0x00000110   Code   RO         1389    .text               c_p.l(__printf_wp.o)
    0x000003b8   0x0000015a   Code   RO         1407    .text               c_p.l(aeabi_sdiv.o)
    0x00000512   0x00000006   Code   RO         1411    .text               c_p.l(heapauxi.o)
    0x00000518   0x000000b0   Code   RO         1420    .text               c_p.l(_printf_intcommon.o)
    0x000005c8   0x00000030   Code   RO         1422    .text               c_p.l(_printf_char_common.o)
    0x000005f8   0x0000000a   Code   RO         1424    .text               c_p.l(_sputc.o)
    0x00000602   0x00000028   Code   RO         1427    .text               c_p.l(rtudiv10.o)
    0x0000062a   0x0000003e   Code   RO         1448    .text               c_p.l(sys_stackheap_outer.o)
    0x00000668   0x0000000c   Code   RO         1451    .text               c_p.l(exit.o)
    0x00000674   0x00000008   Code   RO         1463    .text               c_p.l(libspace.o)
    0x0000067c   0x0000000c   Code   RO         1518    .text               c_p.l(sys_exit.o)
    0x00000688   0x00000002   Code   RO         1533    .text               c_p.l(use_no_semi.o)
    0x0000068a   0x00000000   Code   RO         1535    .text               c_p.l(indicate_semi.o)
    0x0000068a   0x00000002   PAD
    0x0000068c   0x00000028   Code   RO          623    i.BOD_IRQHandler    drvsys.o
    0x000006b4   0x0000002c   Code   RO         1074    i.DrvGPIO_ClrBit    drvgpio.o
    0x000006e0   0x00000080   Code   RO         1085    i.DrvGPIO_EnableEINT1  drvgpio.o
    0x00000760   0x00000028   Code   RO         1087    i.DrvGPIO_GetBit    drvgpio.o
    0x00000788   0x00000078   Code   RO         1097    i.DrvGPIO_Open      drvgpio.o
    0x00000800   0x0000002c   Code   RO         1098    i.DrvGPIO_SetBit    drvgpio.o
    0x0000082c   0x0000002c   Code   RO          626    i.DrvSYS_Delay      drvsys.o
    0x00000858   0x00000024   Code   RO         1104    i.EINT0_IRQHandler  drvgpio.o
    0x0000087c   0x00000068   Code   RO           61    i.EINT1Callback     smpl_start_kit.o
    0x000008e4   0x00000024   Code   RO         1105    i.EINT1_IRQHandler  drvgpio.o
    0x00000908   0x0000003c   Code   RO         1106    i.GPAB_IRQHandler   drvgpio.o
    0x00000944   0x00000040   Code   RO         1107    i.GPCDE_IRQHandler  drvgpio.o
    0x00000984   0x000000a4   Code   RO           62    i.InitTIMER3        smpl_start_kit.o
    0x00000a28   0x0000009c   Code   RO           63    i.InitWDT           smpl_start_kit.o
    0x00000ac4   0x00000218   Code   RO          180    i.Initial_pannel    lcd_driver.o
    0x00000cdc   0x00000014   Code   RO           64    i.NVIC_EnableIRQ    smpl_start_kit.o
    0x00000cf0   0x00000014   Code   RO         1109    i.NVIC_EnableIRQ    drvgpio.o
    0x00000d04   0x00000078   Code   RO         1110    i.NVIC_SetPriority  drvgpio.o
    0x00000d7c   0x0000001a   Code   RO          278    i.OpenKeyPad        scankey.o
    0x00000d96   0x00000002   PAD
    0x00000d98   0x00000028   Code   RO          671    i.PWRWU_IRQHandler  drvsys.o
    0x00000dc0   0x00000038   Code   RO           65    i.ResumeWDT         smpl_start_kit.o
    0x00000df8   0x00000064   Code   RO          357    i.SPI0_IRQHandler   drvspi.o
    0x00000e5c   0x00000064   Code   RO          358    i.SPI1_IRQHandler   drvspi.o
    0x00000ec0   0x00000064   Code   RO          359    i.SPI2_IRQHandler   drvspi.o
    0x00000f24   0x00000064   Code   RO          360    i.SPI3_IRQHandler   drvspi.o
    0x00000f88   0x00000084   Code   RO          279    i.Scankey           scankey.o
    0x0000100c   0x000000f4   Code   RO          181    i.SetPACA           lcd_driver.o
    0x00001100   0x00000078   Code   RO          182    i.Show_Word         lcd_driver.o
    0x00001178   0x00000038   Code   RO           66    i.StopWDT           smpl_start_kit.o
    0x000011b0   0x00000002   Code   RO           18    i.SystemInit        system_nuc1xx.o
    0x000011b2   0x00000002   PAD
    0x000011b4   0x00000054   Code   RO           67    i.TMR3_IRQHandler   smpl_start_kit.o
    0x00001208   0x0000003c   Code   RO          951    i.UART02_IRQHandler  drvuart.o
    0x00001244   0x00000020   Code   RO          952    i.UART1_IRQHandler  drvuart.o
    0x00001264   0x0000005c   Code   RO           68    i.WDT_IRQHandler    smpl_start_kit.o
    0x000012c0   0x00000058   Code   RO          184    i.WriteData         lcd_driver.o
    0x00001318   0x0000000e   Code   RO         1391    i._is_digit         c_p.l(__printf_wp.o)
    0x00001326   0x00000024   Code   RO          253    i.close_seven_segment  seven_segment.o
    0x0000134a   0x00000028   Code   RO          185    i.clr_all_pannal    lcd_driver.o
    0x00001372   0x00000002   PAD
    0x00001374   0x00000020   Code   RO           69    i.countDown         smpl_start_kit.o
    0x00001394   0x00000024   Code   RO           70    i.countUp           smpl_start_kit.o
    0x000013b8   0x00000010   Code   RO          280    i.delay             scankey.o
    0x000013c8   0x00000150   Code   RO           71    i.main              smpl_start_kit.o
    0x00001518   0x00000028   Code   RO          186    i.print_lcd         lcd_driver.o
    0x00001540   0x0000004e   Code   RO           72    i.seg_display       smpl_start_kit.o
    0x0000158e   0x00000002   PAD
    0x00001590   0x00000040   Code   RO          254    i.show_seven_segment  seven_segment.o
    0x000015d0   0x00000012   Data   RO           73    .constdata          smpl_start_kit.o
    0x000015e2   0x00000002   PAD
    0x000015e4   0x00000004   Data   RO          281    .constdata          scankey.o
    0x000015e8   0x00000020   Data   RO         1584    Region$$Table       anon$$obj.o


    Execution Region ER_RW (Base: 0x20000000, Size: 0x00000658, Max: 0xffffffff, ABSOLUTE)

    Base Addr    Size         Type   Attr      Idx    E Section Name        Object

    0x20000000   0x0000001c   Data   RW           19    .data               system_nuc1xx.o
    0x2000001c   0x00000009   Data   RW           74    .data               smpl_start_kit.o
    0x20000025   0x00000003   PAD
    0x20000028   0x00000010   Data   RW          187    .data               lcd_driver.o
    0x20000038   0x000005f0   Data   RW          246    .data               ascii_table.o
    0x20000628   0x0000000a   Data   RW          255    .data               seven_segment.o
    0x20000632   0x00000002   PAD
    0x20000634   0x00000008   Data   RW          673    .data               drvsys.o
    0x2000063c   0x0000000c   Data   RW          953    .data               drvuart.o
    0x20000648   0x00000010   Data   RW         1111    .data               drvgpio.o


    Execution Region ER_ZI (Base: 0x20000658, Size: 0x000004b0, Max: 0xffffffff, ABSOLUTE)

    Base Addr    Size         Type   Attr      Idx    E Section Name        Object

    0x20000658   0x00000050   Zero   RW          361    .bss                drvspi.o
    0x200006a8   0x00000060   Zero   RW         1464    .bss                c_p.l(libspace.o)
    0x20000708   0x00000000   Zero   RW           54    HEAP                startup_nuc1xx.o
    0x20000708   0x00000400   Zero   RW           53    STACK               startup_nuc1xx.o


==============================================================================

Image component sizes


      Code (inc. data)   RO Data    RW Data    ZI Data      Debug   Object Name

         0          0          0       1520          0        500   ascii_table.o
         0          0          0          0          0       4188   core_cm0.o
       712        100          0         16          0       7599   drvgpio.o
       400         32          0          0         80       4808   drvspi.o
       124         22          0          8          0      12211   drvsys.o
        92         24          0         12          0       5071   drvuart.o
      1068         26          0         16          0       4643   lcd_driver.o
       174          6          4          0          0       1747   scankey.o
       100          4          0         10          0       2181   seven_segment.o
      1214        216         18          9          0     135881   smpl_start_kit.o
       100         46        192          0       1024        748   startup_nuc1xx.o
         2          0          0         28          0     118622   system_nuc1xx.o

    ----------------------------------------------------------------------
      3994        476        248       1624       1104     298199   Object Totals
         0          0         32          0          0          0   (incl. Generated)
         8          0          2          5          0          0   (incl. Padding)

    ----------------------------------------------------------------------

      Code (inc. data)   RO Data    RW Data    ZI Data      Debug   Library Member Name

         8          0          0          0          0         68   __main.o
       286          0          0          0          0        136   __printf_wp.o
        60          8          0          0          0          0   __scatter.o
        26          0          0          0          0          0   __scatter_copy.o
        28          0          0          0          0          0   __scatter_zi.o
        48          6          0          0          0         88   _printf_char_common.o
        10          0          0          0          0          0   _printf_d.o
       108         18          0          0          0         76   _printf_dec.o
       176          0          0          0          0         84   _printf_intcommon.o
         2          0          0          0          0          0   _printf_percent.o
         4          0          0          0          0          0   _printf_percent_end.o
        10          0          0          0          0         60   _sputc.o
       346          0          0          0          0         92   aeabi_sdiv.o
        12          0          0          0          0         64   exit.o
         6          0          0          0          0        136   heapauxi.o
         0          0          0          0          0          0   indicate_semi.o
         6          0          0          0          0          0   libinit.o
         2          0          0          0          0          0   libinit2.o
         2          0          0          0          0          0   libshutdown.o
         2          0          0          0          0          0   libshutdown2.o
         8          4          0          0         96         68   libspace.o
        40          4          0          0          0         84   noretval__2sprintf.o
        56          0          0          0          0         68   rt_memcpy.o
         0          0          0          0          0          0   rtentry.o
        12          0          0          0          0          0   rtentry2.o
         6          0          0          0          0          0   rtentry4.o
         2          0          0          0          0          0   rtexit.o
        10          0          0          0          0          0   rtexit2.o
        40          0          0          0          0         60   rtudiv10.o
        12          4          0          0          0         60   sys_exit.o
        62          0          0          0          0         80   sys_stackheap_outer.o
         2          0          0          0          0         68   use_no_semi.o

    ----------------------------------------------------------------------
      1398         44          0          0         96       1292   Library Totals
         6          0          0          0          0          0   (incl. Padding)

    ----------------------------------------------------------------------

      Code (inc. data)   RO Data    RW Data    ZI Data      Debug   Library Name

      1392         44          0          0         96       1292   c_p.l

    ----------------------------------------------------------------------
      1398         44          0          0         96       1292   Library Totals

    ----------------------------------------------------------------------

==============================================================================


      Code (inc. data)   RO Data    RW Data    ZI Data      Debug   

      5392        520        248       1624       1200     296935   Grand Totals
      5392        520        248       1624       1200     296935   ELF Image Totals
      5392        520        248       1624          0          0   ROM Totals

==============================================================================

    Total RO  Size (Code + RO Data)                 5640 (   5.51kB)
    Total RW  Size (RW Data + ZI Data)              2824 (   2.76kB)
    Total ROM Size (Code + RO Data + RW Data)       7264 (   7.09kB)

==============================================================================

