ARM Linker, 4.1 [Build 894] [Evaluation]

==============================================================================

Small function inlining results

Inlined function __aeabi_idiv0 from aeabi_idiv0.o at offset 0x154 in aeabi_sdiv.o(.text).
Inlined Instruction: BX       lr
Inlined function __aeabi_idiv0 from aeabi_idiv0.o at offset 0x154 in aeabi_sdiv_div0.o(.text).
Inlined Instruction: BX       lr
Inlined function _platform_pre_stackheap_init from boardinit1.o at offset 0x0 in rtentry2.o(.ARM.Collect$$rtentry$$00000001).
Inlined Instruction: BX       lr
Inlined function _fp_init from fpinit.o at offset 0x2 in libinit.o(.ARM.Collect$$libinit$$00000000).
Inlined Instruction: BX       lr
Inlined function _platform_pre_lib_shutdown from boardshut.o at offset 0x0 in rtexit2.o(.ARM.Collect$$rtexit$$00000001).
Inlined Instruction: BX       lr
Inlined function __ARM_get_argv from no_argv.o at offset 0x2 in argv_veneer.o(.text).
Inlined Instruction: BX       lr
Inlined total of 6 calls.

==============================================================================

Memory Map of the image

  Image Entry point : 0x000001b9

  Load Region LR_1 (Base: 0x00000000, Size: 0x00001f0c, Max: 0xffffffff, ABSOLUTE)

    Execution Region ER_RO (Base: 0x00000000, Size: 0x000018b0, Max: 0xffffffff, ABSOLUTE)

    Base Addr    Size         Type   Attr      Idx    E Section Name        Object

    0x00000000   0x000000c0   Data   RO           55    RESET               startup_nuc1xx.o
    0x000000c0   0x00000008   Code   RO         1420  * !!!main             c_p.l(__main.o)
    0x000000c8   0x0000003c   Code   RO         1593    !!!scatter          c_p.l(__scatter.o)
    0x00000104   0x0000001a   Code   RO         1595    !!handler_copy      c_p.l(__scatter_copy.o)
    0x0000011e   0x00000002   PAD
    0x00000120   0x0000001c   Code   RO         1597    !!handler_zi        c_p.l(__scatter_zi.o)
    0x0000013c   0x00000002   Code   RO         1409    .ARM.Collect$$_printf_percent$$00000000  c_p.l(_printf_percent.o)
    0x0000013e   0x0000000a   Code   RO         1408    .ARM.Collect$$_printf_percent$$00000009  c_p.l(_printf_d.o)
    0x00000148   0x0000000a   Code   RO         1407    .ARM.Collect$$_printf_percent$$0000000C  c_p.l(_printf_x.o)
    0x00000152   0x00000004   Code   RO         1433    .ARM.Collect$$_printf_percent$$00000017  c_p.l(_printf_percent_end.o)
    0x00000156   0x00000006   Code   RO         1469    .ARM.Collect$$libinit$$00000000  c_p.l(libinit.o)
    0x0000015c   0x00000000   Code   RO         1484    .ARM.Collect$$libinit$$00000006  c_p.l(libinit2.o)
    0x0000015c   0x00000000   Code   RO         1486    .ARM.Collect$$libinit$$00000008  c_p.l(libinit2.o)
    0x0000015c   0x00000000   Code   RO         1488    .ARM.Collect$$libinit$$0000000A  c_p.l(libinit2.o)
    0x0000015c   0x00000000   Code   RO         1491    .ARM.Collect$$libinit$$0000000D  c_p.l(libinit2.o)
    0x0000015c   0x00000000   Code   RO         1493    .ARM.Collect$$libinit$$0000000F  c_p.l(libinit2.o)
    0x0000015c   0x00000000   Code   RO         1495    .ARM.Collect$$libinit$$00000011  c_p.l(libinit2.o)
    0x0000015c   0x00000000   Code   RO         1497    .ARM.Collect$$libinit$$00000013  c_p.l(libinit2.o)
    0x0000015c   0x00000000   Code   RO         1499    .ARM.Collect$$libinit$$00000015  c_p.l(libinit2.o)
    0x0000015c   0x00000000   Code   RO         1501    .ARM.Collect$$libinit$$00000017  c_p.l(libinit2.o)
    0x0000015c   0x00000000   Code   RO         1503    .ARM.Collect$$libinit$$00000019  c_p.l(libinit2.o)
    0x0000015c   0x00000000   Code   RO         1505    .ARM.Collect$$libinit$$0000001B  c_p.l(libinit2.o)
    0x0000015c   0x00000000   Code   RO         1507    .ARM.Collect$$libinit$$0000001D  c_p.l(libinit2.o)
    0x0000015c   0x00000000   Code   RO         1509    .ARM.Collect$$libinit$$0000001F  c_p.l(libinit2.o)
    0x0000015c   0x00000000   Code   RO         1511    .ARM.Collect$$libinit$$00000021  c_p.l(libinit2.o)
    0x0000015c   0x00000000   Code   RO         1515    .ARM.Collect$$libinit$$00000028  c_p.l(libinit2.o)
    0x0000015c   0x00000000   Code   RO         1517    .ARM.Collect$$libinit$$0000002A  c_p.l(libinit2.o)
    0x0000015c   0x00000000   Code   RO         1519    .ARM.Collect$$libinit$$0000002C  c_p.l(libinit2.o)
    0x0000015c   0x00000000   Code   RO         1521    .ARM.Collect$$libinit$$0000002E  c_p.l(libinit2.o)
    0x0000015c   0x00000002   Code   RO         1522    .ARM.Collect$$libinit$$0000002F  c_p.l(libinit2.o)
    0x0000015e   0x00000002   Code   RO         1551    .ARM.Collect$$libshutdown$$00000000  c_p.l(libshutdown.o)
    0x00000160   0x00000000   Code   RO         1578    .ARM.Collect$$libshutdown$$00000003  c_p.l(libshutdown2.o)
    0x00000160   0x00000000   Code   RO         1581    .ARM.Collect$$libshutdown$$00000006  c_p.l(libshutdown2.o)
    0x00000160   0x00000000   Code   RO         1584    .ARM.Collect$$libshutdown$$00000009  c_p.l(libshutdown2.o)
    0x00000160   0x00000000   Code   RO         1586    .ARM.Collect$$libshutdown$$0000000B  c_p.l(libshutdown2.o)
    0x00000160   0x00000000   Code   RO         1589    .ARM.Collect$$libshutdown$$0000000E  c_p.l(libshutdown2.o)
    0x00000160   0x00000002   Code   RO         1590    .ARM.Collect$$libshutdown$$0000000F  c_p.l(libshutdown2.o)
    0x00000162   0x00000000   Code   RO         1422    .ARM.Collect$$rtentry$$00000000  c_p.l(rtentry.o)
    0x00000162   0x00000000   Code   RO         1437    .ARM.Collect$$rtentry$$00000002  c_p.l(rtentry2.o)
    0x00000162   0x00000006   Code   RO         1449    .ARM.Collect$$rtentry$$00000004  c_p.l(rtentry4.o)
    0x00000168   0x00000000   Code   RO         1439    .ARM.Collect$$rtentry$$00000009  c_p.l(rtentry2.o)
    0x00000168   0x00000004   Code   RO         1440    .ARM.Collect$$rtentry$$0000000A  c_p.l(rtentry2.o)
    0x0000016c   0x00000000   Code   RO         1442    .ARM.Collect$$rtentry$$0000000C  c_p.l(rtentry2.o)
    0x0000016c   0x00000008   Code   RO         1443    .ARM.Collect$$rtentry$$0000000D  c_p.l(rtentry2.o)
    0x00000174   0x00000002   Code   RO         1474    .ARM.Collect$$rtexit$$00000000  c_p.l(rtexit.o)
    0x00000176   0x00000000   Code   RO         1528    .ARM.Collect$$rtexit$$00000002  c_p.l(rtexit2.o)
    0x00000176   0x00000004   Code   RO         1529    .ARM.Collect$$rtexit$$00000003  c_p.l(rtexit2.o)
    0x0000017a   0x00000006   Code   RO         1530    .ARM.Collect$$rtexit$$00000004  c_p.l(rtexit2.o)
    0x00000180   0x00000038   Code   RO         1410    .emb_text           c_p.l(rt_memcpy.o)
    0x000001b8   0x00000064   Code   RO           56  * .text               startup_nuc1xx.o
    0x0000021c   0x00000028   Code   RO         1360    .text               c_p.l(noretval__2sprintf.o)
    0x00000244   0x0000006c   Code   RO         1364    .text               c_p.l(_printf_dec.o)
    0x000002b0   0x00000058   Code   RO         1369    .text               c_p.l(_printf_hex_int.o)
    0x00000308   0x00000110   Code   RO         1395    .text               c_p.l(__printf_wp.o)
    0x00000418   0x0000015a   Code   RO         1414    .text               c_p.l(aeabi_sdiv.o)
    0x00000572   0x00000006   Code   RO         1418    .text               c_p.l(heapauxi.o)
    0x00000578   0x000000b0   Code   RO         1427    .text               c_p.l(_printf_intcommon.o)
    0x00000628   0x00000030   Code   RO         1429    .text               c_p.l(_printf_char_common.o)
    0x00000658   0x0000000a   Code   RO         1431    .text               c_p.l(_sputc.o)
    0x00000662   0x00000028   Code   RO         1434    .text               c_p.l(rtudiv10.o)
    0x0000068a   0x0000003e   Code   RO         1455    .text               c_p.l(sys_stackheap_outer.o)
    0x000006c8   0x0000000c   Code   RO         1458    .text               c_p.l(exit.o)
    0x000006d4   0x00000008   Code   RO         1470    .text               c_p.l(libspace.o)
    0x000006dc   0x0000000c   Code   RO         1525    .text               c_p.l(sys_exit.o)
    0x000006e8   0x00000002   Code   RO         1540    .text               c_p.l(use_no_semi.o)
    0x000006ea   0x00000000   Code   RO         1542    .text               c_p.l(indicate_semi.o)
    0x000006ea   0x00000002   PAD
    0x000006ec   0x00000028   Code   RO          605    i.BOD_IRQHandler    drvsys.o
    0x00000714   0x0000002c   Code   RO         1056    i.DrvGPIO_ClrBit    drvgpio.o
    0x00000740   0x00000028   Code   RO         1069    i.DrvGPIO_GetBit    drvgpio.o
    0x00000768   0x00000078   Code   RO         1079    i.DrvGPIO_Open      drvgpio.o
    0x000007e0   0x0000002c   Code   RO         1080    i.DrvGPIO_SetBit    drvgpio.o
    0x0000080c   0x0000002c   Code   RO          608    i.DrvSYS_Delay      drvsys.o
    0x00000838   0x00000024   Code   RO         1086    i.EINT0_IRQHandler  drvgpio.o
    0x0000085c   0x00000024   Code   RO         1087    i.EINT1_IRQHandler  drvgpio.o
    0x00000880   0x0000003c   Code   RO         1088    i.GPAB_IRQHandler   drvgpio.o
    0x000008bc   0x00000040   Code   RO         1089    i.GPCDE_IRQHandler  drvgpio.o
    0x000008fc   0x000000c8   Code   RO           60    i.InitCapture0      smpl_start_kit.o
    0x000009c4   0x000000a0   Code   RO           61    i.InitPWM1          smpl_start_kit.o
    0x00000a64   0x000000ac   Code   RO           62    i.InitPWM2          smpl_start_kit.o
    0x00000b10   0x000000a8   Code   RO           64    i.InitPWM4fromPWM2  smpl_start_kit.o
    0x00000bb8   0x0000009c   Code   RO           65    i.InitPWM5          smpl_start_kit.o
    0x00000c54   0x00000090   Code   RO           66    i.InitTIMER3        smpl_start_kit.o
    0x00000ce4   0x00000218   Code   RO          162    i.Initial_pannel    lcd_driver.o
    0x00000efc   0x00000014   Code   RO           67    i.NVIC_EnableIRQ    smpl_start_kit.o
    0x00000f10   0x0000001a   Code   RO          260    i.OpenKeyPad        scankey.o
    0x00000f2a   0x00000002   PAD
    0x00000f2c   0x000000ac   Code   RO           68    i.PWMA_IRQHandler   smpl_start_kit.o
    0x00000fd8   0x00000028   Code   RO          653    i.PWRWU_IRQHandler  drvsys.o
    0x00001000   0x00000064   Code   RO          339    i.SPI0_IRQHandler   drvspi.o
    0x00001064   0x00000064   Code   RO          340    i.SPI1_IRQHandler   drvspi.o
    0x000010c8   0x00000064   Code   RO          341    i.SPI2_IRQHandler   drvspi.o
    0x0000112c   0x00000064   Code   RO          342    i.SPI3_IRQHandler   drvspi.o
    0x00001190   0x00000084   Code   RO          261    i.Scankey           scankey.o
    0x00001214   0x000000f4   Code   RO          163    i.SetPACA           lcd_driver.o
    0x00001308   0x00000078   Code   RO          164    i.Show_Word         lcd_driver.o
    0x00001380   0x00000002   Code   RO           18    i.SystemInit        system_nuc1xx.o
    0x00001382   0x00000002   PAD
    0x00001384   0x00000180   Code   RO           69    i.TMR3_IRQHandler   smpl_start_kit.o
    0x00001504   0x0000003c   Code   RO          933    i.UART02_IRQHandler  drvuart.o
    0x00001540   0x00000020   Code   RO          934    i.UART1_IRQHandler  drvuart.o
    0x00001560   0x00000058   Code   RO          166    i.WriteData         lcd_driver.o
    0x000015b8   0x0000000e   Code   RO         1397    i._is_digit         c_p.l(__printf_wp.o)
    0x000015c6   0x00000024   Code   RO          235    i.close_seven_segment  seven_segment.o
    0x000015ea   0x00000028   Code   RO          167    i.clr_all_pannal    lcd_driver.o
    0x00001612   0x00000010   Code   RO          262    i.delay             scankey.o
    0x00001622   0x00000002   PAD
    0x00001624   0x00000188   Code   RO           70    i.main              smpl_start_kit.o
    0x000017ac   0x00000028   Code   RO          168    i.print_lcd         lcd_driver.o
    0x000017d4   0x00000040   Code   RO          236    i.show_seven_segment  seven_segment.o
    0x00001814   0x0000004e   Data   RO           71    .constdata          smpl_start_kit.o
    0x00001862   0x00000002   PAD
    0x00001864   0x00000004   Data   RO          263    .constdata          scankey.o
    0x00001868   0x00000028   Data   RO         1370    .constdata          c_p.l(_printf_hex_int.o)
    0x00001890   0x00000020   Data   RO         1591    Region$$Table       anon$$obj.o


    Execution Region ER_RW (Base: 0x20000000, Size: 0x0000065c, Max: 0xffffffff, ABSOLUTE)

    Base Addr    Size         Type   Attr      Idx    E Section Name        Object

    0x20000000   0x0000001c   Data   RW           19    .data               system_nuc1xx.o
    0x2000001c   0x00000010   Data   RW           72    .data               smpl_start_kit.o
    0x2000002c   0x00000010   Data   RW          169    .data               lcd_driver.o
    0x2000003c   0x000005f0   Data   RW          228    .data               ascii_table.o
    0x2000062c   0x0000000a   Data   RW          237    .data               seven_segment.o
    0x20000636   0x00000002   PAD
    0x20000638   0x00000008   Data   RW          655    .data               drvsys.o
    0x20000640   0x0000000c   Data   RW          935    .data               drvuart.o
    0x2000064c   0x00000010   Data   RW         1093    .data               drvgpio.o


    Execution Region ER_ZI (Base: 0x2000065c, Size: 0x000004b4, Max: 0xffffffff, ABSOLUTE)

    Base Addr    Size         Type   Attr      Idx    E Section Name        Object

    0x2000065c   0x00000050   Zero   RW          343    .bss                drvspi.o
    0x200006ac   0x00000060   Zero   RW         1471    .bss                c_p.l(libspace.o)
    0x2000070c   0x00000004   PAD
    0x20000710   0x00000000   Zero   RW           54    HEAP                startup_nuc1xx.o
    0x20000710   0x00000400   Zero   RW           53    STACK               startup_nuc1xx.o


==============================================================================

Image component sizes


      Code (inc. data)   RO Data    RW Data    ZI Data      Debug   Object Name

         0          0          0       1520          0        500   ascii_table.o
         0          0          0          0          0       4188   core_cm0.o
       444         70          0         16          0      10629   drvgpio.o
       400         32          0          0         80       4808   drvspi.o
       124         22          0          8          0       4491   drvsys.o
        92         24          0         12          0       5071   drvuart.o
      1068         26          0         16          0       4643   lcd_driver.o
       174          6          4          0          0       1747   scankey.o
       100          4          0         10          0       2181   seven_segment.o
      1968        260         78         16          0     130967   smpl_start_kit.o
       100         46        192          0       1024        748   startup_nuc1xx.o
         2          0          0         28          0     118622   system_nuc1xx.o

    ----------------------------------------------------------------------
      4478        490        308       1628       1104     288595   Object Totals
         0          0         32          0          0          0   (incl. Generated)
         6          0          2          2          0          0   (incl. Padding)

    ----------------------------------------------------------------------

      Code (inc. data)   RO Data    RW Data    ZI Data      Debug   Library Member Name

         8          0          0          0          0         68   __main.o
       286          0          0          0          0        136   __printf_wp.o
        60          8          0          0          0          0   __scatter.o
        26          0          0          0          0          0   __scatter_copy.o
        28          0          0          0          0          0   __scatter_zi.o
        48          6          0          0          0         88   _printf_char_common.o
        10          0          0          0          0          0   _printf_d.o
       108         18          0          0          0         76   _printf_dec.o
        88          4         40          0          0         72   _printf_hex_int.o
       176          0          0          0          0         84   _printf_intcommon.o
         2          0          0          0          0          0   _printf_percent.o
         4          0          0          0          0          0   _printf_percent_end.o
        10          0          0          0          0          0   _printf_x.o
        10          0          0          0          0         60   _sputc.o
       346          0          0          0          0         92   aeabi_sdiv.o
        12          0          0          0          0         64   exit.o
         6          0          0          0          0        136   heapauxi.o
         0          0          0          0          0          0   indicate_semi.o
         6          0          0          0          0          0   libinit.o
         2          0          0          0          0          0   libinit2.o
         2          0          0          0          0          0   libshutdown.o
         2          0          0          0          0          0   libshutdown2.o
         8          4          0          0         96         68   libspace.o
        40          4          0          0          0         84   noretval__2sprintf.o
        56          0          0          0          0         68   rt_memcpy.o
         0          0          0          0          0          0   rtentry.o
        12          0          0          0          0          0   rtentry2.o
         6          0          0          0          0          0   rtentry4.o
         2          0          0          0          0          0   rtexit.o
        10          0          0          0          0          0   rtexit2.o
        40          0          0          0          0         60   rtudiv10.o
        12          4          0          0          0         60   sys_exit.o
        62          0          0          0          0         80   sys_stackheap_outer.o
         2          0          0          0          0         68   use_no_semi.o

    ----------------------------------------------------------------------
      1494         48         40          0        100       1364   Library Totals
         4          0          0          0          4          0   (incl. Padding)

    ----------------------------------------------------------------------

      Code (inc. data)   RO Data    RW Data    ZI Data      Debug   Library Name

      1490         48         40          0         96       1364   c_p.l

    ----------------------------------------------------------------------
      1494         48         40          0        100       1364   Library Totals

    ----------------------------------------------------------------------

==============================================================================


      Code (inc. data)   RO Data    RW Data    ZI Data      Debug   

      5972        538        348       1628       1204     287579   Grand Totals
      5972        538        348       1628       1204     287579   ELF Image Totals
      5972        538        348       1628          0          0   ROM Totals

==============================================================================

    Total RO  Size (Code + RO Data)                 6320 (   6.17kB)
    Total RW  Size (RW Data + ZI Data)              2832 (   2.77kB)
    Total ROM Size (Code + RO Data + RW Data)       7948 (   7.76kB)

==============================================================================

