<html>
<body>
<pre>
<h1>µVision Build Log</h1>
<h2>Project:</h2>
C:\Nuvoton\BSP Library\NUC100SeriesBSP_CMSIS_v1.05.003\NuvotonPlatform_Keil\Sample\NUC1xx-LB_002\01_LabIntroTimer_S2\Smpl_Start_Kit.uvproj
Project File Date:  02/20/2019

<h2>Output:</h2>
Rebuild target 'Smpl_Start_Kit'
creating preprocessor file for core_cm0.c...
compiling core_cm0.c...
creating preprocessor file for system_NUC1xx.c...
compiling system_NUC1xx.c...
assembling startup_NUC1xx.s...
creating preprocessor file for Smpl_Start_Kit.c...
compiling Smpl_Start_Kit.c...
creating preprocessor file for LCD_Driver.c...
compiling LCD_Driver.c...
creating preprocessor file for Ascii_Table.C...
compiling Ascii_Table.C...
creating preprocessor file for Seven_Segment.c...
compiling Seven_Segment.c...
creating preprocessor file for ScanKey.c...
compiling ScanKey.c...
creating preprocessor file for EEPROM_24LC64.c...
compiling EEPROM_24LC64.c...
creating preprocessor file for DrvI2C.c...
compiling DrvI2C.c...
creating preprocessor file for DrvSPI.c...
compiling DrvSPI.c...
creating preprocessor file for DrvSYS.c...
compiling DrvSYS.c...
creating preprocessor file for DrvUART.c...
compiling DrvUART.c...
creating preprocessor file for DrvGPIO.c...
compiling DrvGPIO.c...
creating preprocessor file for retarget.c...
compiling retarget.c...
linking...
Program Size: Code=8176 RO-data=320 RW-data=1616 ZI-data=1232  
User command #1: fromelf --bin ".\obj\Smpl_Start_Kit.axf" --output ".\obj\Smpl_Start_Kit.bin"
User command #2: fromelf --text -c ".\obj\Smpl_Start_Kit.axf" --output ".\obj\Smpl_Start_Kit.txt"
".\obj\Smpl_Start_Kit.axf" - 0 Error(s), 0 Warning(s).
Rebuild target 'Smpl_Start_Kit'
creating preprocessor file for core_cm0.c...
compiling core_cm0.c...
creating preprocessor file for system_NUC1xx.c...
compiling system_NUC1xx.c...
assembling startup_NUC1xx.s...
creating preprocessor file for Smpl_Start_Kit.c...
compiling Smpl_Start_Kit.c...
creating preprocessor file for LCD_Driver.c...
compiling LCD_Driver.c...
creating preprocessor file for Ascii_Table.C...
compiling Ascii_Table.C...
creating preprocessor file for Seven_Segment.c...
compiling Seven_Segment.c...
creating preprocessor file for ScanKey.c...
compiling ScanKey.c...
creating preprocessor file for EEPROM_24LC64.c...
compiling EEPROM_24LC64.c...
creating preprocessor file for DrvI2C.c...
compiling DrvI2C.c...
creating preprocessor file for DrvSPI.c...
compiling DrvSPI.c...
creating preprocessor file for DrvSYS.c...
compiling DrvSYS.c...
creating preprocessor file for DrvUART.c...
compiling DrvUART.c...
creating preprocessor file for DrvGPIO.c...
compiling DrvGPIO.c...
creating preprocessor file for retarget.c...
compiling retarget.c...
linking...
Program Size: Code=3780 RO-data=240 RW-data=1600 ZI-data=1232  
User command #1: fromelf --bin ".\obj\Smpl_Start_Kit.axf" --output ".\obj\Smpl_Start_Kit.bin"
User command #2: fromelf --text -c ".\obj\Smpl_Start_Kit.axf" --output ".\obj\Smpl_Start_Kit.txt"
".\obj\Smpl_Start_Kit.axf" - 0 Error(s), 0 Warning(s).
Load "C:\\Nuvoton\\BSP Library\\NUC100SeriesBSP_CMSIS_v1.05.003\\NuvotonPlatform_Keil\\Sample\\NUC1xx-LB_002\\01_LabIntroTimer_S2\\obj\\Smpl_Start_Kit.AXF" 
Erase Done.
Programming Done.
Verify OK.
Rebuild target 'Smpl_Start_Kit'
creating preprocessor file for core_cm0.c...
compiling core_cm0.c...
creating preprocessor file for system_NUC1xx.c...
compiling system_NUC1xx.c...
assembling startup_NUC1xx.s...
creating preprocessor file for Smpl_Start_Kit.c...
compiling Smpl_Start_Kit.c...
creating preprocessor file for LCD_Driver.c...
compiling LCD_Driver.c...
creating preprocessor file for Ascii_Table.C...
compiling Ascii_Table.C...
creating preprocessor file for Seven_Segment.c...
compiling Seven_Segment.c...
creating preprocessor file for ScanKey.c...
compiling ScanKey.c...
creating preprocessor file for EEPROM_24LC64.c...
compiling EEPROM_24LC64.c...
creating preprocessor file for DrvI2C.c...
compiling DrvI2C.c...
creating preprocessor file for DrvSPI.c...
compiling DrvSPI.c...
creating preprocessor file for DrvSYS.c...
compiling DrvSYS.c...
creating preprocessor file for DrvUART.c...
compiling DrvUART.c...
creating preprocessor file for DrvGPIO.c...
compiling DrvGPIO.c...
creating preprocessor file for retarget.c...
compiling retarget.c...
linking...
Program Size: Code=3880 RO-data=240 RW-data=1572 ZI-data=1236  
User command #1: fromelf --bin ".\obj\Smpl_Start_Kit.axf" --output ".\obj\Smpl_Start_Kit.bin"
User command #2: fromelf --text -c ".\obj\Smpl_Start_Kit.axf" --output ".\obj\Smpl_Start_Kit.txt"
".\obj\Smpl_Start_Kit.axf" - 0 Error(s), 0 Warning(s).
Rebuild target 'Smpl_Start_Kit'
creating preprocessor file for core_cm0.c...
compiling core_cm0.c...
creating preprocessor file for system_NUC1xx.c...
compiling system_NUC1xx.c...
assembling startup_NUC1xx.s...
creating preprocessor file for Smpl_Start_Kit.c...
compiling Smpl_Start_Kit.c...
creating preprocessor file for LCD_Driver.c...
compiling LCD_Driver.c...
creating preprocessor file for Ascii_Table.C...
compiling Ascii_Table.C...
creating preprocessor file for Seven_Segment.c...
compiling Seven_Segment.c...
creating preprocessor file for ScanKey.c...
compiling ScanKey.c...
creating preprocessor file for EEPROM_24LC64.c...
compiling EEPROM_24LC64.c...
creating preprocessor file for DrvI2C.c...
compiling DrvI2C.c...
creating preprocessor file for DrvSPI.c...
compiling DrvSPI.c...
creating preprocessor file for DrvSYS.c...
compiling DrvSYS.c...
creating preprocessor file for DrvUART.c...
compiling DrvUART.c...
creating preprocessor file for DrvGPIO.c...
compiling DrvGPIO.c...
creating preprocessor file for retarget.c...
compiling retarget.c...
linking...
Program Size: Code=4024 RO-data=240 RW-data=1572 ZI-data=1236  
User command #1: fromelf --bin ".\obj\Smpl_Start_Kit.axf" --output ".\obj\Smpl_Start_Kit.bin"
User command #2: fromelf --text -c ".\obj\Smpl_Start_Kit.axf" --output ".\obj\Smpl_Start_Kit.txt"
".\obj\Smpl_Start_Kit.axf" - 0 Error(s), 0 Warning(s).
Load "C:\\Nuvoton\\BSP Library\\NUC100SeriesBSP_CMSIS_v1.05.003\\NuvotonPlatform_Keil\\Sample\\NUC1xx-LB_002\\01_LabIntroTimer_S2\\obj\\Smpl_Start_Kit.AXF" 
Erase Done.
Programming Done.
Verify OK.
Load "C:\\Nuvoton\\BSP Library\\NUC100SeriesBSP_CMSIS_v1.05.003\\NuvotonPlatform_Keil\\Sample\\NUC1xx-LB_002\\01_LabIntroTimer_S2\\obj\\Smpl_Start_Kit.AXF" 
Erase Done.
Programming Done.
Verify OK.
Rebuild target 'Smpl_Start_Kit'
creating preprocessor file for core_cm0.c...
compiling core_cm0.c...
creating preprocessor file for system_NUC1xx.c...
compiling system_NUC1xx.c...
assembling startup_NUC1xx.s...
creating preprocessor file for Smpl_Start_Kit.c...
compiling Smpl_Start_Kit.c...
creating preprocessor file for LCD_Driver.c...
compiling LCD_Driver.c...
creating preprocessor file for Ascii_Table.C...
compiling Ascii_Table.C...
creating preprocessor file for Seven_Segment.c...
compiling Seven_Segment.c...
creating preprocessor file for ScanKey.c...
compiling ScanKey.c...
creating preprocessor file for EEPROM_24LC64.c...
compiling EEPROM_24LC64.c...
creating preprocessor file for DrvI2C.c...
compiling DrvI2C.c...
creating preprocessor file for DrvSPI.c...
compiling DrvSPI.c...
creating preprocessor file for DrvSYS.c...
compiling DrvSYS.c...
creating preprocessor file for DrvUART.c...
compiling DrvUART.c...
creating preprocessor file for DrvGPIO.c...
compiling DrvGPIO.c...
creating preprocessor file for retarget.c...
compiling retarget.c...
linking...
Program Size: Code=4140 RO-data=264 RW-data=1572 ZI-data=1236  
User command #1: fromelf --bin ".\obj\Smpl_Start_Kit.axf" --output ".\obj\Smpl_Start_Kit.bin"
User command #2: fromelf --text -c ".\obj\Smpl_Start_Kit.axf" --output ".\obj\Smpl_Start_Kit.txt"
".\obj\Smpl_Start_Kit.axf" - 0 Error(s), 0 Warning(s).
Load "C:\\Nuvoton\\BSP Library\\NUC100SeriesBSP_CMSIS_v1.05.003\\NuvotonPlatform_Keil\\Sample\\NUC1xx-LB_002\\01_LabIntroTimer_S2\\obj\\Smpl_Start_Kit.AXF" 
Erase Done.
Programming Done.
Verify OK.
Rebuild target 'Smpl_Start_Kit'
creating preprocessor file for core_cm0.c...
compiling core_cm0.c...
creating preprocessor file for system_NUC1xx.c...
compiling system_NUC1xx.c...
assembling startup_NUC1xx.s...
creating preprocessor file for Smpl_Start_Kit.c...
compiling Smpl_Start_Kit.c...
Smpl_Start_Kit.c(65): error:  #20: identifier "GPC_12" is undefined
Smpl_Start_Kit.c(66): error:  #20: identifier "DELAY300ms" is undefined
Smpl_Start_Kit.c(68): error:  #20: identifier "GPC_13" is undefined
creating preprocessor file for LCD_Driver.c...
compiling LCD_Driver.c...
creating preprocessor file for Ascii_Table.C...
compiling Ascii_Table.C...
creating preprocessor file for Seven_Segment.c...
compiling Seven_Segment.c...
creating preprocessor file for ScanKey.c...
compiling ScanKey.c...
creating preprocessor file for EEPROM_24LC64.c...
compiling EEPROM_24LC64.c...
creating preprocessor file for DrvI2C.c...
compiling DrvI2C.c...
creating preprocessor file for DrvSPI.c...
compiling DrvSPI.c...
creating preprocessor file for DrvSYS.c...
compiling DrvSYS.c...
creating preprocessor file for DrvUART.c...
compiling DrvUART.c...
creating preprocessor file for DrvGPIO.c...
compiling DrvGPIO.c...
creating preprocessor file for retarget.c...
compiling retarget.c...
Target not created
Rebuild target 'Smpl_Start_Kit'
creating preprocessor file for core_cm0.c...
compiling core_cm0.c...
creating preprocessor file for system_NUC1xx.c...
compiling system_NUC1xx.c...
assembling startup_NUC1xx.s...
creating preprocessor file for Smpl_Start_Kit.c...
compiling Smpl_Start_Kit.c...
Smpl_Start_Kit.c(66): error:  #20: identifier "GPC_12" is undefined
Smpl_Start_Kit.c(69): error:  #20: identifier "GPC_13" is undefined
creating preprocessor file for LCD_Driver.c...
compiling LCD_Driver.c...
creating preprocessor file for Ascii_Table.C...
compiling Ascii_Table.C...
creating preprocessor file for Seven_Segment.c...
compiling Seven_Segment.c...
creating preprocessor file for ScanKey.c...
compiling ScanKey.c...
creating preprocessor file for EEPROM_24LC64.c...
compiling EEPROM_24LC64.c...
creating preprocessor file for DrvI2C.c...
compiling DrvI2C.c...
creating preprocessor file for DrvSPI.c...
compiling DrvSPI.c...
creating preprocessor file for DrvSYS.c...
compiling DrvSYS.c...
creating preprocessor file for DrvUART.c...
compiling DrvUART.c...
creating preprocessor file for DrvGPIO.c...
compiling DrvGPIO.c...
creating preprocessor file for retarget.c...
compiling retarget.c...
Target not created
Rebuild target 'Smpl_Start_Kit'
creating preprocessor file for core_cm0.c...
compiling core_cm0.c...
creating preprocessor file for system_NUC1xx.c...
compiling system_NUC1xx.c...
assembling startup_NUC1xx.s...
creating preprocessor file for Smpl_Start_Kit.c...
compiling Smpl_Start_Kit.c...
creating preprocessor file for LCD_Driver.c...
compiling LCD_Driver.c...
creating preprocessor file for Ascii_Table.C...
compiling Ascii_Table.C...
creating preprocessor file for Seven_Segment.c...
compiling Seven_Segment.c...
creating preprocessor file for ScanKey.c...
compiling ScanKey.c...
creating preprocessor file for EEPROM_24LC64.c...
compiling EEPROM_24LC64.c...
creating preprocessor file for DrvI2C.c...
compiling DrvI2C.c...
creating preprocessor file for DrvSPI.c...
compiling DrvSPI.c...
creating preprocessor file for DrvSYS.c...
compiling DrvSYS.c...
creating preprocessor file for DrvUART.c...
compiling DrvUART.c...
creating preprocessor file for DrvGPIO.c...
compiling DrvGPIO.c...
creating preprocessor file for retarget.c...
compiling retarget.c...
linking...
Program Size: Code=4240 RO-data=264 RW-data=1600 ZI-data=1232  
User command #1: fromelf --bin ".\obj\Smpl_Start_Kit.axf" --output ".\obj\Smpl_Start_Kit.bin"
User command #2: fromelf --text -c ".\obj\Smpl_Start_Kit.axf" --output ".\obj\Smpl_Start_Kit.txt"
".\obj\Smpl_Start_Kit.axf" - 0 Error(s), 0 Warning(s).
Load "C:\\Nuvoton\\BSP Library\\NUC100SeriesBSP_CMSIS_v1.05.003\\NuvotonPlatform_Keil\\Sample\\NUC1xx-LB_002\\01_LabIntroTimer_S2\\obj\\Smpl_Start_Kit.AXF" 
Erase Done.
Programming Done.
Verify OK.
Rebuild target 'Smpl_Start_Kit'
creating preprocessor file for core_cm0.c...
compiling core_cm0.c...
creating preprocessor file for system_NUC1xx.c...
compiling system_NUC1xx.c...
assembling startup_NUC1xx.s...
creating preprocessor file for Smpl_Start_Kit.c...
compiling Smpl_Start_Kit.c...
creating preprocessor file for LCD_Driver.c...
compiling LCD_Driver.c...
creating preprocessor file for Ascii_Table.C...
compiling Ascii_Table.C...
creating preprocessor file for Seven_Segment.c...
compiling Seven_Segment.c...
creating preprocessor file for ScanKey.c...
compiling ScanKey.c...
creating preprocessor file for EEPROM_24LC64.c...
compiling EEPROM_24LC64.c...
creating preprocessor file for DrvI2C.c...
compiling DrvI2C.c...
creating preprocessor file for DrvSPI.c...
compiling DrvSPI.c...
creating preprocessor file for DrvSYS.c...
compiling DrvSYS.c...
creating preprocessor file for DrvUART.c...
compiling DrvUART.c...
creating preprocessor file for DrvGPIO.c...
compiling DrvGPIO.c...
creating preprocessor file for retarget.c...
compiling retarget.c...
linking...
Program Size: Code=4216 RO-data=264 RW-data=1600 ZI-data=1232  
User command #1: fromelf --bin ".\obj\Smpl_Start_Kit.axf" --output ".\obj\Smpl_Start_Kit.bin"
User command #2: fromelf --text -c ".\obj\Smpl_Start_Kit.axf" --output ".\obj\Smpl_Start_Kit.txt"
".\obj\Smpl_Start_Kit.axf" - 0 Error(s), 0 Warning(s).
Load "C:\\Nuvoton\\BSP Library\\NUC100SeriesBSP_CMSIS_v1.05.003\\NuvotonPlatform_Keil\\Sample\\NUC1xx-LB_002\\01_LabIntroTimer_S2\\obj\\Smpl_Start_Kit.AXF" 
Erase Done.
Programming Done.
Verify OK.
Rebuild target 'Smpl_Start_Kit'
creating preprocessor file for core_cm0.c...
compiling core_cm0.c...
creating preprocessor file for system_NUC1xx.c...
compiling system_NUC1xx.c...
assembling startup_NUC1xx.s...
creating preprocessor file for Smpl_Start_Kit.c...
compiling Smpl_Start_Kit.c...
creating preprocessor file for LCD_Driver.c...
compiling LCD_Driver.c...
creating preprocessor file for Ascii_Table.C...
compiling Ascii_Table.C...
creating preprocessor file for Seven_Segment.c...
compiling Seven_Segment.c...
creating preprocessor file for ScanKey.c...
compiling ScanKey.c...
creating preprocessor file for EEPROM_24LC64.c...
compiling EEPROM_24LC64.c...
creating preprocessor file for DrvI2C.c...
compiling DrvI2C.c...
creating preprocessor file for DrvSPI.c...
compiling DrvSPI.c...
creating preprocessor file for DrvSYS.c...
compiling DrvSYS.c...
creating preprocessor file for DrvUART.c...
compiling DrvUART.c...
creating preprocessor file for DrvGPIO.c...
compiling DrvGPIO.c...
creating preprocessor file for retarget.c...
compiling retarget.c...
linking...
Program Size: Code=4216 RO-data=264 RW-data=1600 ZI-data=1232  
User command #1: fromelf --bin ".\obj\Smpl_Start_Kit.axf" --output ".\obj\Smpl_Start_Kit.bin"
User command #2: fromelf --text -c ".\obj\Smpl_Start_Kit.axf" --output ".\obj\Smpl_Start_Kit.txt"
".\obj\Smpl_Start_Kit.axf" - 0 Error(s), 0 Warning(s).
Load "C:\\Nuvoton\\BSP Library\\NUC100SeriesBSP_CMSIS_v1.05.003\\NuvotonPlatform_Keil\\Sample\\NUC1xx-LB_002\\01_LabIntroTimer_S2\\obj\\Smpl_Start_Kit.AXF" 
Erase Done.
Programming Done.
Verify OK.
Load "C:\\Nuvoton\\BSP Library\\NUC100SeriesBSP_CMSIS_v1.05.003\\NuvotonPlatform_Keil\\Sample\\NUC1xx-LB_002\\01_LabIntroTimer_S2\\obj\\Smpl_Start_Kit.AXF" 
Erase Done.
Programming Done.
Verify OK.
Rebuild target 'Smpl_Start_Kit'
creating preprocessor file for core_cm0.c...
compiling core_cm0.c...
creating preprocessor file for system_NUC1xx.c...
compiling system_NUC1xx.c...
assembling startup_NUC1xx.s...
creating preprocessor file for Smpl_Start_Kit.c...
compiling Smpl_Start_Kit.c...
creating preprocessor file for LCD_Driver.c...
compiling LCD_Driver.c...
creating preprocessor file for Ascii_Table.C...
compiling Ascii_Table.C...
creating preprocessor file for Seven_Segment.c...
compiling Seven_Segment.c...
creating preprocessor file for ScanKey.c...
compiling ScanKey.c...
creating preprocessor file for EEPROM_24LC64.c...
compiling EEPROM_24LC64.c...
creating preprocessor file for DrvI2C.c...
compiling DrvI2C.c...
creating preprocessor file for DrvSPI.c...
compiling DrvSPI.c...
creating preprocessor file for DrvSYS.c...
compiling DrvSYS.c...
creating preprocessor file for DrvUART.c...
compiling DrvUART.c...
creating preprocessor file for DrvGPIO.c...
compiling DrvGPIO.c...
creating preprocessor file for retarget.c...
compiling retarget.c...
linking...
Program Size: Code=4216 RO-data=264 RW-data=1600 ZI-data=1232  
User command #1: fromelf --bin ".\obj\Smpl_Start_Kit.axf" --output ".\obj\Smpl_Start_Kit.bin"
User command #2: fromelf --text -c ".\obj\Smpl_Start_Kit.axf" --output ".\obj\Smpl_Start_Kit.txt"
".\obj\Smpl_Start_Kit.axf" - 0 Error(s), 0 Warning(s).
Load "C:\\Nuvoton\\BSP Library\\NUC100SeriesBSP_CMSIS_v1.05.003\\NuvotonPlatform_Keil\\Sample\\NUC1xx-LB_002\\01_LabIntroTimer_S2\\obj\\Smpl_Start_Kit.AXF" 
Erase Done.
Programming Done.
Verify OK.
Rebuild target 'Smpl_Start_Kit'
creating preprocessor file for core_cm0.c...
compiling core_cm0.c...
creating preprocessor file for system_NUC1xx.c...
compiling system_NUC1xx.c...
assembling startup_NUC1xx.s...
creating preprocessor file for Smpl_Start_Kit.c...
compiling Smpl_Start_Kit.c...
creating preprocessor file for LCD_Driver.c...
compiling LCD_Driver.c...
creating preprocessor file for Ascii_Table.C...
compiling Ascii_Table.C...
creating preprocessor file for Seven_Segment.c...
compiling Seven_Segment.c...
creating preprocessor file for ScanKey.c...
compiling ScanKey.c...
creating preprocessor file for EEPROM_24LC64.c...
compiling EEPROM_24LC64.c...
creating preprocessor file for DrvI2C.c...
compiling DrvI2C.c...
creating preprocessor file for DrvSPI.c...
compiling DrvSPI.c...
creating preprocessor file for DrvSYS.c...
compiling DrvSYS.c...
creating preprocessor file for DrvUART.c...
compiling DrvUART.c...
creating preprocessor file for DrvGPIO.c...
compiling DrvGPIO.c...
creating preprocessor file for retarget.c...
compiling retarget.c...
linking...
Program Size: Code=4216 RO-data=264 RW-data=1600 ZI-data=1232  
User command #1: fromelf --bin ".\obj\Smpl_Start_Kit.axf" --output ".\obj\Smpl_Start_Kit.bin"
User command #2: fromelf --text -c ".\obj\Smpl_Start_Kit.axf" --output ".\obj\Smpl_Start_Kit.txt"
".\obj\Smpl_Start_Kit.axf" - 0 Error(s), 0 Warning(s).
Load "C:\\Nuvoton\\BSP Library\\NUC100SeriesBSP_CMSIS_v1.05.003\\NuvotonPlatform_Keil\\Sample\\NUC1xx-LB_002\\01_LabIntroTimer_S2\\obj\\Smpl_Start_Kit.AXF" 
Erase Done.
Programming Done.
Verify OK.
Rebuild target 'Smpl_Start_Kit'
creating preprocessor file for core_cm0.c...
compiling core_cm0.c...
creating preprocessor file for system_NUC1xx.c...
compiling system_NUC1xx.c...
assembling startup_NUC1xx.s...
creating preprocessor file for Smpl_Start_Kit.c...
compiling Smpl_Start_Kit.c...
creating preprocessor file for LCD_Driver.c...
compiling LCD_Driver.c...
creating preprocessor file for Ascii_Table.C...
compiling Ascii_Table.C...
creating preprocessor file for Seven_Segment.c...
compiling Seven_Segment.c...
creating preprocessor file for ScanKey.c...
compiling ScanKey.c...
creating preprocessor file for EEPROM_24LC64.c...
compiling EEPROM_24LC64.c...
creating preprocessor file for DrvI2C.c...
compiling DrvI2C.c...
creating preprocessor file for DrvSPI.c...
compiling DrvSPI.c...
creating preprocessor file for DrvSYS.c...
compiling DrvSYS.c...
creating preprocessor file for DrvUART.c...
compiling DrvUART.c...
creating preprocessor file for DrvGPIO.c...
compiling DrvGPIO.c...
creating preprocessor file for retarget.c...
compiling retarget.c...
linking...
Program Size: Code=4196 RO-data=264 RW-data=1572 ZI-data=1236  
User command #1: fromelf --bin ".\obj\Smpl_Start_Kit.axf" --output ".\obj\Smpl_Start_Kit.bin"
User command #2: fromelf --text -c ".\obj\Smpl_Start_Kit.axf" --output ".\obj\Smpl_Start_Kit.txt"
".\obj\Smpl_Start_Kit.axf" - 0 Error(s), 0 Warning(s).
Load "C:\\Nuvoton\\BSP Library\\NUC100SeriesBSP_CMSIS_v1.05.003\\NuvotonPlatform_Keil\\Sample\\NUC1xx-LB_002\\01_LabIntroTimer_S2\\obj\\Smpl_Start_Kit.AXF" 
Erase Done.
Programming Done.
Verify OK.
Rebuild target 'Smpl_Start_Kit'
creating preprocessor file for core_cm0.c...
compiling core_cm0.c...
creating preprocessor file for system_NUC1xx.c...
compiling system_NUC1xx.c...
assembling startup_NUC1xx.s...
creating preprocessor file for Smpl_Start_Kit.c...
compiling Smpl_Start_Kit.c...
creating preprocessor file for LCD_Driver.c...
compiling LCD_Driver.c...
creating preprocessor file for Ascii_Table.C...
compiling Ascii_Table.C...
creating preprocessor file for Seven_Segment.c...
compiling Seven_Segment.c...
creating preprocessor file for ScanKey.c...
compiling ScanKey.c...
creating preprocessor file for EEPROM_24LC64.c...
compiling EEPROM_24LC64.c...
creating preprocessor file for DrvI2C.c...
compiling DrvI2C.c...
creating preprocessor file for DrvSPI.c...
compiling DrvSPI.c...
creating preprocessor file for DrvSYS.c...
compiling DrvSYS.c...
creating preprocessor file for DrvUART.c...
compiling DrvUART.c...
creating preprocessor file for DrvGPIO.c...
compiling DrvGPIO.c...
creating preprocessor file for retarget.c...
compiling retarget.c...
linking...
Program Size: Code=4196 RO-data=264 RW-data=1572 ZI-data=1236  
User command #1: fromelf --bin ".\obj\Smpl_Start_Kit.axf" --output ".\obj\Smpl_Start_Kit.bin"
User command #2: fromelf --text -c ".\obj\Smpl_Start_Kit.axf" --output ".\obj\Smpl_Start_Kit.txt"
".\obj\Smpl_Start_Kit.axf" - 0 Error(s), 0 Warning(s).
Load "C:\\Nuvoton\\BSP Library\\NUC100SeriesBSP_CMSIS_v1.05.003\\NuvotonPlatform_Keil\\Sample\\NUC1xx-LB_002\\01_LabIntroTimer_S2\\obj\\Smpl_Start_Kit.AXF" 
Erase Done.
Programming Done.
Verify OK.
Load "C:\\Nuvoton\\BSP Library\\NUC100SeriesBSP_CMSIS_v1.05.003\\NuvotonPlatform_Keil\\Sample\\NUC1xx-LB_002\\01_LabIntroTimer_S2\\obj\\Smpl_Start_Kit.AXF" 
Erase Done.
Programming Done.
Verify OK.
Rebuild target 'Smpl_Start_Kit'
creating preprocessor file for core_cm0.c...
compiling core_cm0.c...
creating preprocessor file for system_NUC1xx.c...
compiling system_NUC1xx.c...
assembling startup_NUC1xx.s...
creating preprocessor file for Smpl_Start_Kit.c...
compiling Smpl_Start_Kit.c...
creating preprocessor file for LCD_Driver.c...
compiling LCD_Driver.c...
creating preprocessor file for Ascii_Table.C...
compiling Ascii_Table.C...
creating preprocessor file for Seven_Segment.c...
compiling Seven_Segment.c...
creating preprocessor file for ScanKey.c...
compiling ScanKey.c...
creating preprocessor file for EEPROM_24LC64.c...
compiling EEPROM_24LC64.c...
creating preprocessor file for DrvI2C.c...
compiling DrvI2C.c...
creating preprocessor file for DrvSPI.c...
compiling DrvSPI.c...
creating preprocessor file for DrvSYS.c...
compiling DrvSYS.c...
creating preprocessor file for DrvUART.c...
compiling DrvUART.c...
creating preprocessor file for DrvGPIO.c...
compiling DrvGPIO.c...
creating preprocessor file for retarget.c...
compiling retarget.c...
linking...
Program Size: Code=4312 RO-data=264 RW-data=1572 ZI-data=1236  
User command #1: fromelf --bin ".\obj\Smpl_Start_Kit.axf" --output ".\obj\Smpl_Start_Kit.bin"
User command #2: fromelf --text -c ".\obj\Smpl_Start_Kit.axf" --output ".\obj\Smpl_Start_Kit.txt"
".\obj\Smpl_Start_Kit.axf" - 0 Error(s), 0 Warning(s).
Rebuild target 'Smpl_Start_Kit'
creating preprocessor file for core_cm0.c...
compiling core_cm0.c...
creating preprocessor file for system_NUC1xx.c...
compiling system_NUC1xx.c...
assembling startup_NUC1xx.s...
creating preprocessor file for Smpl_Start_Kit.c...
compiling Smpl_Start_Kit.c...
Smpl_Start_Kit.c(152): warning:  #223-D: function "InitADC_BTW_500_700" declared implicitly
creating preprocessor file for LCD_Driver.c...
compiling LCD_Driver.c...
creating preprocessor file for Ascii_Table.C...
compiling Ascii_Table.C...
creating preprocessor file for Seven_Segment.c...
compiling Seven_Segment.c...
creating preprocessor file for ScanKey.c...
compiling ScanKey.c...
creating preprocessor file for EEPROM_24LC64.c...
compiling EEPROM_24LC64.c...
creating preprocessor file for DrvI2C.c...
compiling DrvI2C.c...
creating preprocessor file for DrvSPI.c...
compiling DrvSPI.c...
creating preprocessor file for DrvSYS.c...
compiling DrvSYS.c...
creating preprocessor file for DrvUART.c...
compiling DrvUART.c...
creating preprocessor file for DrvGPIO.c...
compiling DrvGPIO.c...
creating preprocessor file for retarget.c...
compiling retarget.c...
linking...
.\obj\Smpl_Start_Kit.axf: Error: L6218E: Undefined symbol InitADC_BTW_500_700 (referred from smpl_start_kit.o).
Target not created
Rebuild target 'Smpl_Start_Kit'
creating preprocessor file for core_cm0.c...
compiling core_cm0.c...
creating preprocessor file for system_NUC1xx.c...
compiling system_NUC1xx.c...
assembling startup_NUC1xx.s...
creating preprocessor file for Smpl_Start_Kit.c...
compiling Smpl_Start_Kit.c...
creating preprocessor file for LCD_Driver.c...
compiling LCD_Driver.c...
creating preprocessor file for Ascii_Table.C...
compiling Ascii_Table.C...
creating preprocessor file for Seven_Segment.c...
compiling Seven_Segment.c...
creating preprocessor file for ScanKey.c...
compiling ScanKey.c...
creating preprocessor file for EEPROM_24LC64.c...
compiling EEPROM_24LC64.c...
creating preprocessor file for DrvI2C.c...
compiling DrvI2C.c...
creating preprocessor file for DrvSPI.c...
compiling DrvSPI.c...
creating preprocessor file for DrvSYS.c...
compiling DrvSYS.c...
creating preprocessor file for DrvUART.c...
compiling DrvUART.c...
creating preprocessor file for DrvGPIO.c...
compiling DrvGPIO.c...
creating preprocessor file for retarget.c...
compiling retarget.c...
linking...
Program Size: Code=4152 RO-data=264 RW-data=1572 ZI-data=1236  
User command #1: fromelf --bin ".\obj\Smpl_Start_Kit.axf" --output ".\obj\Smpl_Start_Kit.bin"
User command #2: fromelf --text -c ".\obj\Smpl_Start_Kit.axf" --output ".\obj\Smpl_Start_Kit.txt"
".\obj\Smpl_Start_Kit.axf" - 0 Error(s), 0 Warning(s).
Load "C:\\Nuvoton\\BSP Library\\NUC100SeriesBSP_CMSIS_v1.05.003\\NuvotonPlatform_Keil\\Sample\\NUC1xx-LB_002\\01_LabIntroTimer_S2\\obj\\Smpl_Start_Kit.AXF" 
Erase Done.
Load "C:\\Nuvoton\\BSP Library\\NUC100SeriesBSP_CMSIS_v1.05.003\\NuvotonPlatform_Keil\\Sample\\NUC1xx-LB_002\\01_LabIntroTimer_S2\\obj\\Smpl_Start_Kit.AXF" 
Erase Done.
Programming Done.
Verify OK.
Rebuild target 'Smpl_Start_Kit'
creating preprocessor file for core_cm0.c...
compiling core_cm0.c...
creating preprocessor file for system_NUC1xx.c...
compiling system_NUC1xx.c...
assembling startup_NUC1xx.s...
creating preprocessor file for Smpl_Start_Kit.c...
compiling Smpl_Start_Kit.c...
creating preprocessor file for LCD_Driver.c...
compiling LCD_Driver.c...
creating preprocessor file for Ascii_Table.C...
compiling Ascii_Table.C...
creating preprocessor file for Seven_Segment.c...
compiling Seven_Segment.c...
creating preprocessor file for ScanKey.c...
compiling ScanKey.c...
creating preprocessor file for EEPROM_24LC64.c...
compiling EEPROM_24LC64.c...
creating preprocessor file for DrvI2C.c...
compiling DrvI2C.c...
creating preprocessor file for DrvSPI.c...
compiling DrvSPI.c...
creating preprocessor file for DrvSYS.c...
compiling DrvSYS.c...
creating preprocessor file for DrvUART.c...
compiling DrvUART.c...
creating preprocessor file for DrvGPIO.c...
compiling DrvGPIO.c...
creating preprocessor file for retarget.c...
compiling retarget.c...
linking...
Program Size: Code=4224 RO-data=264 RW-data=1572 ZI-data=1236  
User command #1: fromelf --bin ".\obj\Smpl_Start_Kit.axf" --output ".\obj\Smpl_Start_Kit.bin"
User command #2: fromelf --text -c ".\obj\Smpl_Start_Kit.axf" --output ".\obj\Smpl_Start_Kit.txt"
".\obj\Smpl_Start_Kit.axf" - 0 Error(s), 0 Warning(s).
Load "C:\\Nuvoton\\BSP Library\\NUC100SeriesBSP_CMSIS_v1.05.003\\NuvotonPlatform_Keil\\Sample\\NUC1xx-LB_002\\01_LabIntroTimer_S2\\obj\\Smpl_Start_Kit.AXF" 
Erase Done.
Programming Done.
Verify OK.
Rebuild target 'Smpl_Start_Kit'
creating preprocessor file for core_cm0.c...
compiling core_cm0.c...
creating preprocessor file for system_NUC1xx.c...
compiling system_NUC1xx.c...
assembling startup_NUC1xx.s...
creating preprocessor file for Smpl_Start_Kit.c...
compiling Smpl_Start_Kit.c...
creating preprocessor file for LCD_Driver.c...
compiling LCD_Driver.c...
creating preprocessor file for Ascii_Table.C...
compiling Ascii_Table.C...
creating preprocessor file for Seven_Segment.c...
compiling Seven_Segment.c...
creating preprocessor file for ScanKey.c...
compiling ScanKey.c...
creating preprocessor file for EEPROM_24LC64.c...
compiling EEPROM_24LC64.c...
creating preprocessor file for DrvI2C.c...
compiling DrvI2C.c...
creating preprocessor file for DrvSPI.c...
compiling DrvSPI.c...
creating preprocessor file for DrvSYS.c...
compiling DrvSYS.c...
creating preprocessor file for DrvUART.c...
compiling DrvUART.c...
creating preprocessor file for DrvGPIO.c...
compiling DrvGPIO.c...
creating preprocessor file for retarget.c...
compiling retarget.c...
linking...
Program Size: Code=3832 RO-data=264 RW-data=1572 ZI-data=1236  
User command #1: fromelf --bin ".\obj\Smpl_Start_Kit.axf" --output ".\obj\Smpl_Start_Kit.bin"
User command #2: fromelf --text -c ".\obj\Smpl_Start_Kit.axf" --output ".\obj\Smpl_Start_Kit.txt"
".\obj\Smpl_Start_Kit.axf" - 0 Error(s), 0 Warning(s).
Load "C:\\Nuvoton\\BSP Library\\NUC100SeriesBSP_CMSIS_v1.05.003\\NuvotonPlatform_Keil\\Sample\\NUC1xx-LB_002\\01_LabIntroTimer_S2\\obj\\Smpl_Start_Kit.AXF" 
Erase Done.
Programming Done.
Verify OK.
Rebuild target 'Smpl_Start_Kit'
creating preprocessor file for core_cm0.c...
compiling core_cm0.c...
creating preprocessor file for system_NUC1xx.c...
compiling system_NUC1xx.c...
assembling startup_NUC1xx.s...
creating preprocessor file for Smpl_Start_Kit.c...
compiling Smpl_Start_Kit.c...
creating preprocessor file for LCD_Driver.c...
compiling LCD_Driver.c...
creating preprocessor file for Ascii_Table.C...
compiling Ascii_Table.C...
creating preprocessor file for Seven_Segment.c...
compiling Seven_Segment.c...
creating preprocessor file for ScanKey.c...
compiling ScanKey.c...
creating preprocessor file for EEPROM_24LC64.c...
compiling EEPROM_24LC64.c...
creating preprocessor file for DrvI2C.c...
compiling DrvI2C.c...
creating preprocessor file for DrvSPI.c...
compiling DrvSPI.c...
creating preprocessor file for DrvSYS.c...
compiling DrvSYS.c...
creating preprocessor file for DrvUART.c...
compiling DrvUART.c...
creating preprocessor file for DrvGPIO.c...
compiling DrvGPIO.c...
creating preprocessor file for retarget.c...
compiling retarget.c...
linking...
Program Size: Code=3820 RO-data=264 RW-data=1572 ZI-data=1236  
User command #1: fromelf --bin ".\obj\Smpl_Start_Kit.axf" --output ".\obj\Smpl_Start_Kit.bin"
User command #2: fromelf --text -c ".\obj\Smpl_Start_Kit.axf" --output ".\obj\Smpl_Start_Kit.txt"
".\obj\Smpl_Start_Kit.axf" - 0 Error(s), 0 Warning(s).
Load "C:\\Nuvoton\\BSP Library\\NUC100SeriesBSP_CMSIS_v1.05.003\\NuvotonPlatform_Keil\\Sample\\NUC1xx-LB_002\\01_LabIntroTimer_S2\\obj\\Smpl_Start_Kit.AXF" 
Erase Done.
Programming Done.
Verify OK.
Rebuild target 'Smpl_Start_Kit'
creating preprocessor file for core_cm0.c...
compiling core_cm0.c...
creating preprocessor file for system_NUC1xx.c...
compiling system_NUC1xx.c...
assembling startup_NUC1xx.s...
creating preprocessor file for Smpl_Start_Kit.c...
compiling Smpl_Start_Kit.c...
creating preprocessor file for LCD_Driver.c...
compiling LCD_Driver.c...
creating preprocessor file for Ascii_Table.C...
compiling Ascii_Table.C...
creating preprocessor file for Seven_Segment.c...
compiling Seven_Segment.c...
creating preprocessor file for ScanKey.c...
compiling ScanKey.c...
creating preprocessor file for EEPROM_24LC64.c...
compiling EEPROM_24LC64.c...
creating preprocessor file for DrvI2C.c...
compiling DrvI2C.c...
creating preprocessor file for DrvSPI.c...
compiling DrvSPI.c...
creating preprocessor file for DrvSYS.c...
compiling DrvSYS.c...
creating preprocessor file for DrvUART.c...
compiling DrvUART.c...
creating preprocessor file for DrvGPIO.c...
compiling DrvGPIO.c...
creating preprocessor file for retarget.c...
compiling retarget.c...
linking...
Program Size: Code=4068 RO-data=264 RW-data=1572 ZI-data=1236  
User command #1: fromelf --bin ".\obj\Smpl_Start_Kit.axf" --output ".\obj\Smpl_Start_Kit.bin"
User command #2: fromelf --text -c ".\obj\Smpl_Start_Kit.axf" --output ".\obj\Smpl_Start_Kit.txt"
".\obj\Smpl_Start_Kit.axf" - 0 Error(s), 0 Warning(s).
Load "C:\\Nuvoton\\BSP Library\\NUC100SeriesBSP_CMSIS_v1.05.003\\NuvotonPlatform_Keil\\Sample\\NUC1xx-LB_002\\01_LabIntroTimer_S2\\obj\\Smpl_Start_Kit.AXF" 
Erase Done.
Programming Done.
Verify OK.
Rebuild target 'Smpl_Start_Kit'
creating preprocessor file for core_cm0.c...
compiling core_cm0.c...
creating preprocessor file for system_NUC1xx.c...
compiling system_NUC1xx.c...
assembling startup_NUC1xx.s...
creating preprocessor file for Smpl_Start_Kit.c...
compiling Smpl_Start_Kit.c...
creating preprocessor file for LCD_Driver.c...
compiling LCD_Driver.c...
creating preprocessor file for Ascii_Table.C...
compiling Ascii_Table.C...
creating preprocessor file for Seven_Segment.c...
compiling Seven_Segment.c...
creating preprocessor file for ScanKey.c...
compiling ScanKey.c...
creating preprocessor file for EEPROM_24LC64.c...
compiling EEPROM_24LC64.c...
creating preprocessor file for DrvI2C.c...
compiling DrvI2C.c...
creating preprocessor file for DrvSPI.c...
compiling DrvSPI.c...
creating preprocessor file for DrvSYS.c...
compiling DrvSYS.c...
creating preprocessor file for DrvUART.c...
compiling DrvUART.c...
creating preprocessor file for DrvGPIO.c...
compiling DrvGPIO.c...
creating preprocessor file for retarget.c...
compiling retarget.c...
linking...
Program Size: Code=3992 RO-data=264 RW-data=1572 ZI-data=1236  
User command #1: fromelf --bin ".\obj\Smpl_Start_Kit.axf" --output ".\obj\Smpl_Start_Kit.bin"
User command #2: fromelf --text -c ".\obj\Smpl_Start_Kit.axf" --output ".\obj\Smpl_Start_Kit.txt"
".\obj\Smpl_Start_Kit.axf" - 0 Error(s), 0 Warning(s).
Load "C:\\Nuvoton\\BSP Library\\NUC100SeriesBSP_CMSIS_v1.05.003\\NuvotonPlatform_Keil\\Sample\\NUC1xx-LB_002\\01_LabIntroTimer_S2\\obj\\Smpl_Start_Kit.AXF" 
Erase Done.
Programming Done.
Verify OK.
Rebuild target 'Smpl_Start_Kit'
creating preprocessor file for core_cm0.c...
compiling core_cm0.c...
creating preprocessor file for system_NUC1xx.c...
compiling system_NUC1xx.c...
assembling startup_NUC1xx.s...
creating preprocessor file for Smpl_Start_Kit.c...
compiling Smpl_Start_Kit.c...
creating preprocessor file for LCD_Driver.c...
compiling LCD_Driver.c...
creating preprocessor file for Ascii_Table.C...
compiling Ascii_Table.C...
creating preprocessor file for Seven_Segment.c...
compiling Seven_Segment.c...
creating preprocessor file for ScanKey.c...
compiling ScanKey.c...
creating preprocessor file for EEPROM_24LC64.c...
compiling EEPROM_24LC64.c...
creating preprocessor file for DrvI2C.c...
compiling DrvI2C.c...
creating preprocessor file for DrvSPI.c...
compiling DrvSPI.c...
creating preprocessor file for DrvSYS.c...
compiling DrvSYS.c...
creating preprocessor file for DrvUART.c...
compiling DrvUART.c...
creating preprocessor file for DrvGPIO.c...
compiling DrvGPIO.c...
creating preprocessor file for retarget.c...
compiling retarget.c...
linking...
Program Size: Code=3992 RO-data=264 RW-data=1572 ZI-data=1236  
User command #1: fromelf --bin ".\obj\Smpl_Start_Kit.axf" --output ".\obj\Smpl_Start_Kit.bin"
User command #2: fromelf --text -c ".\obj\Smpl_Start_Kit.axf" --output ".\obj\Smpl_Start_Kit.txt"
".\obj\Smpl_Start_Kit.axf" - 0 Error(s), 0 Warning(s).
Load "C:\\Nuvoton\\BSP Library\\NUC100SeriesBSP_CMSIS_v1.05.003\\NuvotonPlatform_Keil\\Sample\\NUC1xx-LB_002\\01_LabIntroTimer_S2\\obj\\Smpl_Start_Kit.AXF" 
Erase Done.
Programming Done.
Verify OK.
Rebuild target 'Smpl_Start_Kit'
creating preprocessor file for core_cm0.c...
compiling core_cm0.c...
creating preprocessor file for system_NUC1xx.c...
compiling system_NUC1xx.c...
assembling startup_NUC1xx.s...
creating preprocessor file for Smpl_Start_Kit.c...
compiling Smpl_Start_Kit.c...
creating preprocessor file for LCD_Driver.c...
compiling LCD_Driver.c...
creating preprocessor file for Ascii_Table.C...
compiling Ascii_Table.C...
creating preprocessor file for Seven_Segment.c...
compiling Seven_Segment.c...
creating preprocessor file for ScanKey.c...
compiling ScanKey.c...
creating preprocessor file for EEPROM_24LC64.c...
compiling EEPROM_24LC64.c...
creating preprocessor file for DrvI2C.c...
compiling DrvI2C.c...
creating preprocessor file for DrvSPI.c...
compiling DrvSPI.c...
creating preprocessor file for DrvSYS.c...
compiling DrvSYS.c...
creating preprocessor file for DrvUART.c...
compiling DrvUART.c...
creating preprocessor file for DrvGPIO.c...
compiling DrvGPIO.c...
creating preprocessor file for retarget.c...
compiling retarget.c...
linking...
Program Size: Code=3984 RO-data=264 RW-data=1572 ZI-data=1236  
User command #1: fromelf --bin ".\obj\Smpl_Start_Kit.axf" --output ".\obj\Smpl_Start_Kit.bin"
User command #2: fromelf --text -c ".\obj\Smpl_Start_Kit.axf" --output ".\obj\Smpl_Start_Kit.txt"
".\obj\Smpl_Start_Kit.axf" - 0 Error(s), 0 Warning(s).
Load "C:\\Nuvoton\\BSP Library\\NUC100SeriesBSP_CMSIS_v1.05.003\\NuvotonPlatform_Keil\\Sample\\NUC1xx-LB_002\\01_LabIntroTimer_S2\\obj\\Smpl_Start_Kit.AXF" 
Erase Done.
Programming Done.
Verify OK.
Rebuild target 'Smpl_Start_Kit'
creating preprocessor file for core_cm0.c...
compiling core_cm0.c...
creating preprocessor file for system_NUC1xx.c...
compiling system_NUC1xx.c...
assembling startup_NUC1xx.s...
creating preprocessor file for Smpl_Start_Kit.c...
compiling Smpl_Start_Kit.c...
Smpl_Start_Kit.c(58): warning:  #223-D: function "close_seven_segment" declared implicitly
Smpl_Start_Kit.c(60): error:  #20: identifier "scanDelay" is undefined
creating preprocessor file for LCD_Driver.c...
compiling LCD_Driver.c...
creating preprocessor file for Ascii_Table.C...
compiling Ascii_Table.C...
creating preprocessor file for Seven_Segment.c...
compiling Seven_Segment.c...
creating preprocessor file for ScanKey.c...
compiling ScanKey.c...
creating preprocessor file for EEPROM_24LC64.c...
compiling EEPROM_24LC64.c...
creating preprocessor file for DrvI2C.c...
compiling DrvI2C.c...
creating preprocessor file for DrvSPI.c...
compiling DrvSPI.c...
creating preprocessor file for DrvSYS.c...
compiling DrvSYS.c...
creating preprocessor file for DrvUART.c...
compiling DrvUART.c...
creating preprocessor file for DrvGPIO.c...
compiling DrvGPIO.c...
creating preprocessor file for retarget.c...
compiling retarget.c...
Target not created
Rebuild target 'Smpl_Start_Kit'
creating preprocessor file for core_cm0.c...
compiling core_cm0.c...
creating preprocessor file for system_NUC1xx.c...
compiling system_NUC1xx.c...
assembling startup_NUC1xx.s...
creating preprocessor file for Smpl_Start_Kit.c...
compiling Smpl_Start_Kit.c...
Smpl_Start_Kit.c(58): warning:  #223-D: function "close_seven_segment_Hex" declared implicitly
Smpl_Start_Kit.c(60): error:  #20: identifier "scanDelay" is undefined
creating preprocessor file for LCD_Driver.c...
compiling LCD_Driver.c...
creating preprocessor file for Ascii_Table.C...
compiling Ascii_Table.C...
creating preprocessor file for Seven_Segment.c...
compiling Seven_Segment.c...
creating preprocessor file for ScanKey.c...
compiling ScanKey.c...
creating preprocessor file for EEPROM_24LC64.c...
compiling EEPROM_24LC64.c...
creating preprocessor file for DrvI2C.c...
compiling DrvI2C.c...
creating preprocessor file for DrvSPI.c...
compiling DrvSPI.c...
creating preprocessor file for DrvSYS.c...
compiling DrvSYS.c...
creating preprocessor file for DrvUART.c...
compiling DrvUART.c...
creating preprocessor file for DrvGPIO.c...
compiling DrvGPIO.c...
creating preprocessor file for retarget.c...
compiling retarget.c...
Target not created
Rebuild target 'Smpl_Start_Kit'
creating preprocessor file for core_cm0.c...
compiling core_cm0.c...
creating preprocessor file for system_NUC1xx.c...
compiling system_NUC1xx.c...
assembling startup_NUC1xx.s...
creating preprocessor file for Smpl_Start_Kit.c...
compiling Smpl_Start_Kit.c...
Smpl_Start_Kit.c(58): warning:  #223-D: function "close_seven_segment" declared implicitly
Smpl_Start_Kit.c(59): warning:  #223-D: function "show_seven_segment" declared implicitly
Smpl_Start_Kit.c(60): error:  #20: identifier "scanDelay" is undefined
creating preprocessor file for LCD_Driver.c...
compiling LCD_Driver.c...
creating preprocessor file for Ascii_Table.C...
compiling Ascii_Table.C...
creating preprocessor file for Seven_Segment.c...
compiling Seven_Segment.c...
creating preprocessor file for ScanKey.c...
compiling ScanKey.c...
creating preprocessor file for EEPROM_24LC64.c...
compiling EEPROM_24LC64.c...
creating preprocessor file for DrvI2C.c...
compiling DrvI2C.c...
creating preprocessor file for DrvSPI.c...
compiling DrvSPI.c...
creating preprocessor file for DrvSYS.c...
compiling DrvSYS.c...
creating preprocessor file for DrvUART.c...
compiling DrvUART.c...
creating preprocessor file for DrvGPIO.c...
compiling DrvGPIO.c...
creating preprocessor file for retarget.c...
compiling retarget.c...
Target not created
Rebuild target 'Smpl_Start_Kit'
creating preprocessor file for core_cm0.c...
compiling core_cm0.c...
creating preprocessor file for system_NUC1xx.c...
compiling system_NUC1xx.c...
assembling startup_NUC1xx.s...
creating preprocessor file for Smpl_Start_Kit.c...
compiling Smpl_Start_Kit.c...
Smpl_Start_Kit.c(61): error:  #20: identifier "scanDelay" is undefined
creating preprocessor file for LCD_Driver.c...
compiling LCD_Driver.c...
creating preprocessor file for Ascii_Table.C...
compiling Ascii_Table.C...
creating preprocessor file for Seven_Segment.c...
compiling Seven_Segment.c...
creating preprocessor file for ScanKey.c...
compiling ScanKey.c...
creating preprocessor file for EEPROM_24LC64.c...
compiling EEPROM_24LC64.c...
creating preprocessor file for DrvI2C.c...
compiling DrvI2C.c...
creating preprocessor file for DrvSPI.c...
compiling DrvSPI.c...
creating preprocessor file for DrvSYS.c...
compiling DrvSYS.c...
creating preprocessor file for DrvUART.c...
compiling DrvUART.c...
creating preprocessor file for DrvGPIO.c...
compiling DrvGPIO.c...
creating preprocessor file for retarget.c...
compiling retarget.c...
Target not created
Rebuild target 'Smpl_Start_Kit'
creating preprocessor file for core_cm0.c...
compiling core_cm0.c...
creating preprocessor file for system_NUC1xx.c...
compiling system_NUC1xx.c...
assembling startup_NUC1xx.s...
creating preprocessor file for Smpl_Start_Kit.c...
compiling Smpl_Start_Kit.c...
creating preprocessor file for LCD_Driver.c...
compiling LCD_Driver.c...
creating preprocessor file for Ascii_Table.C...
compiling Ascii_Table.C...
creating preprocessor file for Seven_Segment.c...
compiling Seven_Segment.c...
creating preprocessor file for ScanKey.c...
compiling ScanKey.c...
creating preprocessor file for EEPROM_24LC64.c...
compiling EEPROM_24LC64.c...
creating preprocessor file for DrvI2C.c...
compiling DrvI2C.c...
creating preprocessor file for DrvSPI.c...
compiling DrvSPI.c...
creating preprocessor file for DrvSYS.c...
compiling DrvSYS.c...
creating preprocessor file for DrvUART.c...
compiling DrvUART.c...
creating preprocessor file for DrvGPIO.c...
compiling DrvGPIO.c...
creating preprocessor file for retarget.c...
compiling retarget.c...
linking...
Program Size: Code=3984 RO-data=264 RW-data=1572 ZI-data=1236  
User command #1: fromelf --bin ".\obj\Smpl_Start_Kit.axf" --output ".\obj\Smpl_Start_Kit.bin"
User command #2: fromelf --text -c ".\obj\Smpl_Start_Kit.axf" --output ".\obj\Smpl_Start_Kit.txt"
".\obj\Smpl_Start_Kit.axf" - 0 Error(s), 0 Warning(s).
Rebuild target 'Smpl_Start_Kit'
creating preprocessor file for core_cm0.c...
compiling core_cm0.c...
creating preprocessor file for system_NUC1xx.c...
compiling system_NUC1xx.c...
assembling startup_NUC1xx.s...
creating preprocessor file for Smpl_Start_Kit.c...
compiling Smpl_Start_Kit.c...
creating preprocessor file for LCD_Driver.c...
compiling LCD_Driver.c...
creating preprocessor file for Ascii_Table.C...
compiling Ascii_Table.C...
creating preprocessor file for Seven_Segment.c...
compiling Seven_Segment.c...
creating preprocessor file for ScanKey.c...
compiling ScanKey.c...
creating preprocessor file for EEPROM_24LC64.c...
compiling EEPROM_24LC64.c...
creating preprocessor file for DrvI2C.c...
compiling DrvI2C.c...
creating preprocessor file for DrvSPI.c...
compiling DrvSPI.c...
creating preprocessor file for DrvSYS.c...
compiling DrvSYS.c...
creating preprocessor file for DrvUART.c...
compiling DrvUART.c...
creating preprocessor file for DrvGPIO.c...
compiling DrvGPIO.c...
creating preprocessor file for retarget.c...
compiling retarget.c...
linking...
Program Size: Code=3984 RO-data=264 RW-data=1572 ZI-data=1236  
User command #1: fromelf --bin ".\obj\Smpl_Start_Kit.axf" --output ".\obj\Smpl_Start_Kit.bin"
User command #2: fromelf --text -c ".\obj\Smpl_Start_Kit.axf" --output ".\obj\Smpl_Start_Kit.txt"
".\obj\Smpl_Start_Kit.axf" - 0 Error(s), 0 Warning(s).
Rebuild target 'Smpl_Start_Kit'
creating preprocessor file for core_cm0.c...
compiling core_cm0.c...
creating preprocessor file for system_NUC1xx.c...
compiling system_NUC1xx.c...
assembling startup_NUC1xx.s...
creating preprocessor file for Smpl_Start_Kit.c...
compiling Smpl_Start_Kit.c...
creating preprocessor file for LCD_Driver.c...
compiling LCD_Driver.c...
creating preprocessor file for Ascii_Table.C...
compiling Ascii_Table.C...
creating preprocessor file for Seven_Segment.c...
compiling Seven_Segment.c...
creating preprocessor file for ScanKey.c...
compiling ScanKey.c...
creating preprocessor file for EEPROM_24LC64.c...
compiling EEPROM_24LC64.c...
creating preprocessor file for DrvI2C.c...
compiling DrvI2C.c...
creating preprocessor file for DrvSPI.c...
compiling DrvSPI.c...
creating preprocessor file for DrvSYS.c...
compiling DrvSYS.c...
creating preprocessor file for DrvUART.c...
compiling DrvUART.c...
creating preprocessor file for DrvGPIO.c...
compiling DrvGPIO.c...
creating preprocessor file for retarget.c...
compiling retarget.c...
linking...
Program Size: Code=4352 RO-data=264 RW-data=1628 ZI-data=1236  
User command #1: fromelf --bin ".\obj\Smpl_Start_Kit.axf" --output ".\obj\Smpl_Start_Kit.bin"
User command #2: fromelf --text -c ".\obj\Smpl_Start_Kit.axf" --output ".\obj\Smpl_Start_Kit.txt"
".\obj\Smpl_Start_Kit.axf" - 0 Error(s), 0 Warning(s).
Rebuild target 'Smpl_Start_Kit'
creating preprocessor file for core_cm0.c...
compiling core_cm0.c...
creating preprocessor file for system_NUC1xx.c...
compiling system_NUC1xx.c...
assembling startup_NUC1xx.s...
creating preprocessor file for Smpl_Start_Kit.c...
compiling Smpl_Start_Kit.c...
creating preprocessor file for LCD_Driver.c...
compiling LCD_Driver.c...
creating preprocessor file for Ascii_Table.C...
compiling Ascii_Table.C...
creating preprocessor file for Seven_Segment.c...
compiling Seven_Segment.c...
creating preprocessor file for ScanKey.c...
compiling ScanKey.c...
creating preprocessor file for EEPROM_24LC64.c...
compiling EEPROM_24LC64.c...
creating preprocessor file for DrvI2C.c...
compiling DrvI2C.c...
creating preprocessor file for DrvSPI.c...
compiling DrvSPI.c...
creating preprocessor file for DrvSYS.c...
compiling DrvSYS.c...
creating preprocessor file for DrvUART.c...
compiling DrvUART.c...
creating preprocessor file for DrvGPIO.c...
compiling DrvGPIO.c...
creating preprocessor file for retarget.c...
compiling retarget.c...
linking...
Program Size: Code=4388 RO-data=264 RW-data=1628 ZI-data=1236  
User command #1: fromelf --bin ".\obj\Smpl_Start_Kit.axf" --output ".\obj\Smpl_Start_Kit.bin"
User command #2: fromelf --text -c ".\obj\Smpl_Start_Kit.axf" --output ".\obj\Smpl_Start_Kit.txt"
".\obj\Smpl_Start_Kit.axf" - 0 Error(s), 0 Warning(s).
Rebuild target 'Smpl_Start_Kit'
creating preprocessor file for core_cm0.c...
compiling core_cm0.c...
creating preprocessor file for system_NUC1xx.c...
compiling system_NUC1xx.c...
assembling startup_NUC1xx.s...
creating preprocessor file for Smpl_Start_Kit.c...
compiling Smpl_Start_Kit.c...
creating preprocessor file for LCD_Driver.c...
compiling LCD_Driver.c...
creating preprocessor file for Ascii_Table.C...
compiling Ascii_Table.C...
creating preprocessor file for Seven_Segment.c...
compiling Seven_Segment.c...
creating preprocessor file for ScanKey.c...
compiling ScanKey.c...
creating preprocessor file for EEPROM_24LC64.c...
compiling EEPROM_24LC64.c...
creating preprocessor file for DrvI2C.c...
compiling DrvI2C.c...
creating preprocessor file for DrvSPI.c...
compiling DrvSPI.c...
creating preprocessor file for DrvSYS.c...
compiling DrvSYS.c...
creating preprocessor file for DrvUART.c...
compiling DrvUART.c...
creating preprocessor file for DrvGPIO.c...
compiling DrvGPIO.c...
creating preprocessor file for retarget.c...
compiling retarget.c...
linking...
Program Size: Code=4436 RO-data=264 RW-data=1628 ZI-data=1236  
User command #1: fromelf --bin ".\obj\Smpl_Start_Kit.axf" --output ".\obj\Smpl_Start_Kit.bin"
User command #2: fromelf --text -c ".\obj\Smpl_Start_Kit.axf" --output ".\obj\Smpl_Start_Kit.txt"
".\obj\Smpl_Start_Kit.axf" - 0 Error(s), 0 Warning(s).
Load "C:\\Nuvoton\\BSP Library\\NUC100SeriesBSP_CMSIS_v1.05.003\\NuvotonPlatform_Keil\\Sample\\NUC1xx-LB_002\\01_LabIntroTimer_S2\\obj\\Smpl_Start_Kit.AXF" 
Erase Done.
Programming Done.
Verify OK.
Rebuild target 'Smpl_Start_Kit'
creating preprocessor file for core_cm0.c...
compiling core_cm0.c...
creating preprocessor file for system_NUC1xx.c...
compiling system_NUC1xx.c...
assembling startup_NUC1xx.s...
creating preprocessor file for Smpl_Start_Kit.c...
compiling Smpl_Start_Kit.c...
creating preprocessor file for LCD_Driver.c...
compiling LCD_Driver.c...
creating preprocessor file for Ascii_Table.C...
compiling Ascii_Table.C...
creating preprocessor file for Seven_Segment.c...
compiling Seven_Segment.c...
creating preprocessor file for ScanKey.c...
compiling ScanKey.c...
creating preprocessor file for EEPROM_24LC64.c...
compiling EEPROM_24LC64.c...
creating preprocessor file for DrvI2C.c...
compiling DrvI2C.c...
creating preprocessor file for DrvSPI.c...
compiling DrvSPI.c...
creating preprocessor file for DrvSYS.c...
compiling DrvSYS.c...
creating preprocessor file for DrvUART.c...
compiling DrvUART.c...
creating preprocessor file for DrvGPIO.c...
compiling DrvGPIO.c...
creating preprocessor file for retarget.c...
compiling retarget.c...
linking...
Program Size: Code=4436 RO-data=264 RW-data=1628 ZI-data=1236  
User command #1: fromelf --bin ".\obj\Smpl_Start_Kit.axf" --output ".\obj\Smpl_Start_Kit.bin"
User command #2: fromelf --text -c ".\obj\Smpl_Start_Kit.axf" --output ".\obj\Smpl_Start_Kit.txt"
".\obj\Smpl_Start_Kit.axf" - 0 Error(s), 0 Warning(s).
Load "C:\\Nuvoton\\BSP Library\\NUC100SeriesBSP_CMSIS_v1.05.003\\NuvotonPlatform_Keil\\Sample\\NUC1xx-LB_002\\01_LabIntroTimer_S2\\obj\\Smpl_Start_Kit.AXF" 
Erase Done.
Programming Done.
Verify OK.
Rebuild target 'Smpl_Start_Kit'
creating preprocessor file for core_cm0.c...
compiling core_cm0.c...
creating preprocessor file for system_NUC1xx.c...
compiling system_NUC1xx.c...
assembling startup_NUC1xx.s...
creating preprocessor file for Smpl_Start_Kit.c...
compiling Smpl_Start_Kit.c...
creating preprocessor file for LCD_Driver.c...
compiling LCD_Driver.c...
creating preprocessor file for Ascii_Table.C...
compiling Ascii_Table.C...
creating preprocessor file for Seven_Segment.c...
compiling Seven_Segment.c...
creating preprocessor file for ScanKey.c...
compiling ScanKey.c...
creating preprocessor file for EEPROM_24LC64.c...
compiling EEPROM_24LC64.c...
creating preprocessor file for DrvI2C.c...
compiling DrvI2C.c...
creating preprocessor file for DrvSPI.c...
compiling DrvSPI.c...
creating preprocessor file for DrvSYS.c...
compiling DrvSYS.c...
creating preprocessor file for DrvUART.c...
compiling DrvUART.c...
creating preprocessor file for DrvGPIO.c...
compiling DrvGPIO.c...
creating preprocessor file for retarget.c...
compiling retarget.c...
linking...
Program Size: Code=4388 RO-data=264 RW-data=1616 ZI-data=1232  
User command #1: fromelf --bin ".\obj\Smpl_Start_Kit.axf" --output ".\obj\Smpl_Start_Kit.bin"
User command #2: fromelf --text -c ".\obj\Smpl_Start_Kit.axf" --output ".\obj\Smpl_Start_Kit.txt"
".\obj\Smpl_Start_Kit.axf" - 0 Error(s), 0 Warning(s).
Load "C:\\Nuvoton\\BSP Library\\NUC100SeriesBSP_CMSIS_v1.05.003\\NuvotonPlatform_Keil\\Sample\\NUC1xx-LB_002\\01_LabIntroTimer_S2\\obj\\Smpl_Start_Kit.AXF" 
Erase Done.
Programming Done.
Verify OK.
Rebuild target 'Smpl_Start_Kit'
creating preprocessor file for core_cm0.c...
compiling core_cm0.c...
creating preprocessor file for system_NUC1xx.c...
compiling system_NUC1xx.c...
assembling startup_NUC1xx.s...
creating preprocessor file for Smpl_Start_Kit.c...
compiling Smpl_Start_Kit.c...
creating preprocessor file for LCD_Driver.c...
compiling LCD_Driver.c...
creating preprocessor file for Ascii_Table.C...
compiling Ascii_Table.C...
creating preprocessor file for Seven_Segment.c...
compiling Seven_Segment.c...
creating preprocessor file for ScanKey.c...
compiling ScanKey.c...
creating preprocessor file for EEPROM_24LC64.c...
compiling EEPROM_24LC64.c...
creating preprocessor file for DrvI2C.c...
compiling DrvI2C.c...
creating preprocessor file for DrvSPI.c...
compiling DrvSPI.c...
creating preprocessor file for DrvSYS.c...
compiling DrvSYS.c...
creating preprocessor file for DrvUART.c...
compiling DrvUART.c...
creating preprocessor file for DrvGPIO.c...
compiling DrvGPIO.c...
creating preprocessor file for retarget.c...
compiling retarget.c...
linking...
Program Size: Code=4400 RO-data=264 RW-data=1616 ZI-data=1232  
User command #1: fromelf --bin ".\obj\Smpl_Start_Kit.axf" --output ".\obj\Smpl_Start_Kit.bin"
User command #2: fromelf --text -c ".\obj\Smpl_Start_Kit.axf" --output ".\obj\Smpl_Start_Kit.txt"
".\obj\Smpl_Start_Kit.axf" - 0 Error(s), 0 Warning(s).
Load "C:\\Nuvoton\\BSP Library\\NUC100SeriesBSP_CMSIS_v1.05.003\\NuvotonPlatform_Keil\\Sample\\NUC1xx-LB_002\\01_LabIntroTimer_S2\\obj\\Smpl_Start_Kit.AXF" 
Erase Done.
Programming Done.
Verify OK.
Rebuild target 'Smpl_Start_Kit'
creating preprocessor file for core_cm0.c...
compiling core_cm0.c...
creating preprocessor file for system_NUC1xx.c...
compiling system_NUC1xx.c...
assembling startup_NUC1xx.s...
creating preprocessor file for Smpl_Start_Kit.c...
compiling Smpl_Start_Kit.c...
creating preprocessor file for LCD_Driver.c...
compiling LCD_Driver.c...
creating preprocessor file for Ascii_Table.C...
compiling Ascii_Table.C...
creating preprocessor file for Seven_Segment.c...
compiling Seven_Segment.c...
creating preprocessor file for ScanKey.c...
compiling ScanKey.c...
creating preprocessor file for EEPROM_24LC64.c...
compiling EEPROM_24LC64.c...
creating preprocessor file for DrvI2C.c...
compiling DrvI2C.c...
creating preprocessor file for DrvSPI.c...
compiling DrvSPI.c...
creating preprocessor file for DrvSYS.c...
compiling DrvSYS.c...
creating preprocessor file for DrvUART.c...
compiling DrvUART.c...
creating preprocessor file for DrvGPIO.c...
compiling DrvGPIO.c...
creating preprocessor file for retarget.c...
compiling retarget.c...
linking...
Program Size: Code=4404 RO-data=264 RW-data=1616 ZI-data=1232  
User command #1: fromelf --bin ".\obj\Smpl_Start_Kit.axf" --output ".\obj\Smpl_Start_Kit.bin"
User command #2: fromelf --text -c ".\obj\Smpl_Start_Kit.axf" --output ".\obj\Smpl_Start_Kit.txt"
".\obj\Smpl_Start_Kit.axf" - 0 Error(s), 0 Warning(s).
Load "C:\\Nuvoton\\BSP Library\\NUC100SeriesBSP_CMSIS_v1.05.003\\NuvotonPlatform_Keil\\Sample\\NUC1xx-LB_002\\01_LabIntroTimer_S2\\obj\\Smpl_Start_Kit.AXF" 
Erase Done.
Programming Done.
Verify OK.
Rebuild target 'Smpl_Start_Kit'
creating preprocessor file for core_cm0.c...
compiling core_cm0.c...
creating preprocessor file for system_NUC1xx.c...
compiling system_NUC1xx.c...
assembling startup_NUC1xx.s...
creating preprocessor file for Smpl_Start_Kit.c...
compiling Smpl_Start_Kit.c...
creating preprocessor file for LCD_Driver.c...
compiling LCD_Driver.c...
creating preprocessor file for Ascii_Table.C...
compiling Ascii_Table.C...
creating preprocessor file for Seven_Segment.c...
compiling Seven_Segment.c...
creating preprocessor file for ScanKey.c...
compiling ScanKey.c...
creating preprocessor file for EEPROM_24LC64.c...
compiling EEPROM_24LC64.c...
creating preprocessor file for DrvI2C.c...
compiling DrvI2C.c...
creating preprocessor file for DrvSPI.c...
compiling DrvSPI.c...
creating preprocessor file for DrvSYS.c...
compiling DrvSYS.c...
creating preprocessor file for DrvUART.c...
compiling DrvUART.c...
creating preprocessor file for DrvGPIO.c...
compiling DrvGPIO.c...
creating preprocessor file for retarget.c...
compiling retarget.c...
linking...
Program Size: Code=4420 RO-data=264 RW-data=1616 ZI-data=1232  
User command #1: fromelf --bin ".\obj\Smpl_Start_Kit.axf" --output ".\obj\Smpl_Start_Kit.bin"
User command #2: fromelf --text -c ".\obj\Smpl_Start_Kit.axf" --output ".\obj\Smpl_Start_Kit.txt"
".\obj\Smpl_Start_Kit.axf" - 0 Error(s), 0 Warning(s).
Load "C:\\Nuvoton\\BSP Library\\NUC100SeriesBSP_CMSIS_v1.05.003\\NuvotonPlatform_Keil\\Sample\\NUC1xx-LB_002\\01_LabIntroTimer_S2\\obj\\Smpl_Start_Kit.AXF" 
Erase Done.
Programming Done.
Verify OK.
Rebuild target 'Smpl_Start_Kit'
creating preprocessor file for core_cm0.c...
compiling core_cm0.c...
creating preprocessor file for system_NUC1xx.c...
compiling system_NUC1xx.c...
assembling startup_NUC1xx.s...
creating preprocessor file for Smpl_Start_Kit.c...
compiling Smpl_Start_Kit.c...
creating preprocessor file for LCD_Driver.c...
compiling LCD_Driver.c...
creating preprocessor file for Ascii_Table.C...
compiling Ascii_Table.C...
creating preprocessor file for Seven_Segment.c...
compiling Seven_Segment.c...
creating preprocessor file for ScanKey.c...
compiling ScanKey.c...
creating preprocessor file for EEPROM_24LC64.c...
compiling EEPROM_24LC64.c...
creating preprocessor file for DrvI2C.c...
compiling DrvI2C.c...
creating preprocessor file for DrvSPI.c...
compiling DrvSPI.c...
creating preprocessor file for DrvSYS.c...
compiling DrvSYS.c...
creating preprocessor file for DrvUART.c...
compiling DrvUART.c...
creating preprocessor file for DrvGPIO.c...
compiling DrvGPIO.c...
creating preprocessor file for retarget.c...
compiling retarget.c...
linking...
Program Size: Code=4420 RO-data=264 RW-data=1616 ZI-data=1232  
User command #1: fromelf --bin ".\obj\Smpl_Start_Kit.axf" --output ".\obj\Smpl_Start_Kit.bin"
User command #2: fromelf --text -c ".\obj\Smpl_Start_Kit.axf" --output ".\obj\Smpl_Start_Kit.txt"
".\obj\Smpl_Start_Kit.axf" - 0 Error(s), 0 Warning(s).
Load "C:\\Nuvoton\\BSP Library\\NUC100SeriesBSP_CMSIS_v1.05.003\\NuvotonPlatform_Keil\\Sample\\NUC1xx-LB_002\\01_LabIntroTimer_S2\\obj\\Smpl_Start_Kit.AXF" 
Erase Done.
Programming Done.
Verify OK.
Rebuild target 'Smpl_Start_Kit'
creating preprocessor file for core_cm0.c...
compiling core_cm0.c...
creating preprocessor file for system_NUC1xx.c...
compiling system_NUC1xx.c...
assembling startup_NUC1xx.s...
creating preprocessor file for Smpl_Start_Kit.c...
compiling Smpl_Start_Kit.c...
creating preprocessor file for LCD_Driver.c...
compiling LCD_Driver.c...
creating preprocessor file for Ascii_Table.C...
compiling Ascii_Table.C...
creating preprocessor file for Seven_Segment.c...
compiling Seven_Segment.c...
creating preprocessor file for ScanKey.c...
compiling ScanKey.c...
creating preprocessor file for EEPROM_24LC64.c...
compiling EEPROM_24LC64.c...
creating preprocessor file for DrvI2C.c...
compiling DrvI2C.c...
creating preprocessor file for DrvSPI.c...
compiling DrvSPI.c...
creating preprocessor file for DrvSYS.c...
compiling DrvSYS.c...
creating preprocessor file for DrvUART.c...
compiling DrvUART.c...
creating preprocessor file for DrvGPIO.c...
compiling DrvGPIO.c...
creating preprocessor file for retarget.c...
compiling retarget.c...
linking...
Program Size: Code=4468 RO-data=264 RW-data=1616 ZI-data=1232  
User command #1: fromelf --bin ".\obj\Smpl_Start_Kit.axf" --output ".\obj\Smpl_Start_Kit.bin"
User command #2: fromelf --text -c ".\obj\Smpl_Start_Kit.axf" --output ".\obj\Smpl_Start_Kit.txt"
".\obj\Smpl_Start_Kit.axf" - 0 Error(s), 0 Warning(s).
Load "C:\\Nuvoton\\BSP Library\\NUC100SeriesBSP_CMSIS_v1.05.003\\NuvotonPlatform_Keil\\Sample\\NUC1xx-LB_002\\01_LabIntroTimer_S2\\obj\\Smpl_Start_Kit.AXF" 
Erase Done.
Programming Done.
Verify OK.
Rebuild target 'Smpl_Start_Kit'
creating preprocessor file for core_cm0.c...
compiling core_cm0.c...
creating preprocessor file for system_NUC1xx.c...
compiling system_NUC1xx.c...
assembling startup_NUC1xx.s...
creating preprocessor file for Smpl_Start_Kit.c...
compiling Smpl_Start_Kit.c...
creating preprocessor file for LCD_Driver.c...
compiling LCD_Driver.c...
creating preprocessor file for Ascii_Table.C...
compiling Ascii_Table.C...
creating preprocessor file for Seven_Segment.c...
compiling Seven_Segment.c...
creating preprocessor file for ScanKey.c...
compiling ScanKey.c...
creating preprocessor file for EEPROM_24LC64.c...
compiling EEPROM_24LC64.c...
creating preprocessor file for DrvI2C.c...
compiling DrvI2C.c...
creating preprocessor file for DrvSPI.c...
compiling DrvSPI.c...
creating preprocessor file for DrvSYS.c...
compiling DrvSYS.c...
creating preprocessor file for DrvUART.c...
compiling DrvUART.c...
creating preprocessor file for DrvGPIO.c...
compiling DrvGPIO.c...
creating preprocessor file for retarget.c...
compiling retarget.c...
linking...
Program Size: Code=4492 RO-data=264 RW-data=1616 ZI-data=1232  
User command #1: fromelf --bin ".\obj\Smpl_Start_Kit.axf" --output ".\obj\Smpl_Start_Kit.bin"
User command #2: fromelf --text -c ".\obj\Smpl_Start_Kit.axf" --output ".\obj\Smpl_Start_Kit.txt"
".\obj\Smpl_Start_Kit.axf" - 0 Error(s), 0 Warning(s).
Load "C:\\Nuvoton\\BSP Library\\NUC100SeriesBSP_CMSIS_v1.05.003\\NuvotonPlatform_Keil\\Sample\\NUC1xx-LB_002\\01_LabIntroTimer_S2\\obj\\Smpl_Start_Kit.AXF" 
Erase Done.
Programming Done.
Verify OK.
Rebuild target 'Smpl_Start_Kit'
creating preprocessor file for core_cm0.c...
compiling core_cm0.c...
creating preprocessor file for system_NUC1xx.c...
compiling system_NUC1xx.c...
assembling startup_NUC1xx.s...
creating preprocessor file for Smpl_Start_Kit.c...
compiling Smpl_Start_Kit.c...
creating preprocessor file for LCD_Driver.c...
compiling LCD_Driver.c...
creating preprocessor file for Ascii_Table.C...
compiling Ascii_Table.C...
creating preprocessor file for Seven_Segment.c...
compiling Seven_Segment.c...
creating preprocessor file for ScanKey.c...
compiling ScanKey.c...
creating preprocessor file for EEPROM_24LC64.c...
compiling EEPROM_24LC64.c...
creating preprocessor file for DrvI2C.c...
compiling DrvI2C.c...
creating preprocessor file for DrvSPI.c...
compiling DrvSPI.c...
creating preprocessor file for DrvSYS.c...
compiling DrvSYS.c...
creating preprocessor file for DrvUART.c...
compiling DrvUART.c...
creating preprocessor file for DrvGPIO.c...
compiling DrvGPIO.c...
creating preprocessor file for retarget.c...
compiling retarget.c...
linking...
Program Size: Code=4552 RO-data=264 RW-data=1616 ZI-data=1232  
User command #1: fromelf --bin ".\obj\Smpl_Start_Kit.axf" --output ".\obj\Smpl_Start_Kit.bin"
User command #2: fromelf --text -c ".\obj\Smpl_Start_Kit.axf" --output ".\obj\Smpl_Start_Kit.txt"
".\obj\Smpl_Start_Kit.axf" - 0 Error(s), 0 Warning(s).
Load "C:\\Nuvoton\\BSP Library\\NUC100SeriesBSP_CMSIS_v1.05.003\\NuvotonPlatform_Keil\\Sample\\NUC1xx-LB_002\\01_LabIntroTimer_S2\\obj\\Smpl_Start_Kit.AXF" 
Erase Done.
Programming Done.
Verify OK.
Rebuild target 'Smpl_Start_Kit'
creating preprocessor file for core_cm0.c...
compiling core_cm0.c...
creating preprocessor file for system_NUC1xx.c...
compiling system_NUC1xx.c...
assembling startup_NUC1xx.s...
creating preprocessor file for Smpl_Start_Kit.c...
compiling Smpl_Start_Kit.c...
creating preprocessor file for LCD_Driver.c...
compiling LCD_Driver.c...
creating preprocessor file for Ascii_Table.C...
compiling Ascii_Table.C...
creating preprocessor file for Seven_Segment.c...
compiling Seven_Segment.c...
creating preprocessor file for ScanKey.c...
compiling ScanKey.c...
creating preprocessor file for EEPROM_24LC64.c...
compiling EEPROM_24LC64.c...
creating preprocessor file for DrvI2C.c...
compiling DrvI2C.c...
creating preprocessor file for DrvSPI.c...
compiling DrvSPI.c...
creating preprocessor file for DrvSYS.c...
compiling DrvSYS.c...
creating preprocessor file for DrvUART.c...
compiling DrvUART.c...
creating preprocessor file for DrvGPIO.c...
compiling DrvGPIO.c...
creating preprocessor file for retarget.c...
compiling retarget.c...
linking...
Program Size: Code=4800 RO-data=264 RW-data=1616 ZI-data=1232  
User command #1: fromelf --bin ".\obj\Smpl_Start_Kit.axf" --output ".\obj\Smpl_Start_Kit.bin"
User command #2: fromelf --text -c ".\obj\Smpl_Start_Kit.axf" --output ".\obj\Smpl_Start_Kit.txt"
".\obj\Smpl_Start_Kit.axf" - 0 Error(s), 0 Warning(s).
Load "C:\\Nuvoton\\BSP Library\\NUC100SeriesBSP_CMSIS_v1.05.003\\NuvotonPlatform_Keil\\Sample\\NUC1xx-LB_002\\01_LabIntroTimer_S2\\obj\\Smpl_Start_Kit.AXF" 
Erase Done.
Programming Done.
Verify OK.
Rebuild target 'Smpl_Start_Kit'
creating preprocessor file for core_cm0.c...
compiling core_cm0.c...
creating preprocessor file for system_NUC1xx.c...
compiling system_NUC1xx.c...
assembling startup_NUC1xx.s...
creating preprocessor file for Smpl_Start_Kit.c...
compiling Smpl_Start_Kit.c...
creating preprocessor file for LCD_Driver.c...
compiling LCD_Driver.c...
creating preprocessor file for Ascii_Table.C...
compiling Ascii_Table.C...
creating preprocessor file for Seven_Segment.c...
compiling Seven_Segment.c...
creating preprocessor file for ScanKey.c...
compiling ScanKey.c...
creating preprocessor file for EEPROM_24LC64.c...
compiling EEPROM_24LC64.c...
creating preprocessor file for DrvI2C.c...
compiling DrvI2C.c...
creating preprocessor file for DrvSPI.c...
compiling DrvSPI.c...
creating preprocessor file for DrvSYS.c...
compiling DrvSYS.c...
creating preprocessor file for DrvUART.c...
compiling DrvUART.c...
creating preprocessor file for DrvGPIO.c...
compiling DrvGPIO.c...
creating preprocessor file for retarget.c...
compiling retarget.c...
linking...
Program Size: Code=4552 RO-data=264 RW-data=1616 ZI-data=1232  
User command #1: fromelf --bin ".\obj\Smpl_Start_Kit.axf" --output ".\obj\Smpl_Start_Kit.bin"
User command #2: fromelf --text -c ".\obj\Smpl_Start_Kit.axf" --output ".\obj\Smpl_Start_Kit.txt"
".\obj\Smpl_Start_Kit.axf" - 0 Error(s), 0 Warning(s).
Load "C:\\Nuvoton\\BSP Library\\NUC100SeriesBSP_CMSIS_v1.05.003\\NuvotonPlatform_Keil\\Sample\\NUC1xx-LB_002\\01_LabIntroTimer_S2\\obj\\Smpl_Start_Kit.AXF" 
Erase Done.
Programming Done.
Verify OK.
Rebuild target 'Smpl_Start_Kit'
creating preprocessor file for core_cm0.c...
compiling core_cm0.c...
creating preprocessor file for system_NUC1xx.c...
compiling system_NUC1xx.c...
assembling startup_NUC1xx.s...
creating preprocessor file for Smpl_Start_Kit.c...
compiling Smpl_Start_Kit.c...
creating preprocessor file for LCD_Driver.c...
compiling LCD_Driver.c...
creating preprocessor file for Ascii_Table.C...
compiling Ascii_Table.C...
creating preprocessor file for Seven_Segment.c...
compiling Seven_Segment.c...
creating preprocessor file for ScanKey.c...
compiling ScanKey.c...
creating preprocessor file for EEPROM_24LC64.c...
compiling EEPROM_24LC64.c...
creating preprocessor file for DrvI2C.c...
compiling DrvI2C.c...
creating preprocessor file for DrvSPI.c...
compiling DrvSPI.c...
creating preprocessor file for DrvSYS.c...
compiling DrvSYS.c...
creating preprocessor file for DrvUART.c...
compiling DrvUART.c...
creating preprocessor file for DrvGPIO.c...
compiling DrvGPIO.c...
creating preprocessor file for retarget.c...
compiling retarget.c...
linking...
Program Size: Code=4404 RO-data=264 RW-data=1616 ZI-data=1232  
User command #1: fromelf --bin ".\obj\Smpl_Start_Kit.axf" --output ".\obj\Smpl_Start_Kit.bin"
User command #2: fromelf --text -c ".\obj\Smpl_Start_Kit.axf" --output ".\obj\Smpl_Start_Kit.txt"
".\obj\Smpl_Start_Kit.axf" - 0 Error(s), 0 Warning(s).
Load "C:\\Nuvoton\\BSP Library\\NUC100SeriesBSP_CMSIS_v1.05.003\\NuvotonPlatform_Keil\\Sample\\NUC1xx-LB_002\\01_LabIntroTimer_S2\\obj\\Smpl_Start_Kit.AXF" 
Erase Done.
Programming Done.
Verify OK.
Rebuild target 'Smpl_Start_Kit'
creating preprocessor file for core_cm0.c...
compiling core_cm0.c...
creating preprocessor file for system_NUC1xx.c...
compiling system_NUC1xx.c...
assembling startup_NUC1xx.s...
creating preprocessor file for Smpl_Start_Kit.c...
compiling Smpl_Start_Kit.c...
creating preprocessor file for LCD_Driver.c...
compiling LCD_Driver.c...
creating preprocessor file for Ascii_Table.C...
compiling Ascii_Table.C...
creating preprocessor file for Seven_Segment.c...
compiling Seven_Segment.c...
creating preprocessor file for ScanKey.c...
compiling ScanKey.c...
creating preprocessor file for EEPROM_24LC64.c...
compiling EEPROM_24LC64.c...
creating preprocessor file for DrvI2C.c...
compiling DrvI2C.c...
creating preprocessor file for DrvSPI.c...
compiling DrvSPI.c...
creating preprocessor file for DrvSYS.c...
compiling DrvSYS.c...
creating preprocessor file for DrvUART.c...
compiling DrvUART.c...
creating preprocessor file for DrvGPIO.c...
compiling DrvGPIO.c...
creating preprocessor file for retarget.c...
compiling retarget.c...
linking...
Program Size: Code=4544 RO-data=264 RW-data=1616 ZI-data=1232  
User command #1: fromelf --bin ".\obj\Smpl_Start_Kit.axf" --output ".\obj\Smpl_Start_Kit.bin"
User command #2: fromelf --text -c ".\obj\Smpl_Start_Kit.axf" --output ".\obj\Smpl_Start_Kit.txt"
".\obj\Smpl_Start_Kit.axf" - 0 Error(s), 0 Warning(s).
Load "C:\\Nuvoton\\BSP Library\\NUC100SeriesBSP_CMSIS_v1.05.003\\NuvotonPlatform_Keil\\Sample\\NUC1xx-LB_002\\01_LabIntroTimer_S2\\obj\\Smpl_Start_Kit.AXF" 
Erase Done.
Programming Done.
Verify OK.
Rebuild target 'Smpl_Start_Kit'
creating preprocessor file for core_cm0.c...
compiling core_cm0.c...
creating preprocessor file for system_NUC1xx.c...
compiling system_NUC1xx.c...
assembling startup_NUC1xx.s...
creating preprocessor file for Smpl_Start_Kit.c...
compiling Smpl_Start_Kit.c...
creating preprocessor file for LCD_Driver.c...
compiling LCD_Driver.c...
creating preprocessor file for Ascii_Table.C...
compiling Ascii_Table.C...
creating preprocessor file for Seven_Segment.c...
compiling Seven_Segment.c...
creating preprocessor file for ScanKey.c...
compiling ScanKey.c...
creating preprocessor file for EEPROM_24LC64.c...
compiling EEPROM_24LC64.c...
creating preprocessor file for DrvI2C.c...
compiling DrvI2C.c...
creating preprocessor file for DrvSPI.c...
compiling DrvSPI.c...
creating preprocessor file for DrvSYS.c...
compiling DrvSYS.c...
creating preprocessor file for DrvUART.c...
compiling DrvUART.c...
creating preprocessor file for DrvGPIO.c...
compiling DrvGPIO.c...
creating preprocessor file for retarget.c...
compiling retarget.c...
linking...
Program Size: Code=4792 RO-data=264 RW-data=1616 ZI-data=1232  
User command #1: fromelf --bin ".\obj\Smpl_Start_Kit.axf" --output ".\obj\Smpl_Start_Kit.bin"
User command #2: fromelf --text -c ".\obj\Smpl_Start_Kit.axf" --output ".\obj\Smpl_Start_Kit.txt"
".\obj\Smpl_Start_Kit.axf" - 0 Error(s), 0 Warning(s).
Load "C:\\Nuvoton\\BSP Library\\NUC100SeriesBSP_CMSIS_v1.05.003\\NuvotonPlatform_Keil\\Sample\\NUC1xx-LB_002\\01_LabIntroTimer_S2\\obj\\Smpl_Start_Kit.AXF" 
Erase Done.
Programming Done.
Verify OK.
Rebuild target 'Smpl_Start_Kit'
creating preprocessor file for core_cm0.c...
compiling core_cm0.c...
creating preprocessor file for system_NUC1xx.c...
compiling system_NUC1xx.c...
assembling startup_NUC1xx.s...
creating preprocessor file for Smpl_Start_Kit.c...
compiling Smpl_Start_Kit.c...
creating preprocessor file for LCD_Driver.c...
compiling LCD_Driver.c...
creating preprocessor file for Ascii_Table.C...
compiling Ascii_Table.C...
creating preprocessor file for Seven_Segment.c...
compiling Seven_Segment.c...
creating preprocessor file for ScanKey.c...
compiling ScanKey.c...
creating preprocessor file for EEPROM_24LC64.c...
compiling EEPROM_24LC64.c...
creating preprocessor file for DrvI2C.c...
compiling DrvI2C.c...
creating preprocessor file for DrvSPI.c...
compiling DrvSPI.c...
creating preprocessor file for DrvSYS.c...
compiling DrvSYS.c...
creating preprocessor file for DrvUART.c...
compiling DrvUART.c...
creating preprocessor file for DrvGPIO.c...
compiling DrvGPIO.c...
creating preprocessor file for retarget.c...
compiling retarget.c...
linking...
Program Size: Code=4792 RO-data=264 RW-data=1616 ZI-data=1232  
User command #1: fromelf --bin ".\obj\Smpl_Start_Kit.axf" --output ".\obj\Smpl_Start_Kit.bin"
User command #2: fromelf --text -c ".\obj\Smpl_Start_Kit.axf" --output ".\obj\Smpl_Start_Kit.txt"
".\obj\Smpl_Start_Kit.axf" - 0 Error(s), 0 Warning(s).
Load "C:\\Nuvoton\\BSP Library\\NUC100SeriesBSP_CMSIS_v1.05.003\\NuvotonPlatform_Keil\\Sample\\NUC1xx-LB_002\\01_LabIntroTimer_S2\\obj\\Smpl_Start_Kit.AXF" 
Erase Done.
Programming Done.
Verify OK.
Rebuild target 'Smpl_Start_Kit'
creating preprocessor file for core_cm0.c...
compiling core_cm0.c...
creating preprocessor file for system_NUC1xx.c...
compiling system_NUC1xx.c...
assembling startup_NUC1xx.s...
creating preprocessor file for Smpl_Start_Kit.c...
compiling Smpl_Start_Kit.c...
creating preprocessor file for LCD_Driver.c...
compiling LCD_Driver.c...
creating preprocessor file for Ascii_Table.C...
compiling Ascii_Table.C...
creating preprocessor file for Seven_Segment.c...
compiling Seven_Segment.c...
creating preprocessor file for ScanKey.c...
compiling ScanKey.c...
creating preprocessor file for EEPROM_24LC64.c...
compiling EEPROM_24LC64.c...
creating preprocessor file for DrvI2C.c...
compiling DrvI2C.c...
creating preprocessor file for DrvSPI.c...
compiling DrvSPI.c...
creating preprocessor file for DrvSYS.c...
compiling DrvSYS.c...
creating preprocessor file for DrvUART.c...
compiling DrvUART.c...
creating preprocessor file for DrvGPIO.c...
compiling DrvGPIO.c...
creating preprocessor file for retarget.c...
compiling retarget.c...
linking...
Program Size: Code=4808 RO-data=264 RW-data=1616 ZI-data=1232  
User command #1: fromelf --bin ".\obj\Smpl_Start_Kit.axf" --output ".\obj\Smpl_Start_Kit.bin"
User command #2: fromelf --text -c ".\obj\Smpl_Start_Kit.axf" --output ".\obj\Smpl_Start_Kit.txt"
".\obj\Smpl_Start_Kit.axf" - 0 Error(s), 0 Warning(s).
Load "C:\\Nuvoton\\BSP Library\\NUC100SeriesBSP_CMSIS_v1.05.003\\NuvotonPlatform_Keil\\Sample\\NUC1xx-LB_002\\01_LabIntroTimer_S2\\obj\\Smpl_Start_Kit.AXF" 
Erase Done.
Programming Done.
Verify OK.
Rebuild target 'Smpl_Start_Kit'
creating preprocessor file for core_cm0.c...
compiling core_cm0.c...
creating preprocessor file for system_NUC1xx.c...
compiling system_NUC1xx.c...
assembling startup_NUC1xx.s...
creating preprocessor file for Smpl_Start_Kit.c...
compiling Smpl_Start_Kit.c...
creating preprocessor file for LCD_Driver.c...
compiling LCD_Driver.c...
creating preprocessor file for Ascii_Table.C...
compiling Ascii_Table.C...
creating preprocessor file for Seven_Segment.c...
compiling Seven_Segment.c...
creating preprocessor file for ScanKey.c...
compiling ScanKey.c...
creating preprocessor file for EEPROM_24LC64.c...
compiling EEPROM_24LC64.c...
creating preprocessor file for DrvI2C.c...
compiling DrvI2C.c...
creating preprocessor file for DrvSPI.c...
compiling DrvSPI.c...
creating preprocessor file for DrvSYS.c...
compiling DrvSYS.c...
creating preprocessor file for DrvUART.c...
compiling DrvUART.c...
creating preprocessor file for DrvGPIO.c...
compiling DrvGPIO.c...
creating preprocessor file for retarget.c...
compiling retarget.c...
linking...
Program Size: Code=4560 RO-data=264 RW-data=1616 ZI-data=1232  
User command #1: fromelf --bin ".\obj\Smpl_Start_Kit.axf" --output ".\obj\Smpl_Start_Kit.bin"
User command #2: fromelf --text -c ".\obj\Smpl_Start_Kit.axf" --output ".\obj\Smpl_Start_Kit.txt"
".\obj\Smpl_Start_Kit.axf" - 0 Error(s), 0 Warning(s).
Rebuild target 'Smpl_Start_Kit'
creating preprocessor file for core_cm0.c...
compiling core_cm0.c...
creating preprocessor file for system_NUC1xx.c...
compiling system_NUC1xx.c...
assembling startup_NUC1xx.s...
creating preprocessor file for Smpl_Start_Kit.c...
compiling Smpl_Start_Kit.c...
creating preprocessor file for LCD_Driver.c...
compiling LCD_Driver.c...
creating preprocessor file for Ascii_Table.C...
compiling Ascii_Table.C...
creating preprocessor file for Seven_Segment.c...
compiling Seven_Segment.c...
creating preprocessor file for ScanKey.c...
compiling ScanKey.c...
creating preprocessor file for EEPROM_24LC64.c...
compiling EEPROM_24LC64.c...
creating preprocessor file for DrvI2C.c...
compiling DrvI2C.c...
creating preprocessor file for DrvSPI.c...
compiling DrvSPI.c...
creating preprocessor file for DrvSYS.c...
compiling DrvSYS.c...
creating preprocessor file for DrvUART.c...
compiling DrvUART.c...
creating preprocessor file for DrvGPIO.c...
compiling DrvGPIO.c...
creating preprocessor file for retarget.c...
compiling retarget.c...
linking...
Program Size: Code=4800 RO-data=264 RW-data=1616 ZI-data=1232  
User command #1: fromelf --bin ".\obj\Smpl_Start_Kit.axf" --output ".\obj\Smpl_Start_Kit.bin"
User command #2: fromelf --text -c ".\obj\Smpl_Start_Kit.axf" --output ".\obj\Smpl_Start_Kit.txt"
".\obj\Smpl_Start_Kit.axf" - 0 Error(s), 0 Warning(s).
Rebuild target 'Smpl_Start_Kit'
creating preprocessor file for core_cm0.c...
compiling core_cm0.c...
creating preprocessor file for system_NUC1xx.c...
compiling system_NUC1xx.c...
assembling startup_NUC1xx.s...
creating preprocessor file for Smpl_Start_Kit.c...
compiling Smpl_Start_Kit.c...
creating preprocessor file for LCD_Driver.c...
compiling LCD_Driver.c...
creating preprocessor file for Ascii_Table.C...
compiling Ascii_Table.C...
creating preprocessor file for Seven_Segment.c...
compiling Seven_Segment.c...
creating preprocessor file for ScanKey.c...
compiling ScanKey.c...
creating preprocessor file for EEPROM_24LC64.c...
compiling EEPROM_24LC64.c...
creating preprocessor file for DrvI2C.c...
compiling DrvI2C.c...
creating preprocessor file for DrvSPI.c...
compiling DrvSPI.c...
creating preprocessor file for DrvSYS.c...
compiling DrvSYS.c...
creating preprocessor file for DrvUART.c...
compiling DrvUART.c...
creating preprocessor file for DrvGPIO.c...
compiling DrvGPIO.c...
creating preprocessor file for retarget.c...
compiling retarget.c...
linking...
Program Size: Code=4804 RO-data=264 RW-data=1616 ZI-data=1232  
User command #1: fromelf --bin ".\obj\Smpl_Start_Kit.axf" --output ".\obj\Smpl_Start_Kit.bin"
User command #2: fromelf --text -c ".\obj\Smpl_Start_Kit.axf" --output ".\obj\Smpl_Start_Kit.txt"
".\obj\Smpl_Start_Kit.axf" - 0 Error(s), 0 Warning(s).
Load "C:\\Nuvoton\\BSP Library\\NUC100SeriesBSP_CMSIS_v1.05.003\\NuvotonPlatform_Keil\\Sample\\NUC1xx-LB_002\\01_LabIntroTimer_S2\\obj\\Smpl_Start_Kit.AXF" 
Erase Done.
Programming Done.
Verify OK.
Rebuild target 'Smpl_Start_Kit'
creating preprocessor file for core_cm0.c...
compiling core_cm0.c...
creating preprocessor file for system_NUC1xx.c...
compiling system_NUC1xx.c...
assembling startup_NUC1xx.s...
creating preprocessor file for Smpl_Start_Kit.c...
compiling Smpl_Start_Kit.c...
creating preprocessor file for LCD_Driver.c...
compiling LCD_Driver.c...
creating preprocessor file for Ascii_Table.C...
compiling Ascii_Table.C...
creating preprocessor file for Seven_Segment.c...
compiling Seven_Segment.c...
creating preprocessor file for ScanKey.c...
compiling ScanKey.c...
creating preprocessor file for EEPROM_24LC64.c...
compiling EEPROM_24LC64.c...
creating preprocessor file for DrvI2C.c...
compiling DrvI2C.c...
creating preprocessor file for DrvSPI.c...
compiling DrvSPI.c...
creating preprocessor file for DrvSYS.c...
compiling DrvSYS.c...
creating preprocessor file for DrvUART.c...
compiling DrvUART.c...
creating preprocessor file for DrvGPIO.c...
compiling DrvGPIO.c...
creating preprocessor file for retarget.c...
compiling retarget.c...
linking...
Program Size: Code=4832 RO-data=264 RW-data=1616 ZI-data=1232  
User command #1: fromelf --bin ".\obj\Smpl_Start_Kit.axf" --output ".\obj\Smpl_Start_Kit.bin"
User command #2: fromelf --text -c ".\obj\Smpl_Start_Kit.axf" --output ".\obj\Smpl_Start_Kit.txt"
".\obj\Smpl_Start_Kit.axf" - 0 Error(s), 0 Warning(s).
Load "C:\\Nuvoton\\BSP Library\\NUC100SeriesBSP_CMSIS_v1.05.003\\NuvotonPlatform_Keil\\Sample\\NUC1xx-LB_002\\01_LabIntroTimer_S2\\obj\\Smpl_Start_Kit.AXF" 
Erase Done.
Programming Done.
Verify OK.
Rebuild target 'Smpl_Start_Kit'
creating preprocessor file for core_cm0.c...
compiling core_cm0.c...
creating preprocessor file for system_NUC1xx.c...
compiling system_NUC1xx.c...
assembling startup_NUC1xx.s...
creating preprocessor file for Smpl_Start_Kit.c...
compiling Smpl_Start_Kit.c...
creating preprocessor file for LCD_Driver.c...
compiling LCD_Driver.c...
creating preprocessor file for Ascii_Table.C...
compiling Ascii_Table.C...
creating preprocessor file for Seven_Segment.c...
compiling Seven_Segment.c...
creating preprocessor file for ScanKey.c...
compiling ScanKey.c...
creating preprocessor file for EEPROM_24LC64.c...
compiling EEPROM_24LC64.c...
creating preprocessor file for DrvI2C.c...
compiling DrvI2C.c...
creating preprocessor file for DrvSPI.c...
compiling DrvSPI.c...
creating preprocessor file for DrvSYS.c...
compiling DrvSYS.c...
creating preprocessor file for DrvUART.c...
compiling DrvUART.c...
creating preprocessor file for DrvGPIO.c...
compiling DrvGPIO.c...
creating preprocessor file for retarget.c...
compiling retarget.c...
linking...
Program Size: Code=4832 RO-data=264 RW-data=1616 ZI-data=1232  
User command #1: fromelf --bin ".\obj\Smpl_Start_Kit.axf" --output ".\obj\Smpl_Start_Kit.bin"
User command #2: fromelf --text -c ".\obj\Smpl_Start_Kit.axf" --output ".\obj\Smpl_Start_Kit.txt"
".\obj\Smpl_Start_Kit.axf" - 0 Error(s), 0 Warning(s).
Load "C:\\Nuvoton\\BSP Library\\NUC100SeriesBSP_CMSIS_v1.05.003\\NuvotonPlatform_Keil\\Sample\\NUC1xx-LB_002\\01_LabIntroTimer_S2\\obj\\Smpl_Start_Kit.AXF" 
Erase Done.
Programming Done.
Verify OK.
Rebuild target 'Smpl_Start_Kit'
creating preprocessor file for core_cm0.c...
compiling core_cm0.c...
creating preprocessor file for system_NUC1xx.c...
compiling system_NUC1xx.c...
assembling startup_NUC1xx.s...
creating preprocessor file for Smpl_Start_Kit.c...
compiling Smpl_Start_Kit.c...
creating preprocessor file for LCD_Driver.c...
compiling LCD_Driver.c...
creating preprocessor file for Ascii_Table.C...
compiling Ascii_Table.C...
creating preprocessor file for Seven_Segment.c...
compiling Seven_Segment.c...
creating preprocessor file for ScanKey.c...
compiling ScanKey.c...
creating preprocessor file for EEPROM_24LC64.c...
compiling EEPROM_24LC64.c...
creating preprocessor file for DrvI2C.c...
compiling DrvI2C.c...
creating preprocessor file for DrvSPI.c...
compiling DrvSPI.c...
creating preprocessor file for DrvSYS.c...
compiling DrvSYS.c...
creating preprocessor file for DrvUART.c...
compiling DrvUART.c...
creating preprocessor file for DrvGPIO.c...
compiling DrvGPIO.c...
creating preprocessor file for retarget.c...
compiling retarget.c...
linking...
Program Size: Code=4836 RO-data=264 RW-data=1616 ZI-data=1232  
User command #1: fromelf --bin ".\obj\Smpl_Start_Kit.axf" --output ".\obj\Smpl_Start_Kit.bin"
User command #2: fromelf --text -c ".\obj\Smpl_Start_Kit.axf" --output ".\obj\Smpl_Start_Kit.txt"
".\obj\Smpl_Start_Kit.axf" - 0 Error(s), 0 Warning(s).
Rebuild target 'Smpl_Start_Kit'
creating preprocessor file for core_cm0.c...
compiling core_cm0.c...
creating preprocessor file for system_NUC1xx.c...
compiling system_NUC1xx.c...
assembling startup_NUC1xx.s...
creating preprocessor file for Smpl_Start_Kit.c...
compiling Smpl_Start_Kit.c...
creating preprocessor file for LCD_Driver.c...
compiling LCD_Driver.c...
creating preprocessor file for Ascii_Table.C...
compiling Ascii_Table.C...
creating preprocessor file for Seven_Segment.c...
compiling Seven_Segment.c...
creating preprocessor file for ScanKey.c...
compiling ScanKey.c...
creating preprocessor file for EEPROM_24LC64.c...
compiling EEPROM_24LC64.c...
creating preprocessor file for DrvI2C.c...
compiling DrvI2C.c...
creating preprocessor file for DrvSPI.c...
compiling DrvSPI.c...
creating preprocessor file for DrvSYS.c...
compiling DrvSYS.c...
creating preprocessor file for DrvUART.c...
compiling DrvUART.c...
creating preprocessor file for DrvGPIO.c...
compiling DrvGPIO.c...
creating preprocessor file for retarget.c...
compiling retarget.c...
linking...
Program Size: Code=4836 RO-data=264 RW-data=1616 ZI-data=1232  
User command #1: fromelf --bin ".\obj\Smpl_Start_Kit.axf" --output ".\obj\Smpl_Start_Kit.bin"
User command #2: fromelf --text -c ".\obj\Smpl_Start_Kit.axf" --output ".\obj\Smpl_Start_Kit.txt"
".\obj\Smpl_Start_Kit.axf" - 0 Error(s), 0 Warning(s).
Load "C:\\Nuvoton\\BSP Library\\NUC100SeriesBSP_CMSIS_v1.05.003\\NuvotonPlatform_Keil\\Sample\\NUC1xx-LB_002\\01_LabIntroTimer_S2\\obj\\Smpl_Start_Kit.AXF" 
Erase Done.
Programming Done.
Verify OK.
Rebuild target 'Smpl_Start_Kit'
creating preprocessor file for core_cm0.c...
compiling core_cm0.c...
creating preprocessor file for system_NUC1xx.c...
compiling system_NUC1xx.c...
assembling startup_NUC1xx.s...
creating preprocessor file for Smpl_Start_Kit.c...
compiling Smpl_Start_Kit.c...
Smpl_Start_Kit.c(341): error:  #20: identifier "ut8_int" is undefined
creating preprocessor file for LCD_Driver.c...
compiling LCD_Driver.c...
creating preprocessor file for Ascii_Table.C...
compiling Ascii_Table.C...
creating preprocessor file for Seven_Segment.c...
compiling Seven_Segment.c...
creating preprocessor file for ScanKey.c...
compiling ScanKey.c...
creating preprocessor file for EEPROM_24LC64.c...
compiling EEPROM_24LC64.c...
creating preprocessor file for DrvI2C.c...
compiling DrvI2C.c...
creating preprocessor file for DrvSPI.c...
compiling DrvSPI.c...
creating preprocessor file for DrvSYS.c...
compiling DrvSYS.c...
creating preprocessor file for DrvUART.c...
compiling DrvUART.c...
creating preprocessor file for DrvGPIO.c...
compiling DrvGPIO.c...
creating preprocessor file for retarget.c...
compiling retarget.c...
Target not created
Rebuild target 'Smpl_Start_Kit'
creating preprocessor file for core_cm0.c...
compiling core_cm0.c...
creating preprocessor file for system_NUC1xx.c...
compiling system_NUC1xx.c...
assembling startup_NUC1xx.s...
creating preprocessor file for Smpl_Start_Kit.c...
compiling Smpl_Start_Kit.c...
creating preprocessor file for LCD_Driver.c...
compiling LCD_Driver.c...
creating preprocessor file for Ascii_Table.C...
compiling Ascii_Table.C...
creating preprocessor file for Seven_Segment.c...
compiling Seven_Segment.c...
creating preprocessor file for ScanKey.c...
compiling ScanKey.c...
creating preprocessor file for EEPROM_24LC64.c...
compiling EEPROM_24LC64.c...
creating preprocessor file for DrvI2C.c...
compiling DrvI2C.c...
creating preprocessor file for DrvSPI.c...
compiling DrvSPI.c...
creating preprocessor file for DrvSYS.c...
compiling DrvSYS.c...
creating preprocessor file for DrvUART.c...
compiling DrvUART.c...
creating preprocessor file for DrvGPIO.c...
compiling DrvGPIO.c...
creating preprocessor file for retarget.c...
compiling retarget.c...
linking...
Program Size: Code=4836 RO-data=264 RW-data=1616 ZI-data=1232  
User command #1: fromelf --bin ".\obj\Smpl_Start_Kit.axf" --output ".\obj\Smpl_Start_Kit.bin"
User command #2: fromelf --text -c ".\obj\Smpl_Start_Kit.axf" --output ".\obj\Smpl_Start_Kit.txt"
".\obj\Smpl_Start_Kit.axf" - 0 Error(s), 0 Warning(s).
Rebuild target 'Smpl_Start_Kit'
creating preprocessor file for core_cm0.c...
compiling core_cm0.c...
creating preprocessor file for system_NUC1xx.c...
compiling system_NUC1xx.c...
assembling startup_NUC1xx.s...
creating preprocessor file for Smpl_Start_Kit.c...
compiling Smpl_Start_Kit.c...
creating preprocessor file for LCD_Driver.c...
compiling LCD_Driver.c...
creating preprocessor file for Ascii_Table.C...
compiling Ascii_Table.C...
creating preprocessor file for Seven_Segment.c...
compiling Seven_Segment.c...
creating preprocessor file for ScanKey.c...
compiling ScanKey.c...
creating preprocessor file for EEPROM_24LC64.c...
compiling EEPROM_24LC64.c...
creating preprocessor file for DrvI2C.c...
compiling DrvI2C.c...
creating preprocessor file for DrvSPI.c...
compiling DrvSPI.c...
creating preprocessor file for DrvSYS.c...
compiling DrvSYS.c...
creating preprocessor file for DrvUART.c...
compiling DrvUART.c...
creating preprocessor file for DrvGPIO.c...
compiling DrvGPIO.c...
creating preprocessor file for retarget.c...
compiling retarget.c...
linking...
Program Size: Code=4836 RO-data=264 RW-data=1616 ZI-data=1232  
User command #1: fromelf --bin ".\obj\Smpl_Start_Kit.axf" --output ".\obj\Smpl_Start_Kit.bin"
User command #2: fromelf --text -c ".\obj\Smpl_Start_Kit.axf" --output ".\obj\Smpl_Start_Kit.txt"
".\obj\Smpl_Start_Kit.axf" - 0 Error(s), 0 Warning(s).
Rebuild target 'Smpl_Start_Kit'
creating preprocessor file for core_cm0.c...
compiling core_cm0.c...
creating preprocessor file for system_NUC1xx.c...
compiling system_NUC1xx.c...
assembling startup_NUC1xx.s...
creating preprocessor file for Smpl_Start_Kit.c...
compiling Smpl_Start_Kit.c...
creating preprocessor file for LCD_Driver.c...
compiling LCD_Driver.c...
creating preprocessor file for Ascii_Table.C...
compiling Ascii_Table.C...
creating preprocessor file for Seven_Segment.c...
compiling Seven_Segment.c...
creating preprocessor file for ScanKey.c...
compiling ScanKey.c...
creating preprocessor file for EEPROM_24LC64.c...
compiling EEPROM_24LC64.c...
creating preprocessor file for DrvI2C.c...
compiling DrvI2C.c...
creating preprocessor file for DrvSPI.c...
compiling DrvSPI.c...
creating preprocessor file for DrvSYS.c...
compiling DrvSYS.c...
creating preprocessor file for DrvUART.c...
compiling DrvUART.c...
creating preprocessor file for DrvGPIO.c...
compiling DrvGPIO.c...
creating preprocessor file for retarget.c...
compiling retarget.c...
linking...
Program Size: Code=4836 RO-data=264 RW-data=1616 ZI-data=1232  
User command #1: fromelf --bin ".\obj\Smpl_Start_Kit.axf" --output ".\obj\Smpl_Start_Kit.bin"
User command #2: fromelf --text -c ".\obj\Smpl_Start_Kit.axf" --output ".\obj\Smpl_Start_Kit.txt"
".\obj\Smpl_Start_Kit.axf" - 0 Error(s), 0 Warning(s).
Load "C:\\Nuvoton\\BSP Library\\NUC100SeriesBSP_CMSIS_v1.05.003\\NuvotonPlatform_Keil\\Sample\\NUC1xx-LB_002\\01_LabIntroTimer_S2\\obj\\Smpl_Start_Kit.AXF" 
Erase Done.
Programming Done.
Verify OK.
